
> test:api
> node scripts/run-test-api.cjs tests/api/abilityExecutor.test.js


$ node --test tests/api/*.test.js
TAP version 13
# [prisma] client non disponibile, uso stub in memoria DATABASE_URL non configurato
# unknown format "uri" ignored in schema at path "\#/properties/share_url/anyOf/1"
# unknown format "uri" ignored in schema at path "\#/properties/share_url/anyOf/1"
# [jobs] caricato /app/data/core/jobs.yaml: 8 base + 4 expansion = 12 job
# [plugin-loader] 8 plugins loaded: narrative, meta, tutorial, jobs, forms, progression, mutations, lineage
# [auth] nessun provider configurato: gli endpoint non sono protetti
# [trait-effects] 500 trait attivi caricati da /app/data/core/traits/active_effects.yaml
# [fairness] cap_pt_max=1 caricato da /app/data/packs.yaml
# [vc-scoring] telemetry config caricato: 6 indici, 4 MBTI, 9 Ennea
# [ai-profiles] caricato /app/packs/evo_tactics_pack/data/balance/ai_profiles.yaml: 7 profile, utility_brain ON: [aggressive, aggressive_with_stickiness, aggressive_sticky_30, aggressive_commit_window]
# [jobs] caricato /app/data/core/jobs.yaml: 8 base + 4 expansion = 12 job
# unknown format "uri" ignored in schema at path "\#/properties/share_url/anyOf/1"
# unknown format "uri" ignored in schema at path "\#/properties/share_url/anyOf/1"
# [jobs] caricato /app/data/core/jobs.yaml: 8 base + 4 expansion = 12 job
# [plugin-loader] 8 plugins loaded: narrative, meta, tutorial, jobs, forms, progression, mutations, lineage
# [auth] nessun provider configurato: gli endpoint non sono protetti
# [trait-effects] 500 trait attivi caricati da /app/data/core/traits/active_effects.yaml
# [fairness] cap_pt_max=1 caricato da /app/data/packs.yaml
# [vc-scoring] telemetry config caricato: 6 indici, 4 MBTI, 9 Ennea
# [ai-profiles] caricato /app/packs/evo_tactics_pack/data/balance/ai_profiles.yaml: 7 profile, utility_brain ON: [aggressive, aggressive_with_stickiness, aggressive_sticky_30, aggressive_commit_window]
# Subtest: dash_strike: move_attack end-to-end, AP decremented, event emitted
ok 1 - dash_strike: move_attack end-to-end, AP decremented, event emitted
  ---
  duration_ms: 1121.462993
  type: 'test'
  ...
# unknown format "uri" ignored in schema at path "\#/properties/share_url/anyOf/1"
# unknown format "uri" ignored in schema at path "\#/properties/share_url/anyOf/1"
# [jobs] caricato /app/data/core/jobs.yaml: 8 base + 4 expansion = 12 job
# [plugin-loader] 8 plugins loaded: narrative, meta, tutorial, jobs, forms, progression, mutations, lineage
# [auth] nessun provider configurato: gli endpoint non sono protetti
# [trait-effects] 500 trait attivi caricati da /app/data/core/traits/active_effects.yaml
# [fairness] cap_pt_max=1 caricato da /app/data/packs.yaml
# [vc-scoring] telemetry config caricato: 6 indici, 4 MBTI, 9 Ennea
# [ai-profiles] caricato /app/packs/evo_tactics_pack/data/balance/ai_profiles.yaml: 7 profile, utility_brain ON: [aggressive, aggressive_with_stickiness, aggressive_sticky_30, aggressive_commit_window]
# Subtest: evasive_maneuver: attack_move applica buff defense_mod 1 turno
ok 2 - evasive_maneuver: attack_move applica buff defense_mod 1 turno
  ---
  duration_ms: 557.472494
  type: 'test'
  ...
# unknown format "uri" ignored in schema at path "\#/properties/share_url/anyOf/1"
# unknown format "uri" ignored in schema at path "\#/properties/share_url/anyOf/1"
# [jobs] caricato /app/data/core/jobs.yaml: 8 base + 4 expansion = 12 job
# [plugin-loader] 8 plugins loaded: narrative, meta, tutorial, jobs, forms, progression, mutations, lineage
# [auth] nessun provider configurato: gli endpoint non sono protetti
# [trait-effects] 500 trait attivi caricati da /app/data/core/traits/active_effects.yaml
# [fairness] cap_pt_max=1 caricato da /app/data/packs.yaml
# [vc-scoring] telemetry config caricato: 6 indici, 4 MBTI, 9 Ennea
# [ai-profiles] caricato /app/packs/evo_tactics_pack/data/balance/ai_profiles.yaml: 7 profile, utility_brain ON: [aggressive, aggressive_with_stickiness, aggressive_sticky_30, aggressive_commit_window]
# Subtest: cost_ap enforcement: ability rigettata se AP insufficienti
ok 3 - cost_ap enforcement: ability rigettata se AP insufficienti
  ---
  duration_ms: 619.804395
  type: 'test'
  ...
# unknown format "uri" ignored in schema at path "\#/properties/share_url/anyOf/1"
# unknown format "uri" ignored in schema at path "\#/properties/share_url/anyOf/1"
# [jobs] caricato /app/data/core/jobs.yaml: 8 base + 4 expansion = 12 job
# [plugin-loader] 8 plugins loaded: narrative, meta, tutorial, jobs, forms, progression, mutations, lineage
# [auth] nessun provider configurato: gli endpoint non sono protetti
# [trait-effects] 500 trait attivi caricati da /app/data/core/traits/active_effects.yaml
# [fairness] cap_pt_max=1 caricato da /app/data/packs.yaml
# [vc-scoring] telemetry config caricato: 6 indici, 4 MBTI, 9 Ennea
# [ai-profiles] caricato /app/packs/evo_tactics_pack/data/balance/ai_profiles.yaml: 7 profile, utility_brain ON: [aggressive, aggressive_with_stickiness, aggressive_sticky_30, aggressive_commit_window]
# Subtest: ability_id sconosciuta → 400
ok 4 - ability_id sconosciuta → 400
  ---
  duration_ms: 312.55126
  type: 'test'
  ...
# unknown format "uri" ignored in schema at path "\#/properties/share_url/anyOf/1"
# unknown format "uri" ignored in schema at path "\#/properties/share_url/anyOf/1"
# [jobs] caricato /app/data/core/jobs.yaml: 8 base + 4 expansion = 12 job
# [plugin-loader] 8 plugins loaded: narrative, meta, tutorial, jobs, forms, progression, mutations, lineage
# [auth] nessun provider configurato: gli endpoint non sono protetti
# [trait-effects] 500 trait attivi caricati da /app/data/core/traits/active_effects.yaml
# [fairness] cap_pt_max=1 caricato da /app/data/packs.yaml
# [vc-scoring] telemetry config caricato: 6 indici, 4 MBTI, 9 Ennea
# [ai-profiles] caricato /app/packs/evo_tactics_pack/data/balance/ai_profiles.yaml: 7 profile, utility_brain ON: [aggressive, aggressive_with_stickiness, aggressive_sticky_30, aggressive_commit_window]
# Subtest: effect_type non supportato → 501 (sentinel test, ability sintetica unsupported_xyz)
ok 5 - effect_type non supportato → 501 (sentinel test, ability sintetica unsupported_xyz)
  ---
  duration_ms: 346.075318
  type: 'test'
  ...
# [jobs] caricato /app/data/core/jobs.yaml: 8 base + 4 expansion = 12 job
# unknown format "uri" ignored in schema at path "\#/properties/share_url/anyOf/1"
# unknown format "uri" ignored in schema at path "\#/properties/share_url/anyOf/1"
# [jobs] caricato /app/data/core/jobs.yaml: 8 base + 4 expansion = 12 job
# [plugin-loader] 8 plugins loaded: narrative, meta, tutorial, jobs, forms, progression, mutations, lineage
# [auth] nessun provider configurato: gli endpoint non sono protetti
# [trait-effects] 500 trait attivi caricati da /app/data/core/traits/active_effects.yaml
# [fairness] cap_pt_max=1 caricato da /app/data/packs.yaml
# [vc-scoring] telemetry config caricato: 6 indici, 4 MBTI, 9 Ennea
# [ai-profiles] caricato /app/packs/evo_tactics_pack/data/balance/ai_profiles.yaml: 7 profile, utility_brain ON: [aggressive, aggressive_with_stickiness, aggressive_sticky_30, aggressive_commit_window]
# Subtest: blade_flurry: multi_attack esegue fino a attack_count hit
ok 6 - blade_flurry: multi_attack esegue fino a attack_count hit
  ---
  duration_ms: 393.024102
  type: 'test'
  ...
# unknown format "uri" ignored in schema at path "\#/properties/share_url/anyOf/1"
# unknown format "uri" ignored in schema at path "\#/properties/share_url/anyOf/1"
# [jobs] caricato /app/data/core/jobs.yaml: 8 base + 4 expansion = 12 job
# [plugin-loader] 8 plugins loaded: narrative, meta, tutorial, jobs, forms, progression, mutations, lineage
# [auth] nessun provider configurato: gli endpoint non sono protetti
# [trait-effects] 500 trait attivi caricati da /app/data/core/traits/active_effects.yaml
# [fairness] cap_pt_max=1 caricato da /app/data/packs.yaml
# [vc-scoring] telemetry config caricato: 6 indici, 4 MBTI, 9 Ennea
# [ai-profiles] caricato /app/packs/evo_tactics_pack/data/balance/ai_profiles.yaml: 7 profile, utility_brain ON: [aggressive, aggressive_with_stickiness, aggressive_sticky_30, aggressive_commit_window]
# Subtest: shield_bash: attack_push applica sbilanciato + tenta push
ok 7 - shield_bash: attack_push applica sbilanciato + tenta push
  ---
  duration_ms: 658.315534
  type: 'test'
  ...
# unknown format "uri" ignored in schema at path "\#/properties/share_url/anyOf/1"
# unknown format "uri" ignored in schema at path "\#/properties/share_url/anyOf/1"
# [jobs] caricato /app/data/core/jobs.yaml: 8 base + 4 expansion = 12 job
# [plugin-loader] 8 plugins loaded: narrative, meta, tutorial, jobs, forms, progression, mutations, lineage
# [auth] nessun provider configurato: gli endpoint non sono protetti
# [trait-effects] 500 trait attivi caricati da /app/data/core/traits/active_effects.yaml
# [fairness] cap_pt_max=1 caricato da /app/data/packs.yaml
# [vc-scoring] telemetry config caricato: 6 indici, 4 MBTI, 9 Ennea
# [ai-profiles] caricato /app/packs/evo_tactics_pack/data/balance/ai_profiles.yaml: 7 profile, utility_brain ON: [aggressive, aggressive_with_stickiness, aggressive_sticky_30, aggressive_commit_window]
# Subtest: disrupt_field: debuff applica defense_mod_debuff + defense_mod_bonus
ok 8 - disrupt_field: debuff applica defense_mod_debuff + defense_mod_bonus
  ---
  duration_ms: 444.030146
  type: 'test'
  ...
# unknown format "uri" ignored in schema at path "\#/properties/share_url/anyOf/1"
# unknown format "uri" ignored in schema at path "\#/properties/share_url/anyOf/1"
# [jobs] caricato /app/data/core/jobs.yaml: 8 base + 4 expansion = 12 job
# [plugin-loader] 8 plugins loaded: narrative, meta, tutorial, jobs, forms, progression, mutations, lineage
# [auth] nessun provider configurato: gli endpoint non sono protetti
# [trait-effects] 500 trait attivi caricati da /app/data/core/traits/active_effects.yaml
# [fairness] cap_pt_max=1 caricato da /app/data/packs.yaml
# [vc-scoring] telemetry config caricato: 6 indici, 4 MBTI, 9 Ennea
# [ai-profiles] caricato /app/packs/evo_tactics_pack/data/balance/ai_profiles.yaml: 7 profile, utility_brain ON: [aggressive, aggressive_with_stickiness, aggressive_sticky_30, aggressive_commit_window]
# Subtest: focused_blast: ranged_attack con damage_step_mod +2
ok 9 - focused_blast: ranged_attack con damage_step_mod +2
  ---
  duration_ms: 408.220061
  type: 'test'
  ...
# unknown format "uri" ignored in schema at path "\#/properties/share_url/anyOf/1"
# unknown format "uri" ignored in schema at path "\#/properties/share_url/anyOf/1"
# [jobs] caricato /app/data/core/jobs.yaml: 8 base + 4 expansion = 12 job
# [plugin-loader] 8 plugins loaded: narrative, meta, tutorial, jobs, forms, progression, mutations, lineage
# [auth] nessun provider configurato: gli endpoint non sono protetti
# [trait-effects] 500 trait attivi caricati da /app/data/core/traits/active_effects.yaml
# [fairness] cap_pt_max=1 caricato da /app/data/packs.yaml
# [vc-scoring] telemetry config caricato: 6 indici, 4 MBTI, 9 Ennea
# [ai-profiles] caricato /app/packs/evo_tactics_pack/data/balance/ai_profiles.yaml: 7 profile, utility_brain ON: [aggressive, aggressive_with_stickiness, aggressive_sticky_30, aggressive_commit_window]
# Subtest: essence_drain: drain_attack cura actor per lifesteal_pct del damage
ok 10 - essence_drain: drain_attack cura actor per lifesteal_pct del damage
  ---
  duration_ms: 469.968297
  type: 'test'
  ...
# unknown format "uri" ignored in schema at path "\#/properties/share_url/anyOf/1"
# unknown format "uri" ignored in schema at path "\#/properties/share_url/anyOf/1"
# [jobs] caricato /app/data/core/jobs.yaml: 8 base + 4 expansion = 12 job
# [plugin-loader] 8 plugins loaded: narrative, meta, tutorial, jobs, forms, progression, mutations, lineage
# [auth] nessun provider configurato: gli endpoint non sono protetti
# [trait-effects] 500 trait attivi caricati da /app/data/core/traits/active_effects.yaml
# [fairness] cap_pt_max=1 caricato da /app/data/packs.yaml
# [vc-scoring] telemetry config caricato: 6 indici, 4 MBTI, 9 Ennea
# [ai-profiles] caricato /app/packs/evo_tactics_pack/data/balance/ai_profiles.yaml: 7 profile, utility_brain ON: [aggressive, aggressive_with_stickiness, aggressive_sticky_30, aggressive_commit_window]
# Subtest: kill_shot: execution_attack non triggera execute se target HP piena
ok 11 - kill_shot: execution_attack non triggera execute se target HP piena
  ---
  duration_ms: 274.264177
  type: 'test'
  ...
# unknown format "uri" ignored in schema at path "\#/properties/share_url/anyOf/1"
# unknown format "uri" ignored in schema at path "\#/properties/share_url/anyOf/1"
# [jobs] caricato /app/data/core/jobs.yaml: 8 base + 4 expansion = 12 job
# [plugin-loader] 8 plugins loaded: narrative, meta, tutorial, jobs, forms, progression, mutations, lineage
# [auth] nessun provider configurato: gli endpoint non sono protetti
# [trait-effects] 500 trait attivi caricati da /app/data/core/traits/active_effects.yaml
# [fairness] cap_pt_max=1 caricato da /app/data/packs.yaml
# [vc-scoring] telemetry config caricato: 6 indici, 4 MBTI, 9 Ennea
# [ai-profiles] caricato /app/packs/evo_tactics_pack/data/balance/ai_profiles.yaml: 7 profile, utility_brain ON: [aggressive, aggressive_with_stickiness, aggressive_sticky_30, aggressive_commit_window]
# Subtest: attack_mod_bonus bonifica roll in resolveAttack (hit rate sale)
ok 12 - attack_mod_bonus bonifica roll in resolveAttack (hit rate sale)
  ---
  duration_ms: 335.585931
  type: 'test'
  ...
# unknown format "uri" ignored in schema at path "\#/properties/share_url/anyOf/1"
# unknown format "uri" ignored in schema at path "\#/properties/share_url/anyOf/1"
# [jobs] caricato /app/data/core/jobs.yaml: 8 base + 4 expansion = 12 job
# [plugin-loader] 8 plugins loaded: narrative, meta, tutorial, jobs, forms, progression, mutations, lineage
# [auth] nessun provider configurato: gli endpoint non sono protetti
# [trait-effects] 500 trait attivi caricati da /app/data/core/traits/active_effects.yaml
# [fairness] cap_pt_max=1 caricato da /app/data/packs.yaml
# [vc-scoring] telemetry config caricato: 6 indici, 4 MBTI, 9 Ennea
# [ai-profiles] caricato /app/packs/evo_tactics_pack/data/balance/ai_profiles.yaml: 7 profile, utility_brain ON: [aggressive, aggressive_with_stickiness, aggressive_sticky_30, aggressive_commit_window]
# Subtest: defense_mod_bonus applicato su DC via predictCombat
ok 13 - defense_mod_bonus applicato su DC via predictCombat
  ---
  duration_ms: 287.622911
  type: 'test'
  ...
# unknown format "uri" ignored in schema at path "\#/properties/share_url/anyOf/1"
# unknown format "uri" ignored in schema at path "\#/properties/share_url/anyOf/1"
# [jobs] caricato /app/data/core/jobs.yaml: 8 base + 4 expansion = 12 job
# [plugin-loader] 8 plugins loaded: narrative, meta, tutorial, jobs, forms, progression, mutations, lineage
# [auth] nessun provider configurato: gli endpoint non sono protetti
# [trait-effects] 500 trait attivi caricati da /app/data/core/traits/active_effects.yaml
# [fairness] cap_pt_max=1 caricato da /app/data/packs.yaml
# [vc-scoring] telemetry config caricato: 6 indici, 4 MBTI, 9 Ennea
# [ai-profiles] caricato /app/packs/evo_tactics_pack/data/balance/ai_profiles.yaml: 7 profile, utility_brain ON: [aggressive, aggressive_with_stickiness, aggressive_sticky_30, aggressive_commit_window]
# Subtest: energy_barrier: shield assorbe damage in performAttack
ok 14 - energy_barrier: shield assorbe damage in performAttack
  ---
  duration_ms: 404.968278
  type: 'test'
  ...
# unknown format "uri" ignored in schema at path "\#/properties/share_url/anyOf/1"
# unknown format "uri" ignored in schema at path "\#/properties/share_url/anyOf/1"
# [jobs] caricato /app/data/core/jobs.yaml: 8 base + 4 expansion = 12 job
# [plugin-loader] 8 plugins loaded: narrative, meta, tutorial, jobs, forms, progression, mutations, lineage
# [auth] nessun provider configurato: gli endpoint non sono protetti
# [trait-effects] 500 trait attivi caricati da /app/data/core/traits/active_effects.yaml
# [fairness] cap_pt_max=1 caricato da /app/data/packs.yaml
# [vc-scoring] telemetry config caricato: 6 indici, 4 MBTI, 9 Ennea
# [ai-profiles] caricato /app/packs/evo_tactics_pack/data/balance/ai_profiles.yaml: 7 profile, utility_brain ON: [aggressive, aggressive_with_stickiness, aggressive_sticky_30, aggressive_commit_window]
# Subtest: resonance_amplifier: team_buff applica pp_grant a tutti gli alleati in range
ok 15 - resonance_amplifier: team_buff applica pp_grant a tutti gli alleati in range
  ---
  duration_ms: 412.831411
  type: 'test'
  ...
# unknown format "uri" ignored in schema at path "\#/properties/share_url/anyOf/1"
# unknown format "uri" ignored in schema at path "\#/properties/share_url/anyOf/1"
# [jobs] caricato /app/data/core/jobs.yaml: 8 base + 4 expansion = 12 job
# [plugin-loader] 8 plugins loaded: narrative, meta, tutorial, jobs, forms, progression, mutations, lineage
# [auth] nessun provider configurato: gli endpoint non sono protetti
# [trait-effects] 500 trait attivi caricati da /app/data/core/traits/active_effects.yaml
# [fairness] cap_pt_max=1 caricato da /app/data/packs.yaml
# [vc-scoring] telemetry config caricato: 6 indici, 4 MBTI, 9 Ennea
# [ai-profiles] caricato /app/packs/evo_tactics_pack/data/balance/ai_profiles.yaml: 7 profile, utility_brain ON: [aggressive, aggressive_with_stickiness, aggressive_sticky_30, aggressive_commit_window]
# Subtest: symbiotic_bloom: team_heal cura tutti gli alleati in range
ok 16 - symbiotic_bloom: team_heal cura tutti gli alleati in range
  ---
  duration_ms: 268.786075
  type: 'test'
  ...
# unknown format "uri" ignored in schema at path "\#/properties/share_url/anyOf/1"
# unknown format "uri" ignored in schema at path "\#/properties/share_url/anyOf/1"
# [jobs] caricato /app/data/core/jobs.yaml: 8 base + 4 expansion = 12 job
# [plugin-loader] 8 plugins loaded: narrative, meta, tutorial, jobs, forms, progression, mutations, lineage
# [auth] nessun provider configurato: gli endpoint non sono protetti
# [trait-effects] 500 trait attivi caricati da /app/data/core/traits/active_effects.yaml
# [fairness] cap_pt_max=1 caricato da /app/data/packs.yaml
# [vc-scoring] telemetry config caricato: 6 indici, 4 MBTI, 9 Ennea
# [ai-profiles] caricato /app/packs/evo_tactics_pack/data/balance/ai_profiles.yaml: 7 profile, utility_brain ON: [aggressive, aggressive_with_stickiness, aggressive_sticky_30, aggressive_commit_window]
# Subtest: sanctuary: aoe_buff applica defense_mod ai allies nell'area
ok 17 - sanctuary: aoe_buff applica defense_mod ai allies nell'area
  ---
  duration_ms: 249.540068
  type: 'test'
  ...
# unknown format "uri" ignored in schema at path "\#/properties/share_url/anyOf/1"
# unknown format "uri" ignored in schema at path "\#/properties/share_url/anyOf/1"
# [jobs] caricato /app/data/core/jobs.yaml: 8 base + 4 expansion = 12 job
# [plugin-loader] 8 plugins loaded: narrative, meta, tutorial, jobs, forms, progression, mutations, lineage
# [auth] nessun provider configurato: gli endpoint non sono protetti
# [trait-effects] 500 trait attivi caricati da /app/data/core/traits/active_effects.yaml
# [fairness] cap_pt_max=1 caricato da /app/data/packs.yaml
# [vc-scoring] telemetry config caricato: 6 indici, 4 MBTI, 9 Ennea
# [ai-profiles] caricato /app/packs/evo_tactics_pack/data/balance/ai_profiles.yaml: 7 profile, utility_brain ON: [aggressive, aggressive_with_stickiness, aggressive_sticky_30, aggressive_commit_window]
# Subtest: binding_field: aoe_debuff applica movement debuff agli enemy nell'area
ok 18 - binding_field: aoe_debuff applica movement debuff agli enemy nell'area
  ---
  duration_ms: 309.468879
  type: 'test'
  ...
# unknown format "uri" ignored in schema at path "\#/properties/share_url/anyOf/1"
# unknown format "uri" ignored in schema at path "\#/properties/share_url/anyOf/1"
# [jobs] caricato /app/data/core/jobs.yaml: 8 base + 4 expansion = 12 job
# [plugin-loader] 8 plugins loaded: narrative, meta, tutorial, jobs, forms, progression, mutations, lineage
# [auth] nessun provider configurato: gli endpoint non sono protetti
# [trait-effects] 500 trait attivi caricati da /app/data/core/traits/active_effects.yaml
# [fairness] cap_pt_max=1 caricato da /app/data/packs.yaml
# [vc-scoring] telemetry config caricato: 6 indici, 4 MBTI, 9 Ennea
# [ai-profiles] caricato /app/packs/evo_tactics_pack/data/balance/ai_profiles.yaml: 7 profile, utility_brain ON: [aggressive, aggressive_with_stickiness, aggressive_sticky_30, aggressive_commit_window]
# Subtest: cataclysm: surge_aoe danno area + stress_reset, shield-aware
ok 19 - cataclysm: surge_aoe danno area + stress_reset, shield-aware
  ---
  duration_ms: 294.324067
  type: 'test'
  ...
# unknown format "uri" ignored in schema at path "\#/properties/share_url/anyOf/1"
# unknown format "uri" ignored in schema at path "\#/properties/share_url/anyOf/1"
# [jobs] caricato /app/data/core/jobs.yaml: 8 base + 4 expansion = 12 job
# [plugin-loader] 8 plugins loaded: narrative, meta, tutorial, jobs, forms, progression, mutations, lineage
# [auth] nessun provider configurato: gli endpoint non sono protetti
# [trait-effects] 500 trait attivi caricati da /app/data/core/traits/active_effects.yaml
# [fairness] cap_pt_max=1 caricato da /app/data/packs.yaml
# [vc-scoring] telemetry config caricato: 6 indici, 4 MBTI, 9 Ennea
# [ai-profiles] caricato /app/packs/evo_tactics_pack/data/balance/ai_profiles.yaml: 7 profile, utility_brain ON: [aggressive, aggressive_with_stickiness, aggressive_sticky_30, aggressive_commit_window]
# Subtest: cataclysm surge_aoe: actor elevation 1 vs target 0 → multiplier 1.3 riportato
ok 20 - cataclysm surge_aoe: actor elevation 1 vs target 0 → multiplier 1.3 riportato
  ---
  duration_ms: 276.032203
  type: 'test'
  ...
# unknown format "uri" ignored in schema at path "\#/properties/share_url/anyOf/1"
# unknown format "uri" ignored in schema at path "\#/properties/share_url/anyOf/1"
# [jobs] caricato /app/data/core/jobs.yaml: 8 base + 4 expansion = 12 job
# [plugin-loader] 8 plugins loaded: narrative, meta, tutorial, jobs, forms, progression, mutations, lineage
# [auth] nessun provider configurato: gli endpoint non sono protetti
# [trait-effects] 500 trait attivi caricati da /app/data/core/traits/active_effects.yaml
# [fairness] cap_pt_max=1 caricato da /app/data/packs.yaml
# [vc-scoring] telemetry config caricato: 6 indici, 4 MBTI, 9 Ennea
# [ai-profiles] caricato /app/packs/evo_tactics_pack/data/balance/ai_profiles.yaml: 7 profile, utility_brain ON: [aggressive, aggressive_with_stickiness, aggressive_sticky_30, aggressive_commit_window]
# Subtest: overwatch_shot: reaction registra trigger su actor.reactions[]
ok 21 - overwatch_shot: reaction registra trigger su actor.reactions[]
  ---
  duration_ms: 289.034701
  type: 'test'
  ...
# unknown format "uri" ignored in schema at path "\#/properties/share_url/anyOf/1"
# unknown format "uri" ignored in schema at path "\#/properties/share_url/anyOf/1"
# [jobs] caricato /app/data/core/jobs.yaml: 8 base + 4 expansion = 12 job
# [plugin-loader] 8 plugins loaded: narrative, meta, tutorial, jobs, forms, progression, mutations, lineage
# [auth] nessun provider configurato: gli endpoint non sono protetti
# [trait-effects] 500 trait attivi caricati da /app/data/core/traits/active_effects.yaml
# [fairness] cap_pt_max=1 caricato da /app/data/packs.yaml
# [vc-scoring] telemetry config caricato: 6 indici, 4 MBTI, 9 Ennea
# [ai-profiles] caricato /app/packs/evo_tactics_pack/data/balance/ai_profiles.yaml: 7 profile, utility_brain ON: [aggressive, aggressive_with_stickiness, aggressive_sticky_30, aggressive_commit_window]
# unknown format "uri" ignored in schema at path "\#/properties/share_url/anyOf/1"
# unknown format "uri" ignored in schema at path "\#/properties/share_url/anyOf/1"
# [jobs] caricato /app/data/core/jobs.yaml: 8 base + 4 expansion = 12 job
# [plugin-loader] 8 plugins loaded: narrative, meta, tutorial, jobs, forms, progression, mutations, lineage
# [auth] nessun provider configurato: gli endpoint non sono protetti
# [trait-effects] 500 trait attivi caricati da /app/data/core/traits/active_effects.yaml
# [fairness] cap_pt_max=1 caricato da /app/data/packs.yaml
# [vc-scoring] telemetry config caricato: 6 indici, 4 MBTI, 9 Ennea
# [ai-profiles] caricato /app/packs/evo_tactics_pack/data/balance/ai_profiles.yaml: 7 profile, utility_brain ON: [aggressive, aggressive_with_stickiness, aggressive_sticky_30, aggressive_commit_window]
# Subtest: FRICTION \#6: effective_reach esposto in GET /api/jobs/:id per ogni ability
ok 22 - FRICTION \#6: effective_reach esposto in GET /api/jobs/:id per ogni ability
  ---
  duration_ms: 271.83455
  type: 'test'
  ...
# unknown format "uri" ignored in schema at path "\#/properties/share_url/anyOf/1"
# unknown format "uri" ignored in schema at path "\#/properties/share_url/anyOf/1"
# [jobs] caricato /app/data/core/jobs.yaml: 8 base + 4 expansion = 12 job
# [plugin-loader] 8 plugins loaded: narrative, meta, tutorial, jobs, forms, progression, mutations, lineage
# [auth] nessun provider configurato: gli endpoint non sono protetti
# [trait-effects] 500 trait attivi caricati da /app/data/core/traits/active_effects.yaml
# [fairness] cap_pt_max=1 caricato da /app/data/packs.yaml
# [vc-scoring] telemetry config caricato: 6 indici, 4 MBTI, 9 Ennea
# [ai-profiles] caricato /app/packs/evo_tactics_pack/data/balance/ai_profiles.yaml: 7 profile, utility_brain ON: [aggressive, aggressive_with_stickiness, aggressive_sticky_30, aggressive_commit_window]
# Subtest: FRICTION \#7: shield_bash default on_hit (miss → no push, no status)
ok 23 - FRICTION \#7: shield_bash default on_hit (miss → no push, no status)
  ---
  duration_ms: 644.873452
  type: 'test'
  ...
# unknown format "uri" ignored in schema at path "\#/properties/share_url/anyOf/1"
# unknown format "uri" ignored in schema at path "\#/properties/share_url/anyOf/1"
# [jobs] caricato /app/data/core/jobs.yaml: 8 base + 4 expansion = 12 job
# [plugin-loader] 8 plugins loaded: narrative, meta, tutorial, jobs, forms, progression, mutations, lineage
# [auth] nessun provider configurato: gli endpoint non sono protetti
# [trait-effects] 500 trait attivi caricati da /app/data/core/traits/active_effects.yaml
# [fairness] cap_pt_max=1 caricato da /app/data/packs.yaml
# [vc-scoring] telemetry config caricato: 6 indici, 4 MBTI, 9 Ennea
# [ai-profiles] caricato /app/packs/evo_tactics_pack/data/balance/ai_profiles.yaml: 7 profile, utility_brain ON: [aggressive, aggressive_with_stickiness, aggressive_sticky_30, aggressive_commit_window]
# Subtest: FRICTION \#7: ability con effect_trigger=always applica push + status anche su miss
ok 24 - FRICTION \#7: ability con effect_trigger=always applica push + status anche su miss
  ---
  duration_ms: 250.351222
  type: 'test'
  ...
# [jobs] caricato /app/data/core/jobs.yaml: 8 base + 4 expansion = 12 job
# unknown format "uri" ignored in schema at path "\#/properties/share_url/anyOf/1"
# unknown format "uri" ignored in schema at path "\#/properties/share_url/anyOf/1"
# [jobs] caricato /app/data/core/jobs.yaml: 8 base + 4 expansion = 12 job
# [plugin-loader] 8 plugins loaded: narrative, meta, tutorial, jobs, forms, progression, mutations, lineage
# [auth] nessun provider configurato: gli endpoint non sono protetti
# [trait-effects] 500 trait attivi caricati da /app/data/core/traits/active_effects.yaml
# [fairness] cap_pt_max=1 caricato da /app/data/packs.yaml
# [vc-scoring] telemetry config caricato: 6 indici, 4 MBTI, 9 Ennea
# [ai-profiles] caricato /app/packs/evo_tactics_pack/data/balance/ai_profiles.yaml: 7 profile, utility_brain ON: [aggressive, aggressive_with_stickiness, aggressive_sticky_30, aggressive_commit_window]
# Subtest: iter4 intercept: ally adjacent reroute damage to interceptor
ok 25 - iter4 intercept: ally adjacent reroute damage to interceptor
  ---
  duration_ms: 316.958871
  type: 'test'
  ...
# unknown format "uri" ignored in schema at path "\#/properties/share_url/anyOf/1"
# unknown format "uri" ignored in schema at path "\#/properties/share_url/anyOf/1"
# [jobs] caricato /app/data/core/jobs.yaml: 8 base + 4 expansion = 12 job
# [plugin-loader] 8 plugins loaded: narrative, meta, tutorial, jobs, forms, progression, mutations, lineage
# [auth] nessun provider configurato: gli endpoint non sono protetti
# [trait-effects] 500 trait attivi caricati da /app/data/core/traits/active_effects.yaml
# [fairness] cap_pt_max=1 caricato da /app/data/packs.yaml
# [vc-scoring] telemetry config caricato: 6 indici, 4 MBTI, 9 Ennea
# [ai-profiles] caricato /app/packs/evo_tactics_pack/data/balance/ai_profiles.yaml: 7 profile, utility_brain ON: [aggressive, aggressive_with_stickiness, aggressive_sticky_30, aggressive_commit_window]
# Subtest: iter4 overwatch_shot: mover entra IN range fires reaction (iter6 INTO semantics)
ok 26 - iter4 overwatch_shot: mover entra IN range fires reaction (iter6 INTO semantics)
  ---
  duration_ms: 281.551241
  type: 'test'
  ...
# unknown format "uri" ignored in schema at path "\#/properties/share_url/anyOf/1"
# unknown format "uri" ignored in schema at path "\#/properties/share_url/anyOf/1"
# [jobs] caricato /app/data/core/jobs.yaml: 8 base + 4 expansion = 12 job
# [plugin-loader] 8 plugins loaded: narrative, meta, tutorial, jobs, forms, progression, mutations, lineage
# [auth] nessun provider configurato: gli endpoint non sono protetti
# [trait-effects] 500 trait attivi caricati da /app/data/core/traits/active_effects.yaml
# [fairness] cap_pt_max=1 caricato da /app/data/packs.yaml
# [vc-scoring] telemetry config caricato: 6 indici, 4 MBTI, 9 Ennea
# [ai-profiles] caricato /app/packs/evo_tactics_pack/data/balance/ai_profiles.yaml: 7 profile, utility_brain ON: [aggressive, aggressive_with_stickiness, aggressive_sticky_30, aggressive_commit_window]
# Subtest: iter4 no reaction armed: damage applies normalmente
ok 27 - iter4 no reaction armed: damage applies normalmente
  ---
  duration_ms: 249.952526
  type: 'test'
  ...
# unknown format "uri" ignored in schema at path "\#/properties/share_url/anyOf/1"
# unknown format "uri" ignored in schema at path "\#/properties/share_url/anyOf/1"
# [jobs] caricato /app/data/core/jobs.yaml: 8 base + 4 expansion = 12 job
# [plugin-loader] 8 plugins loaded: narrative, meta, tutorial, jobs, forms, progression, mutations, lineage
# [auth] nessun provider configurato: gli endpoint non sono protetti
# [trait-effects] 500 trait attivi caricati da /app/data/core/traits/active_effects.yaml
# [fairness] cap_pt_max=1 caricato da /app/data/packs.yaml
# [vc-scoring] telemetry config caricato: 6 indici, 4 MBTI, 9 Ennea
# [ai-profiles] caricato /app/packs/evo_tactics_pack/data/balance/ai_profiles.yaml: 7 profile, utility_brain ON: [aggressive, aggressive_with_stickiness, aggressive_sticky_30, aggressive_commit_window]
# Subtest: iter6 \#1: interceptor death triggers kill + assist event chain
ok 28 - iter6 \#1: interceptor death triggers kill + assist event chain
  ---
  duration_ms: 335.041199
  type: 'test'
  ...
# unknown format "uri" ignored in schema at path "\#/properties/share_url/anyOf/1"
# unknown format "uri" ignored in schema at path "\#/properties/share_url/anyOf/1"
# [jobs] caricato /app/data/core/jobs.yaml: 8 base + 4 expansion = 12 job
# [plugin-loader] 8 plugins loaded: narrative, meta, tutorial, jobs, forms, progression, mutations, lineage
# [auth] nessun provider configurato: gli endpoint non sono protetti
# [trait-effects] 500 trait attivi caricati da /app/data/core/traits/active_effects.yaml
# [fairness] cap_pt_max=1 caricato da /app/data/packs.yaml
# [vc-scoring] telemetry config caricato: 6 indici, 4 MBTI, 9 Ennea
# [ai-profiles] caricato /app/packs/evo_tactics_pack/data/balance/ai_profiles.yaml: 7 profile, utility_brain ON: [aggressive, aggressive_with_stickiness, aggressive_sticky_30, aggressive_commit_window]
# Subtest: iter6 \#2: overwatch NOT fires se mover stays in range (no INTO)
ok 29 - iter6 \#2: overwatch NOT fires se mover stays in range (no INTO)
  ---
  duration_ms: 303.566883
  type: 'test'
  ...
# unknown format "uri" ignored in schema at path "\#/properties/share_url/anyOf/1"
# unknown format "uri" ignored in schema at path "\#/properties/share_url/anyOf/1"
# [jobs] caricato /app/data/core/jobs.yaml: 8 base + 4 expansion = 12 job
# [plugin-loader] 8 plugins loaded: narrative, meta, tutorial, jobs, forms, progression, mutations, lineage
# [auth] nessun provider configurato: gli endpoint non sono protetti
# [trait-effects] 500 trait attivi caricati da /app/data/core/traits/active_effects.yaml
# [fairness] cap_pt_max=1 caricato da /app/data/packs.yaml
# [vc-scoring] telemetry config caricato: 6 indici, 4 MBTI, 9 Ennea
# [ai-profiles] caricato /app/packs/evo_tactics_pack/data/balance/ai_profiles.yaml: 7 profile, utility_brain ON: [aggressive, aggressive_with_stickiness, aggressive_sticky_30, aggressive_commit_window]
# Subtest: iter6 \#3: aggro_warning quando player taunted attacca non-source
ok 30 - iter6 \#3: aggro_warning quando player taunted attacca non-source
  ---
  duration_ms: 540.469312
  type: 'test'
  ...
# [jobs] caricato /app/data/core/jobs.yaml: 8 base + 4 expansion = 12 job
# unknown format "uri" ignored in schema at path "\#/properties/share_url/anyOf/1"
# unknown format "uri" ignored in schema at path "\#/properties/share_url/anyOf/1"
# [jobs] caricato /app/data/core/jobs.yaml: 8 base + 4 expansion = 12 job
# [plugin-loader] 8 plugins loaded: narrative, meta, tutorial, jobs, forms, progression, mutations, lineage
# [auth] nessun provider configurato: gli endpoint non sono protetti
# [trait-effects] 500 trait attivi caricati da /app/data/core/traits/active_effects.yaml
# [fairness] cap_pt_max=1 caricato da /app/data/packs.yaml
# [vc-scoring] telemetry config caricato: 6 indici, 4 MBTI, 9 Ennea
# [ai-profiles] caricato /app/packs/evo_tactics_pack/data/balance/ai_profiles.yaml: 7 profile, utility_brain ON: [aggressive, aggressive_with_stickiness, aggressive_sticky_30, aggressive_commit_window]
# Subtest: iter6 \#4: reaction cap = 1 (re-arm sostituisce previous)
ok 31 - iter6 \#4: reaction cap = 1 (re-arm sostituisce previous)
  ---
  duration_ms: 439.057097
  type: 'test'
  ...
# unknown format "uri" ignored in schema at path "\#/properties/share_url/anyOf/1"
# unknown format "uri" ignored in schema at path "\#/properties/share_url/anyOf/1"
# [jobs] caricato /app/data/core/jobs.yaml: 8 base + 4 expansion = 12 job
# [plugin-loader] 8 plugins loaded: narrative, meta, tutorial, jobs, forms, progression, mutations, lineage
# [auth] nessun provider configurato: gli endpoint non sono protetti
# [trait-effects] 500 trait attivi caricati da /app/data/core/traits/active_effects.yaml
# [fairness] cap_pt_max=1 caricato da /app/data/packs.yaml
# [vc-scoring] telemetry config caricato: 6 indici, 4 MBTI, 9 Ennea
# [ai-profiles] caricato /app/packs/evo_tactics_pack/data/balance/ai_profiles.yaml: 7 profile, utility_brain ON: [aggressive, aggressive_with_stickiness, aggressive_sticky_30, aggressive_commit_window]
# Subtest: iter5 taunt: aggro_pull applica defense buff + aggro_locked su target
ok 32 - iter5 taunt: aggro_pull applica defense buff + aggro_locked su target
  ---
  duration_ms: 447.763171
  type: 'test'
  ...
# Subtest: iter5 declareSistemaIntents respect aggro_locked → target = aggro_source
ok 33 - iter5 declareSistemaIntents respect aggro_locked → target = aggro_source
  ---
  duration_ms: 1.810062
  type: 'test'
  ...
# Subtest: iter5 senza aggro_locked, AI sceglie lowest-hp normale (regression)
ok 34 - iter5 senza aggro_locked, AI sceglie lowest-hp normale (regression)
  ---
  duration_ms: 0.601366
  type: 'test'
  ...
# unknown format "uri" ignored in schema at path "\#/properties/share_url/anyOf/1"
# unknown format "uri" ignored in schema at path "\#/properties/share_url/anyOf/1"
# [jobs] caricato /app/data/core/jobs.yaml: 8 base + 4 expansion = 12 job
# [plugin-loader] 8 plugins loaded: narrative, meta, tutorial, jobs, forms, progression, mutations, lineage
# [auth] nessun provider configurato: gli endpoint non sono protetti
# [trait-effects] 500 trait attivi caricati da /app/data/core/traits/active_effects.yaml
# [fairness] cap_pt_max=1 caricato da /app/data/packs.yaml
# [vc-scoring] telemetry config caricato: 6 indici, 4 MBTI, 9 Ennea
# [ai-profiles] caricato /app/packs/evo_tactics_pack/data/balance/ai_profiles.yaml: 7 profile, utility_brain ON: [aggressive, aggressive_with_stickiness, aggressive_sticky_30, aggressive_commit_window]
# Subtest: Sprint 8.1 dervish_whirlwind (r4 multi_attack): dispatch via skirmisher path
ok 35 - Sprint 8.1 dervish_whirlwind (r4 multi_attack): dispatch via skirmisher path
  ---
  duration_ms: 498.768296
  type: 'test'
  ...
# unknown format "uri" ignored in schema at path "\#/properties/share_url/anyOf/1"
# unknown format "uri" ignored in schema at path "\#/properties/share_url/anyOf/1"
# [jobs] caricato /app/data/core/jobs.yaml: 8 base + 4 expansion = 12 job
# [plugin-loader] 8 plugins loaded: narrative, meta, tutorial, jobs, forms, progression, mutations, lineage
# [auth] nessun provider configurato: gli endpoint non sono protetti
# [trait-effects] 500 trait attivi caricati da /app/data/core/traits/active_effects.yaml
# [fairness] cap_pt_max=1 caricato da /app/data/packs.yaml
# [vc-scoring] telemetry config caricato: 6 indici, 4 MBTI, 9 Ennea
# [ai-profiles] caricato /app/packs/evo_tactics_pack/data/balance/ai_profiles.yaml: 7 profile, utility_brain ON: [aggressive, aggressive_with_stickiness, aggressive_sticky_30, aggressive_commit_window]
# Subtest: Sprint 8.1 headshot (r4 execution_attack): dispatch via ranger path + execute branch
ok 36 - Sprint 8.1 headshot (r4 execution_attack): dispatch via ranger path + execute branch
  ---
  duration_ms: 460.812082
  type: 'test'
  ...
# unknown format "uri" ignored in schema at path "\#/properties/share_url/anyOf/1"
# unknown format "uri" ignored in schema at path "\#/properties/share_url/anyOf/1"
# [jobs] caricato /app/data/core/jobs.yaml: 8 base + 4 expansion = 12 job
# [plugin-loader] 8 plugins loaded: narrative, meta, tutorial, jobs, forms, progression, mutations, lineage
# [auth] nessun provider configurato: gli endpoint non sono protetti
# [trait-effects] 500 trait attivi caricati da /app/data/core/traits/active_effects.yaml
# [fairness] cap_pt_max=1 caricato da /app/data/packs.yaml
# [vc-scoring] telemetry config caricato: 6 indici, 4 MBTI, 9 Ennea
# [ai-profiles] caricato /app/packs/evo_tactics_pack/data/balance/ai_profiles.yaml: 7 profile, utility_brain ON: [aggressive, aggressive_with_stickiness, aggressive_sticky_30, aggressive_commit_window]
# Subtest: Sprint 8.1 apocalypse_ray (r4 surge_aoe): dispatch via invoker path + stress_reset 0
ok 37 - Sprint 8.1 apocalypse_ray (r4 surge_aoe): dispatch via invoker path + stress_reset 0
  ---
  duration_ms: 475.155582
  type: 'test'
  ...
# unknown format "uri" ignored in schema at path "\#/properties/share_url/anyOf/1"
# unknown format "uri" ignored in schema at path "\#/properties/share_url/anyOf/1"
# [jobs] caricato /app/data/core/jobs.yaml: 8 base + 4 expansion = 12 job
# [plugin-loader] 8 plugins loaded: narrative, meta, tutorial, jobs, forms, progression, mutations, lineage
# [auth] nessun provider configurato: gli endpoint non sono protetti
# [trait-effects] 500 trait attivi caricati da /app/data/core/traits/active_effects.yaml
# [fairness] cap_pt_max=1 caricato da /app/data/packs.yaml
# [vc-scoring] telemetry config caricato: 6 indici, 4 MBTI, 9 Ennea
# [ai-profiles] caricato /app/packs/evo_tactics_pack/data/balance/ai_profiles.yaml: 7 profile, utility_brain ON: [aggressive, aggressive_with_stickiness, aggressive_sticky_30, aggressive_commit_window]
# Subtest: Sprint 8.1 lifegrove (r4 team_heal): dispatch via harvester path + remove_status
ok 38 - Sprint 8.1 lifegrove (r4 team_heal): dispatch via harvester path + remove_status
  ---
  duration_ms: 387.85777
  type: 'test'
  ...
# unknown format "uri" ignored in schema at path "\#/properties/share_url/anyOf/1"
# unknown format "uri" ignored in schema at path "\#/properties/share_url/anyOf/1"
# [jobs] caricato /app/data/core/jobs.yaml: 8 base + 4 expansion = 12 job
# [plugin-loader] 8 plugins loaded: narrative, meta, tutorial, jobs, forms, progression, mutations, lineage
# [auth] nessun provider configurato: gli endpoint non sono protetti
# [trait-effects] 500 trait attivi caricati da /app/data/core/traits/active_effects.yaml
# [fairness] cap_pt_max=1 caricato da /app/data/packs.yaml
# [vc-scoring] telemetry config caricato: 6 indici, 4 MBTI, 9 Ennea
# [ai-profiles] caricato /app/packs/evo_tactics_pack/data/balance/ai_profiles.yaml: 7 profile, utility_brain ON: [aggressive, aggressive_with_stickiness, aggressive_sticky_30, aggressive_commit_window]
# Subtest: Sprint 8.1 shadow_assassinate (Stalker r4 expansion execution_attack): dispatch end-to-end
ok 39 - Sprint 8.1 shadow_assassinate (Stalker r4 expansion execution_attack): dispatch end-to-end
  ---
  duration_ms: 430.766628
  type: 'test'
  ...
# unknown format "uri" ignored in schema at path "\#/properties/share_url/anyOf/1"
# unknown format "uri" ignored in schema at path "\#/properties/share_url/anyOf/1"
# [jobs] caricato /app/data/core/jobs.yaml: 8 base + 4 expansion = 12 job
# [plugin-loader] 8 plugins loaded: narrative, meta, tutorial, jobs, forms, progression, mutations, lineage
# [auth] nessun provider configurato: gli endpoint non sono protetti
# [trait-effects] 500 trait attivi caricati da /app/data/core/traits/active_effects.yaml
# [fairness] cap_pt_max=1 caricato da /app/data/packs.yaml
# [vc-scoring] telemetry config caricato: 6 indici, 4 MBTI, 9 Ennea
# [ai-profiles] caricato /app/packs/evo_tactics_pack/data/balance/ai_profiles.yaml: 7 profile, utility_brain ON: [aggressive, aggressive_with_stickiness, aggressive_sticky_30, aggressive_commit_window]
# Subtest: Sprint 8 phantom_step (r3 move_attack): dispatch end-to-end via existing executor
ok 40 - Sprint 8 phantom_step (r3 move_attack): dispatch end-to-end via existing executor
  ---
  duration_ms: 441.077832
  type: 'test'
  ...
# Subtest: raw event persistito con action_type=ability + ability_id
ok 41 - raw event persistito con action_type=ability + ability_id
  ---
  duration_ms: 254.45832
  type: 'test'
  ...
# [jwtAuth] AUTH_SECRET missing or too short (<16 chars); using dev fallback. NOT FOR PRODUCTION.
# {"component":"lobby-service","event":"create","ts":1778984688961,"code":"RCNJ","host_id":"p_d97a0a6d3349","host_name":"Alice","max_players":8,"campaign_id":null}
# {"component":"lobby-service","event":"create","ts":1778984688963,"code":"SFDF","host_id":"p_16983bf632df","host_name":"Alice","max_players":8,"campaign_id":null}
# {"component":"lobby-service","event":"create","ts":1778984688969,"code":"JNMF","host_id":"p_dad9f14986ad","host_name":"Alice","max_players":8,"campaign_id":null}
# {"component":"lobby-service","event":"join","ts":1778984688970,"code":"JNMF","player_id":"p_4054c6ea099b","player_name":"Bob","player_count":2}
# Subtest: B2-1: default grace = 90_000ms (90s) — bumped from 30s for mobile cross-device
ok 42 - B2-1: default grace = 90_000ms (90s) — bumped from 30s for mobile cross-device
  ---
  duration_ms: 5.938336
  type: 'test'
  ...
# Subtest: B2-2: per-room hostTransferGraceMs override applied
ok 43 - B2-2: per-room hostTransferGraceMs override applied
  ---
  duration_ms: 1.145285
  type: 'test'
  ...
# {"component":"lobby-service","event":"create","ts":1778984689365,"code":"HFGM","host_id":"p_d0419ef41a17","host_name":"Alice","max_players":8,"campaign_id":null}
# {"component":"lobby-service","event":"join","ts":1778984689366,"code":"HFGM","player_id":"p_eeaa6e2399f7","player_name":"Bob","player_count":2}
# {"component":"lobby-service","event":"join","ts":1778984689366,"code":"HFGM","player_id":"p_032e4e54464b","player_name":"Carol","player_count":3}
# Subtest: Airplane-1: host drop + reconnect WITHIN grace window → host preserved, no transfer
ok 44 - Airplane-1: host drop + reconnect WITHIN grace window → host preserved, no transfer
  ---
  duration_ms: 398.865592
  type: 'test'
  ...
# {"component":"lobby-service","event":"host_grace_fire_transfer","ts":1778984689501,"code":"HFGM","prev_host_id":"p_d0419ef41a17","new_host_id":"p_eeaa6e2399f7"}
# {"component":"lobby-service","event":"create","ts":1778984689512,"code":"NTBQ","host_id":"p_bc82da3ada72","host_name":"Alice","max_players":8,"campaign_id":null}
# Subtest: Airplane-2: host drop + grace expires → host_transferred fires, oldest player promoted
ok 45 - Airplane-2: host drop + grace expires → host_transferred fires, oldest player promoted
  ---
  duration_ms: 139.797301
  type: 'test'
  ...
# {"component":"lobby-service","event":"host_grace_fire_close","ts":1778984689616,"code":"HFGM","prev_host_id":"p_eeaa6e2399f7","reason":"no_candidate"}
# {"component":"lobby-service","event":"room_close","ts":1778984689617,"code":"HFGM","reason":"host_dropped_no_candidate","player_count":3}
# {"component":"lobby-service","event":"host_grace_fire_close","ts":1778984689620,"code":"NTBQ","prev_host_id":"p_bc82da3ada72","reason":"no_candidate"}
# {"component":"lobby-service","event":"room_close","ts":1778984689620,"code":"NTBQ","reason":"host_dropped_no_candidate","player_count":1}
# {"component":"lobby-service","event":"host_grace_fire_close","ts":1778984689627,"code":"JNMF","prev_host_id":"p_dad9f14986ad","reason":"no_candidate"}
# {"component":"lobby-service","event":"room_close","ts":1778984689627,"code":"JNMF","reason":"host_dropped_no_candidate","player_count":2}
# Subtest: Airplane-3: solo host (no candidates) drop + grace expires → room closed fallback
ok 46 - Airplane-3: solo host (no candidates) drop + grace expires → room closed fallback
  ---
  duration_ms: 219.328074
  type: 'test'
  ...
# [prisma] client non disponibile, uso stub in memoria DATABASE_URL non configurato
# unknown format "uri" ignored in schema at path "\#/properties/share_url/anyOf/1"
# unknown format "uri" ignored in schema at path "\#/properties/share_url/anyOf/1"
# [jobs] caricato /app/data/core/jobs.yaml: 8 base + 4 expansion = 12 job
# [plugin-loader] 8 plugins loaded: narrative, meta, tutorial, jobs, forms, progression, mutations, lineage
# [auth] nessun provider configurato: gli endpoint non sono protetti
# [trait-effects] 500 trait attivi caricati da /app/data/core/traits/active_effects.yaml
# [fairness] cap_pt_max=1 caricato da /app/data/packs.yaml
# [vc-scoring] telemetry config caricato: 6 indici, 4 MBTI, 9 Ennea
# [ai-profiles] caricato /app/packs/evo_tactics_pack/data/balance/ai_profiles.yaml: 7 profile, utility_brain ON: [aggressive, aggressive_with_stickiness, aggressive_sticky_30, aggressive_commit_window]
# unknown format "uri" ignored in schema at path "\#/properties/share_url/anyOf/1"
# unknown format "uri" ignored in schema at path "\#/properties/share_url/anyOf/1"
# [jobs] caricato /app/data/core/jobs.yaml: 8 base + 4 expansion = 12 job
# [plugin-loader] 8 plugins loaded: narrative, meta, tutorial, jobs, forms, progression, mutations, lineage
# [auth] nessun provider configurato: gli endpoint non sono protetti
# [trait-effects] 500 trait attivi caricati da /app/data/core/traits/active_effects.yaml
# [fairness] cap_pt_max=1 caricato da /app/data/packs.yaml
# [vc-scoring] telemetry config caricato: 6 indici, 4 MBTI, 9 Ennea
# [ai-profiles] caricato /app/packs/evo_tactics_pack/data/balance/ai_profiles.yaml: 7 profile, utility_brain ON: [aggressive, aggressive_with_stickiness, aggressive_sticky_30, aggressive_commit_window]
# Subtest: AP budget: player con ap_max=2 può fare 2 attack nello stesso turno
ok 47 - AP budget: player con ap_max=2 può fare 2 attack nello stesso turno
  ---
  duration_ms: 1105.073728
  type: 'test'
  ...
# unknown format "uri" ignored in schema at path "\#/properties/share_url/anyOf/1"
# unknown format "uri" ignored in schema at path "\#/properties/share_url/anyOf/1"
# [jobs] caricato /app/data/core/jobs.yaml: 8 base + 4 expansion = 12 job
# [plugin-loader] 8 plugins loaded: narrative, meta, tutorial, jobs, forms, progression, mutations, lineage
# [auth] nessun provider configurato: gli endpoint non sono protetti
# [trait-effects] 500 trait attivi caricati da /app/data/core/traits/active_effects.yaml
# [fairness] cap_pt_max=1 caricato da /app/data/packs.yaml
# [vc-scoring] telemetry config caricato: 6 indici, 4 MBTI, 9 Ennea
# [ai-profiles] caricato /app/packs/evo_tactics_pack/data/balance/ai_profiles.yaml: 7 profile, utility_brain ON: [aggressive, aggressive_with_stickiness, aggressive_sticky_30, aggressive_commit_window]
# Subtest: AP budget: attack rigettato quando ap_remaining=0
ok 48 - AP budget: attack rigettato quando ap_remaining=0
  ---
  duration_ms: 699.73294
  type: 'test'
  ...
# Subtest: AP budget: move di N celle costa N AP (Manhattan)
ok 49 - AP budget: move di N celle costa N AP (Manhattan)
  ---
  duration_ms: 627.469052
  type: 'test'
  ...
# [prisma] client non disponibile, uso stub in memoria DATABASE_URL non configurato
# unknown format "uri" ignored in schema at path "\#/properties/share_url/anyOf/1"
# unknown format "uri" ignored in schema at path "\#/properties/share_url/anyOf/1"
# [jobs] caricato /app/data/core/jobs.yaml: 8 base + 4 expansion = 12 job
# [plugin-loader] 8 plugins loaded: narrative, meta, tutorial, jobs, forms, progression, mutations, lineage
# [auth] nessun provider configurato: gli endpoint non sono protetti
# [trait-effects] 500 trait attivi caricati da /app/data/core/traits/active_effects.yaml
# [fairness] cap_pt_max=1 caricato da /app/data/packs.yaml
# [vc-scoring] telemetry config caricato: 6 indici, 4 MBTI, 9 Ennea
# [ai-profiles] caricato /app/packs/evo_tactics_pack/data/balance/ai_profiles.yaml: 7 profile, utility_brain ON: [aggressive, aggressive_with_stickiness, aggressive_sticky_30, aggressive_commit_window]
# Subtest: Atlas: match_pressure 100 when no enemies alive
ok 50 - Atlas: match_pressure 100 when no enemies alive
  ---
  duration_ms: 1.709573
  type: 'test'
  ...
# Subtest: Atlas: match_pressure 0 when no players alive
ok 51 - Atlas: match_pressure 0 when no players alive
  ---
  duration_ms: 0.26725
  type: 'test'
  ...
# Subtest: Atlas: match_pressure ~50 when even
ok 52 - Atlas: match_pressure ~50 when even
  ---
  duration_ms: 1.029762
  type: 'test'
  ...
# Subtest: Atlas: momentum labels reflect pressure ranges
ok 53 - Atlas: momentum labels reflect pressure ranges
  ---
  duration_ms: 0.255898
  type: 'test'
  ...
# Subtest: Atlas: warning_signals fire on low HP player
ok 54 - Atlas: warning_signals fire on low HP player
  ---
  duration_ms: 0.53423
  type: 'test'
  ...
# Subtest: Atlas: warning_signals fire victory_imminent at high pressure
ok 55 - Atlas: warning_signals fire victory_imminent at high pressure
  ---
  duration_ms: 0.201224
  type: 'test'
  ...
#   Atlas snapshot: pressure=54 momentum=even/stable signals=0
# Subtest: Atlas: state endpoint exposes atlas object
ok 56 - Atlas: state endpoint exposes atlas object
  ---
  duration_ms: 1359.719319
  type: 'test'
  ...
# Subtest: Atlas: buildAtlasLive returns full package
ok 57 - Atlas: buildAtlasLive returns full package
  ---
  duration_ms: 1.016577
  type: 'test'
  ...
# [prisma] client non disponibile, uso stub in memoria DATABASE_URL non configurato
# unknown format "uri" ignored in schema at path "\#/properties/share_url/anyOf/1"
# unknown format "uri" ignored in schema at path "\#/properties/share_url/anyOf/1"
# [jobs] caricato /app/data/core/jobs.yaml: 8 base + 4 expansion = 12 job
# [plugin-loader] 8 plugins loaded: narrative, meta, tutorial, jobs, forms, progression, mutations, lineage
# [auth] nessun provider configurato: gli endpoint non sono protetti
# [trait-effects] 500 trait attivi caricati da /app/data/core/traits/active_effects.yaml
# [fairness] cap_pt_max=1 caricato da /app/data/packs.yaml
# [vc-scoring] telemetry config caricato: 6 indici, 4 MBTI, 9 Ennea
# [ai-profiles] caricato /app/packs/evo_tactics_pack/data/balance/ai_profiles.yaml: 7 profile, utility_brain ON: [aggressive, aggressive_with_stickiness, aggressive_sticky_30, aggressive_commit_window]
# [trait-effects] 500 trait attivi caricati da /app/data/core/traits/active_effects.yaml
# [trait-effects] 500 trait attivi caricati da /app/data/core/traits/active_effects.yaml
# [vc-scoring] telemetry config caricato: 6 indici, 4 MBTI, 9 Ennea
# [trait-effects] 500 trait attivi caricati da /app/data/core/traits/active_effects.yaml
# [trait-effects] 500 trait attivi caricati da /app/data/core/traits/active_effects.yaml
# [trait-effects] 500 trait attivi caricati da /app/data/core/traits/active_effects.yaml
# [trait-effects] 500 trait attivi caricati da /app/data/core/traits/active_effects.yaml
# [trait-effects] 500 trait attivi caricati da /app/data/core/traits/active_effects.yaml
# [trait-effects] 500 trait attivi caricati da /app/data/core/traits/active_effects.yaml
# [trait-effects] 500 trait attivi caricati da /app/data/core/traits/active_effects.yaml
# [trait-effects] 500 trait attivi caricati da /app/data/core/traits/active_effects.yaml
# [trait-effects] 500 trait attivi caricati da /app/data/core/traits/active_effects.yaml
# [trait-effects] 500 trait attivi caricati da /app/data/core/traits/active_effects.yaml
# [trait-effects] 500 trait attivi caricati da /app/data/core/traits/active_effects.yaml
# [trait-effects] 500 trait attivi caricati da /app/data/core/traits/active_effects.yaml
# {"component":"bond-reaction","event":"bond_fired","session_id":"433b35eb-5dc8-4df6-9353-4da01eafa0d0","turn":3,"bond_id":"pack_alpha","bond_type":"counter_attack","ally_id":"p_tank","attacker_id":"e_nomad_2","target_id":"p_scout","damage_absorbed":0,"damage_dealt":0,"ally_killed":false,"attacker_killed":false}
# [trait-effects] 500 trait attivi caricati da /app/data/core/traits/active_effects.yaml
# [trait-effects] 500 trait attivi caricati da /app/data/core/traits/active_effects.yaml
# [trait-effects] 500 trait attivi caricati da /app/data/core/traits/active_effects.yaml
# [trait-effects] 500 trait attivi caricati da /app/data/core/traits/active_effects.yaml
# [trait-effects] 500 trait attivi caricati da /app/data/core/traits/active_effects.yaml
# [trait-effects] 500 trait attivi caricati da /app/data/core/traits/active_effects.yaml
# [trait-effects] 500 trait attivi caricati da /app/data/core/traits/active_effects.yaml
# [trait-effects] 500 trait attivi caricati da /app/data/core/traits/active_effects.yaml
# [trait-effects] 500 trait attivi caricati da /app/data/core/traits/active_effects.yaml
# [trait-effects] 500 trait attivi caricati da /app/data/core/traits/active_effects.yaml
# [trait-effects] 500 trait attivi caricati da /app/data/core/traits/active_effects.yaml
# [trait-effects] 500 trait attivi caricati da /app/data/core/traits/active_effects.yaml
# [trait-effects] 500 trait attivi caricati da /app/data/core/traits/active_effects.yaml
# [trait-effects] 500 trait attivi caricati da /app/data/core/traits/active_effects.yaml
# [trait-effects] 500 trait attivi caricati da /app/data/core/traits/active_effects.yaml
# [trait-effects] 500 trait attivi caricati da /app/data/core/traits/active_effects.yaml
# [trait-effects] 500 trait attivi caricati da /app/data/core/traits/active_effects.yaml
# {"component":"bond-reaction","event":"bond_fired","session_id":"77f16c32-3f73-4248-b75f-e65616ac1719","turn":4,"bond_id":"pack_alpha","bond_type":"counter_attack","ally_id":"p_tank","attacker_id":"e_nomad_2","target_id":"p_scout","damage_absorbed":0,"damage_dealt":0,"ally_killed":false,"attacker_killed":false}
# [trait-effects] 500 trait attivi caricati da /app/data/core/traits/active_effects.yaml
# [trait-effects] 500 trait attivi caricati da /app/data/core/traits/active_effects.yaml
# [trait-effects] 500 trait attivi caricati da /app/data/core/traits/active_effects.yaml
# [trait-effects] 500 trait attivi caricati da /app/data/core/traits/active_effects.yaml
# [trait-effects] 500 trait attivi caricati da /app/data/core/traits/active_effects.yaml
# [trait-effects] 500 trait attivi caricati da /app/data/core/traits/active_effects.yaml
# [trait-effects] 500 trait attivi caricati da /app/data/core/traits/active_effects.yaml
# [trait-effects] 500 trait attivi caricati da /app/data/core/traits/active_effects.yaml
# [trait-effects] 500 trait attivi caricati da /app/data/core/traits/active_effects.yaml
# [trait-effects] 500 trait attivi caricati da /app/data/core/traits/active_effects.yaml
# {"component":"bond-reaction","event":"bond_fired","session_id":"afbac4f7-224c-472e-b5cd-756e902cc274","turn":3,"bond_id":"pack_alpha","bond_type":"counter_attack","ally_id":"p_tank","attacker_id":"e_nomad_2","target_id":"p_scout","damage_absorbed":0,"damage_dealt":1,"ally_killed":false,"attacker_killed":false}
# [trait-effects] 500 trait attivi caricati da /app/data/core/traits/active_effects.yaml
#   ╔═══ BATCH PLAYTEST REPORT (N=10) ═══╗
#   ║
#   ║  Outcomes:
#   ║    Victories: 10/10 (100%)
#   ║    Defeats:   0/10
#   ║    Timeouts:  0/10
#   ║
#   ║  Combat stats:
#   ║    Avg rounds to end: 5.2
#   ║    Hit rate: 64.3% (27/42)
#   ║    Avg player damage/run: 9.0
#   ║    Avg enemy damage/run:  1.4
#   ║
#   ║  d20 rolls (n=42):
#   ║    Avg: 14.0 | Min: 4 | Max: 23
#   ║
#   ║  Per-run summary:
#   ║    ✓ a8f93b14 R=4 hits=2/2 dmg=8
#   ║    ✓ a243e1c9 R=6 hits=3/5 dmg=10
#   ║    ✓ 151e08e4 R=4 hits=2/2 dmg=8
#   ║    ✓ 433b35eb R=6 hits=3/6 dmg=8
#   ║    ✓ 7bd780d5 R=5 hits=3/4 dmg=11
#   ║    ✓ 8a414d6e R=4 hits=3/3 dmg=9
#   ║    ✓ 32989c42 R=5 hits=2/3 dmg=8
#   ║    ✓ 77f16c32 R=6 hits=3/5 dmg=10
#   ║    ✓ 5eb3e8bb R=7 hits=4/7 dmg=11
#   ║    ✓ afbac4f7 R=5 hits=2/5 dmg=7
#   ╚═══════════════════════════════════════╝
# Subtest: BATCH PLAYTEST: 10 runs aggregate stats
ok 58 - BATCH PLAYTEST: 10 runs aggregate stats
  ---
  duration_ms: 5253.648089
  type: 'test'
  ...
# [prisma] client non disponibile, uso stub in memoria DATABASE_URL non configurato
# unknown format "uri" ignored in schema at path "\#/properties/share_url/anyOf/1"
# unknown format "uri" ignored in schema at path "\#/properties/share_url/anyOf/1"
# [jobs] caricato /app/data/core/jobs.yaml: 8 base + 4 expansion = 12 job
# [plugin-loader] 8 plugins loaded: narrative, meta, tutorial, jobs, forms, progression, mutations, lineage
# [auth] nessun provider configurato: gli endpoint non sono protetti
# [trait-effects] 500 trait attivi caricati da /app/data/core/traits/active_effects.yaml
# [fairness] cap_pt_max=1 caricato da /app/data/packs.yaml
# [vc-scoring] telemetry config caricato: 6 indici, 4 MBTI, 9 Ennea
# [ai-profiles] caricato /app/packs/evo_tactics_pack/data/balance/ai_profiles.yaml: 7 profile, utility_brain ON: [aggressive, aggressive_with_stickiness, aggressive_sticky_30, aggressive_commit_window]
# unknown format "uri" ignored in schema at path "\#/properties/share_url/anyOf/1"
# unknown format "uri" ignored in schema at path "\#/properties/share_url/anyOf/1"
# [jobs] caricato /app/data/core/jobs.yaml: 8 base + 4 expansion = 12 job
# [plugin-loader] 8 plugins loaded: narrative, meta, tutorial, jobs, forms, progression, mutations, lineage
# [auth] nessun provider configurato: gli endpoint non sono protetti
# [trait-effects] 500 trait attivi caricati da /app/data/core/traits/active_effects.yaml
# [fairness] cap_pt_max=1 caricato da /app/data/packs.yaml
# [vc-scoring] telemetry config caricato: 6 indici, 4 MBTI, 9 Ennea
# [ai-profiles] caricato /app/packs/evo_tactics_pack/data/balance/ai_profiles.yaml: 7 profile, utility_brain ON: [aggressive, aggressive_with_stickiness, aggressive_sticky_30, aggressive_commit_window]
# Subtest: beast bond: tank adiacente con legame_di_branco riceve buff quando scout attacca
ok 59 - beast bond: tank adiacente con legame_di_branco riceve buff quando scout attacca
  ---
  duration_ms: 1292.690983
  type: 'test'
  ...
# unknown format "uri" ignored in schema at path "\#/properties/share_url/anyOf/1"
# unknown format "uri" ignored in schema at path "\#/properties/share_url/anyOf/1"
# [jobs] caricato /app/data/core/jobs.yaml: 8 base + 4 expansion = 12 job
# [plugin-loader] 8 plugins loaded: narrative, meta, tutorial, jobs, forms, progression, mutations, lineage
# [auth] nessun provider configurato: gli endpoint non sono protetti
# [trait-effects] 500 trait attivi caricati da /app/data/core/traits/active_effects.yaml
# [fairness] cap_pt_max=1 caricato da /app/data/packs.yaml
# [vc-scoring] telemetry config caricato: 6 indici, 4 MBTI, 9 Ennea
# [ai-profiles] caricato /app/packs/evo_tactics_pack/data/balance/ai_profiles.yaml: 7 profile, utility_brain ON: [aggressive, aggressive_with_stickiness, aggressive_sticky_30, aggressive_commit_window]
# Subtest: beast bond: tank fuori range (Manhattan=3) NON riceve buff
ok 60 - beast bond: tank fuori range (Manhattan=3) NON riceve buff
  ---
  duration_ms: 564.647451
  type: 'test'
  ...
# Subtest: beast bond: raw event action_type=beast_bond_triggered persistito
ok 61 - beast bond: raw event action_type=beast_bond_triggered persistito
  ---
  duration_ms: 455.140508
  type: 'test'
  ...
# [prisma] client non disponibile, uso stub in memoria DATABASE_URL non configurato
# unknown format "uri" ignored in schema at path "\#/properties/share_url/anyOf/1"
# unknown format "uri" ignored in schema at path "\#/properties/share_url/anyOf/1"
# [jobs] caricato /app/data/core/jobs.yaml: 8 base + 4 expansion = 12 job
# [plugin-loader] 8 plugins loaded: narrative, meta, tutorial, jobs, forms, progression, mutations, lineage
# [auth] nessun provider configurato: gli endpoint non sono protetti
# [trait-effects] 500 trait attivi caricati da /app/data/core/traits/active_effects.yaml
# [fairness] cap_pt_max=1 caricato da /app/data/packs.yaml
# [vc-scoring] telemetry config caricato: 6 indici, 4 MBTI, 9 Ennea
# [ai-profiles] caricato /app/packs/evo_tactics_pack/data/balance/ai_profiles.yaml: 7 profile, utility_brain ON: [aggressive, aggressive_with_stickiness, aggressive_sticky_30, aggressive_commit_window]
# Subtest: POST /api/v1/generation/biomes produce biomi sintetici coerenti con i vincoli
ok 62 - POST /api/v1/generation/biomes produce biomi sintetici coerenti con i vincoli
  ---
  duration_ms: 5200.087024
  type: 'test'
  ...
# Subtest: matchAffix: tag intersection
ok 63 - matchAffix: tag intersection
  ---
  duration_ms: 1.648693
  type: 'test'
  ...
# Subtest: matchAffix: case insensitive
ok 64 - matchAffix: case insensitive
  ---
  duration_ms: 0.366448
  type: 'test'
  ...
# Subtest: matchAffix: no tags returns false
ok 65 - matchAffix: no tags returns false
  ---
  duration_ms: 0.182616
  type: 'test'
  ...
# Subtest: biomeMatchScore: full match = 1.0
ok 66 - biomeMatchScore: full match = 1.0
  ---
  duration_ms: 0.338773
  type: 'test'
  ...
# Subtest: biomeMatchScore: no match = 0
ok 67 - biomeMatchScore: no match = 0
  ---
  duration_ms: 0.274624
  type: 'test'
  ...
# Subtest: biomeMatchScore: partial = fraction
ok 68 - biomeMatchScore: partial = fraction
  ---
  duration_ms: 0.183357
  type: 'test'
  ...
# Subtest: applyBiomeBias: primary archetype gets max boost
ok 69 - applyBiomeBias: primary archetype gets max boost
  ---
  duration_ms: 0.61863
  type: 'test'
  ...
# Subtest: applyBiomeBias: support archetype gets mid boost
ok 70 - applyBiomeBias: support archetype gets mid boost
  ---
  duration_ms: 0.33081
  type: 'test'
  ...
# Subtest: applyBiomeBias: affix match multiplies weight
ok 71 - applyBiomeBias: affix match multiplies weight
  ---
  duration_ms: 0.584026
  type: 'test'
  ...
# Subtest: applyBiomeBias: multiple affix matches stack (capped)
ok 72 - applyBiomeBias: multiple affix matches stack (capped)
  ---
  duration_ms: 0.615105
  type: 'test'
  ...
# Subtest: applyBiomeBias: no affixes → unchanged
ok 73 - applyBiomeBias: no affixes → unchanged
  ---
  duration_ms: 0.252265
  type: 'test'
  ...
# Subtest: applyBiomeBias: empty pool returns empty
ok 74 - applyBiomeBias: empty pool returns empty
  ---
  duration_ms: 3.52084
  type: 'test'
  ...
# Subtest: applyBiomeBias: mixed archetype + affix multiplicative
ok 75 - applyBiomeBias: mixed archetype + affix multiplicative
  ---
  duration_ms: 0.274565
  type: 'test'
  ...
# Subtest: DEFAULT_BOOST_PER_MATCH matches documented canonical
ok 76 - DEFAULT_BOOST_PER_MATCH matches documented canonical
  ---
  duration_ms: 0.115812
  type: 'test'
  ...
# Subtest: E2E: full campaign playthrough cave_path → completed
ok 77 - E2E: full campaign playthrough cave_path → completed
  ---
  duration_ms: 126.003682
  type: 'test'
  ...
# Subtest: E2E: full campaign ruins_path variant
ok 78 - E2E: full campaign ruins_path variant
  ---
  duration_ms: 52.097847
  type: 'test'
  ...
# Subtest: E2E: defeat loops retry fino victory
ok 79 - E2E: defeat loops retry fino victory
  ---
  duration_ms: 35.505454
  type: 'test'
  ...
# Subtest: E2E: concurrent campaigns same player non interfere
ok 80 - E2E: concurrent campaigns same player non interfere
  ---
  duration_ms: 28.307173
  type: 'test'
  ...
# Subtest: E2E: timeout outcome also counts as retry (non-victory)
ok 81 - E2E: timeout outcome also counts as retry (non-victory)
  ---
  duration_ms: 17.244439
  type: 'test'
  ...
# Subtest: E2E: campaign abandonment preserves chapters history
ok 82 - E2E: campaign abandonment preserves chapters history
  ---
  duration_ms: 43.39882
  type: 'test'
  ...
# Subtest: POST /api/campaign/start: creates new campaign
ok 83 - POST /api/campaign/start: creates new campaign
  ---
  duration_ms: 75.07275
  type: 'test'
  ...
# Subtest: POST /api/campaign/start: missing player_id = 400
ok 84 - POST /api/campaign/start: missing player_id = 400
  ---
  duration_ms: 12.605613
  type: 'test'
  ...
# [campaign-loader] campaign "nonexistent" non trovato a /app/data/core/campaign/nonexistent.yaml
# Subtest: POST /api/campaign/start: invalid campaign_def_id = 404
ok 85 - POST /api/campaign/start: invalid campaign_def_id = 404
  ---
  duration_ms: 9.228282
  type: 'test'
  ...
# Subtest: POST /api/campaign/start: onboarding exposed in campaign_def
ok 86 - POST /api/campaign/start: onboarding exposed in campaign_def
  ---
  duration_ms: 16.239086
  type: 'test'
  ...
# Subtest: POST /api/campaign/start: default_choice_on_timeout applied when no initial_trait_choice
ok 87 - POST /api/campaign/start: default_choice_on_timeout applied when no initial_trait_choice
  ---
  duration_ms: 25.482338
  type: 'test'
  ...
# Subtest: POST /api/campaign/start: initial_trait_choice option_b → pelle_elastomera
ok 88 - POST /api/campaign/start: initial_trait_choice option_b → pelle_elastomera
  ---
  duration_ms: 8.148743
  type: 'test'
  ...
# Subtest: POST /api/campaign/start: initial_trait_choice option_c → denti_seghettati
ok 89 - POST /api/campaign/start: initial_trait_choice option_c → denti_seghettati
  ---
  duration_ms: 8.18657
  type: 'test'
  ...
# Subtest: POST /api/campaign/start: invalid initial_trait_choice fallback su default
ok 90 - POST /api/campaign/start: invalid initial_trait_choice fallback su default
  ---
  duration_ms: 5.324273
  type: 'test'
  ...
# Subtest: GET /api/campaign/state: fetch campaign by id
ok 91 - GET /api/campaign/state: fetch campaign by id
  ---
  duration_ms: 18.737034
  type: 'test'
  ...
# Subtest: GET /api/campaign/state: missing id = 400
ok 92 - GET /api/campaign/state: missing id = 400
  ---
  duration_ms: 5.201185
  type: 'test'
  ...
# Subtest: GET /api/campaign/list: player campaigns
ok 93 - GET /api/campaign/list: player campaigns
  ---
  duration_ms: 29.763295
  type: 'test'
  ...
# Subtest: POST /api/campaign/advance: victory advances chapter
ok 94 - POST /api/campaign/advance: victory advances chapter
  ---
  duration_ms: 32.402055
  type: 'test'
  ...
# Subtest: POST /api/campaign/advance: defeat retries same encounter
ok 95 - POST /api/campaign/advance: defeat retries same encounter
  ---
  duration_ms: 14.237865
  type: 'test'
  ...
# Subtest: POST /api/campaign/advance: invalid outcome = 400
ok 96 - POST /api/campaign/advance: invalid outcome = 400
  ---
  duration_ms: 11.913284
  type: 'test'
  ...
# Subtest: POST /api/campaign/choose: applies branch + advances
ok 97 - POST /api/campaign/choose: applies branch + advances
  ---
  duration_ms: 19.626394
  type: 'test'
  ...
# Subtest: POST /api/campaign/choose: invalid branch_key = 400
ok 98 - POST /api/campaign/choose: invalid branch_key = 400
  ---
  duration_ms: 14.393672
  type: 'test'
  ...
# Subtest: POST /api/campaign/end: finalize completed
ok 99 - POST /api/campaign/end: finalize completed
  ---
  duration_ms: 6.225522
  type: 'test'
  ...
# Subtest: POST /api/campaign/end: already finalized = 409
ok 100 - POST /api/campaign/end: already finalized = 409
  ---
  duration_ms: 9.079615
  type: 'test'
  ...
# Subtest: POST /api/campaign/advance: on finalized campaign = 409
ok 101 - POST /api/campaign/advance: on finalized campaign = 409
  ---
  duration_ms: 9.195054
  type: 'test'
  ...
# Subtest: GET /api/campaign/summary: returns full UI snapshot
ok 102 - GET /api/campaign/summary: returns full UI snapshot
  ---
  duration_ms: 14.353825
  type: 'test'
  ...
# Subtest: GET /api/campaign/summary: missing id = 400
ok 103 - GET /api/campaign/summary: missing id = 400
  ---
  duration_ms: 3.496559
  type: 'test'
  ...
# Subtest: GET /api/campaign/summary: unknown id = 404
ok 104 - GET /api/campaign/summary: unknown id = 404
  ---
  duration_ms: 4.374647
  type: 'test'
  ...
# Subtest: advance: victory + pe_earned >= 8 sets evolve_opportunity=true
ok 105 - advance: victory + pe_earned >= 8 sets evolve_opportunity=true
  ---
  duration_ms: 7.02187
  type: 'test'
  ...
# Subtest: advance: victory + pe_earned < 8 sets evolve_opportunity=false
ok 106 - advance: victory + pe_earned < 8 sets evolve_opportunity=false
  ---
  duration_ms: 7.834791
  type: 'test'
  ...
# Subtest: advance: defeat never triggers evolve_opportunity
ok 107 - advance: defeat never triggers evolve_opportunity
  ---
  duration_ms: 14.964619
  type: 'test'
  ...
# Subtest: advance: victory + survivors array grants XP to each
ok 108 - advance: victory + survivors array grants XP to each
  ---
  duration_ms: 23.726092
  type: 'test'
  ...
# Subtest: advance: victory without survivors → xp_grants empty
ok 109 - advance: victory without survivors → xp_grants empty
  ---
  duration_ms: 10.121326
  type: 'test'
  ...
# Subtest: advance: victory + survivors + encounter_meta tier=2 → mp_grants emitted
ok 110 - advance: victory + survivors + encounter_meta tier=2 → mp_grants emitted
  ---
  duration_ms: 5.513756
  type: 'test'
  ...
# Subtest: advance: victory tier=1 no bonus → mp_grants empty
ok 111 - advance: victory tier=1 no bonus → mp_grants empty
  ---
  duration_ms: 5.230131
  type: 'test'
  ...
# Subtest: advance: defeat never grants MP even with survivors
ok 112 - advance: defeat never grants MP even with survivors
  ---
  duration_ms: 15.150516
  type: 'test'
  ...
# Subtest: advance: defeat never grants XP even with survivors
ok 113 - advance: defeat never grants XP even with survivors
  ---
  duration_ms: 9.069742
  type: 'test'
  ...
# Subtest: advance: xp_per_unit defaults to xp_curve.yaml mission_victory
ok 114 - advance: xp_per_unit defaults to xp_curve.yaml mission_victory
  ---
  duration_ms: 11.029412
  type: 'test'
  ...
# Subtest: computeEvolveOpportunity exported pure helper
ok 115 - computeEvolveOpportunity exported pure helper
  ---
  duration_ms: 0.372352
  type: 'test'
  ...
# Subtest: GET /api/campaign/seasonal/state: returns initial year 1 spring organization
ok 116 - GET /api/campaign/seasonal/state: returns initial year 1 spring organization
  ---
  duration_ms: 45.207275
  type: 'test'
  ...
# Subtest: GET /api/campaign/seasonal/state: missing campaign_id = 400
ok 117 - GET /api/campaign/seasonal/state: missing campaign_id = 400
  ---
  duration_ms: 8.923361
  type: 'test'
  ...
# Subtest: POST /api/campaign/seasonal/advance-phase: organization → battle (same season)
ok 118 - POST /api/campaign/seasonal/advance-phase: organization → battle (same season)
  ---
  duration_ms: 22.180703
  type: 'test'
  ...
# Subtest: POST /api/campaign/seasonal/advance-phase: battle → organization + next season
ok 119 - POST /api/campaign/seasonal/advance-phase: battle → organization + next season
  ---
  duration_ms: 17.458782
  type: 'test'
  ...
# Subtest: POST /api/campaign/seasonal/advance-season: spring → summer
ok 120 - POST /api/campaign/seasonal/advance-season: spring → summer
  ---
  duration_ms: 14.30758
  type: 'test'
  ...
# Subtest: POST /api/campaign/seasonal/advance-season: winter → spring + year++
ok 121 - POST /api/campaign/seasonal/advance-season: winter → spring + year++
  ---
  duration_ms: 19.648028
  type: 'test'
  ...
# Subtest: GET /api/campaign/seasonal/modifiers: spring resource_yield 1.2
ok 122 - GET /api/campaign/seasonal/modifiers: spring resource_yield 1.2
  ---
  duration_ms: 11.894747
  type: 'test'
  ...
# Subtest: GET /api/campaign/seasonal/modifiers: winter recruit_pool_delta -1
ok 123 - GET /api/campaign/seasonal/modifiers: winter recruit_pool_delta -1
  ---
  duration_ms: 13.514052
  type: 'test'
  ...
# Subtest: GET /api/campaign/seasonal/phase-spec: organization actions includes recruit
ok 124 - GET /api/campaign/seasonal/phase-spec: organization actions includes recruit
  ---
  duration_ms: 7.250442
  type: 'test'
  ...
# Subtest: GET /api/campaign/seasonal/events?season=spring returns events_pool
ok 125 - GET /api/campaign/seasonal/events?season=spring returns events_pool
  ---
  duration_ms: 7.458089
  type: 'test'
  ...
# Subtest: Multi-call round-trip: 5 years of advance-phase cycles preserve state integrity
ok 126 - Multi-call round-trip: 5 years of advance-phase cycles preserve state integrity
  ---
  duration_ms: 86.41078
  type: 'test'
  ...
# Subtest: catalog http client — disabled by default returns local glossary and source=local
ok 127 - catalog http client — disabled by default returns local glossary and source=local
  ---
  duration_ms: 17.841993
  type: 'test'
  ...
# Subtest: catalog http client — enabled + 200 OK uses HTTP payload and source=http
ok 128 - catalog http client — enabled + 200 OK uses HTTP payload and source=http
  ---
  duration_ms: 5.357452
  type: 'test'
  ...
# Subtest: catalog http client — enabled + 500 falls back to local file
ok 129 - catalog http client — enabled + 500 falls back to local file
  ---
  duration_ms: 6.993114
  type: 'test'
  ...
# Subtest: catalog http client — enabled + timeout aborts and falls back to local
ok 130 - catalog http client — enabled + timeout aborts and falls back to local
  ---
  duration_ms: 54.921357
  type: 'test'
  ...
# Subtest: catalog http client — TTL cache reuses the first fetch result
ok 131 - catalog http client — TTL cache reuses the first fetch result
  ---
  duration_ms: 5.38195
  type: 'test'
  ...
# Subtest: catalog http client — reload() invalidates the cache and re-fetches
ok 132 - catalog http client — reload() invalidates the cache and re-fetches
  ---
  duration_ms: 11.024573
  type: 'test'
  ...
# Subtest: catalog http client — httpEnabled false ignores httpBase even if set
ok 133 - catalog http client — httpEnabled false ignores httpBase even if set
  ---
  duration_ms: 8.55586
  type: 'test'
  ...
# [prisma] client non disponibile, uso stub in memoria DATABASE_URL non configurato
# unknown format "uri" ignored in schema at path "\#/properties/share_url/anyOf/1"
# unknown format "uri" ignored in schema at path "\#/properties/share_url/anyOf/1"
# [jobs] caricato /app/data/core/jobs.yaml: 8 base + 4 expansion = 12 job
# [plugin-loader] 8 plugins loaded: narrative, meta, tutorial, jobs, forms, progression, mutations, lineage
# [auth] nessun provider configurato: gli endpoint non sono protetti
# [trait-effects] 500 trait attivi caricati da /app/data/core/traits/active_effects.yaml
# [fairness] cap_pt_max=1 caricato da /app/data/packs.yaml
# [vc-scoring] telemetry config caricato: 6 indici, 4 MBTI, 9 Ennea
# [ai-profiles] caricato /app/packs/evo_tactics_pack/data/balance/ai_profiles.yaml: 7 profile, utility_brain ON: [aggressive, aggressive_with_stickiness, aggressive_sticky_30, aggressive_commit_window]
# unknown format "uri" ignored in schema at path "\#/properties/share_url/anyOf/1"
# unknown format "uri" ignored in schema at path "\#/properties/share_url/anyOf/1"
# [jobs] caricato /app/data/core/jobs.yaml: 8 base + 4 expansion = 12 job
# [plugin-loader] 8 plugins loaded: narrative, meta, tutorial, jobs, forms, progression, mutations, lineage
# [auth] nessun provider configurato: gli endpoint non sono protetti
# [trait-effects] 500 trait attivi caricati da /app/data/core/traits/active_effects.yaml
# [fairness] cap_pt_max=1 caricato da /app/data/packs.yaml
# [vc-scoring] telemetry config caricato: 6 indici, 4 MBTI, 9 Ennea
# [ai-profiles] caricato /app/packs/evo_tactics_pack/data/balance/ai_profiles.yaml: 7 profile, utility_brain ON: [aggressive, aggressive_with_stickiness, aggressive_sticky_30, aggressive_commit_window]
# Subtest: codex: GET /pages registry ritorna ≥5 pages with deciphered flag
ok 134 - codex: GET /pages registry ritorna ≥5 pages with deciphered flag
  ---
  duration_ms: 1206.191452
  type: 'test'
  ...
# unknown format "uri" ignored in schema at path "\#/properties/share_url/anyOf/1"
# unknown format "uri" ignored in schema at path "\#/properties/share_url/anyOf/1"
# [jobs] caricato /app/data/core/jobs.yaml: 8 base + 4 expansion = 12 job
# [plugin-loader] 8 plugins loaded: narrative, meta, tutorial, jobs, forms, progression, mutations, lineage
# [auth] nessun provider configurato: gli endpoint non sono protetti
# [trait-effects] 500 trait attivi caricati da /app/data/core/traits/active_effects.yaml
# [fairness] cap_pt_max=1 caricato da /app/data/packs.yaml
# [vc-scoring] telemetry config caricato: 6 indici, 4 MBTI, 9 Ennea
# [ai-profiles] caricato /app/packs/evo_tactics_pack/data/balance/ai_profiles.yaml: 7 profile, utility_brain ON: [aggressive, aggressive_with_stickiness, aggressive_sticky_30, aggressive_commit_window]
# Subtest: codex: POST /decipher kill_species marks page deciphered
ok 135 - codex: POST /decipher kill_species marks page deciphered
  ---
  duration_ms: 596.867605
  type: 'test'
  ...
# unknown format "uri" ignored in schema at path "\#/properties/share_url/anyOf/1"
# unknown format "uri" ignored in schema at path "\#/properties/share_url/anyOf/1"
# [jobs] caricato /app/data/core/jobs.yaml: 8 base + 4 expansion = 12 job
# [plugin-loader] 8 plugins loaded: narrative, meta, tutorial, jobs, forms, progression, mutations, lineage
# [auth] nessun provider configurato: gli endpoint non sono protetti
# [trait-effects] 500 trait attivi caricati da /app/data/core/traits/active_effects.yaml
# [fairness] cap_pt_max=1 caricato da /app/data/packs.yaml
# [vc-scoring] telemetry config caricato: 6 indici, 4 MBTI, 9 Ennea
# [ai-profiles] caricato /app/packs/evo_tactics_pack/data/balance/ai_profiles.yaml: 7 profile, utility_brain ON: [aggressive, aggressive_with_stickiness, aggressive_sticky_30, aggressive_commit_window]
# Subtest: codex: POST /decipher con trigger sbagliato → 409
ok 136 - codex: POST /decipher con trigger sbagliato → 409
  ---
  duration_ms: 410.879031
  type: 'test'
  ...
# unknown format "uri" ignored in schema at path "\#/properties/share_url/anyOf/1"
# unknown format "uri" ignored in schema at path "\#/properties/share_url/anyOf/1"
# [jobs] caricato /app/data/core/jobs.yaml: 8 base + 4 expansion = 12 job
# [plugin-loader] 8 plugins loaded: narrative, meta, tutorial, jobs, forms, progression, mutations, lineage
# [auth] nessun provider configurato: gli endpoint non sono protetti
# [trait-effects] 500 trait attivi caricati da /app/data/core/traits/active_effects.yaml
# [fairness] cap_pt_max=1 caricato da /app/data/packs.yaml
# [vc-scoring] telemetry config caricato: 6 indici, 4 MBTI, 9 Ennea
# [ai-profiles] caricato /app/packs/evo_tactics_pack/data/balance/ai_profiles.yaml: 7 profile, utility_brain ON: [aggressive, aggressive_with_stickiness, aggressive_sticky_30, aggressive_commit_window]
# Subtest: codex: persistence cross-call (decipher poi GET ritorna deciphered)
ok 137 - codex: persistence cross-call (decipher poi GET ritorna deciphered)
  ---
  duration_ms: 513.98275
  type: 'test'
  ...
# unknown format "uri" ignored in schema at path "\#/properties/share_url/anyOf/1"
# unknown format "uri" ignored in schema at path "\#/properties/share_url/anyOf/1"
# [jobs] caricato /app/data/core/jobs.yaml: 8 base + 4 expansion = 12 job
# [plugin-loader] 8 plugins loaded: narrative, meta, tutorial, jobs, forms, progression, mutations, lineage
# [auth] nessun provider configurato: gli endpoint non sono protetti
# [trait-effects] 500 trait attivi caricati da /app/data/core/traits/active_effects.yaml
# [fairness] cap_pt_max=1 caricato da /app/data/packs.yaml
# [vc-scoring] telemetry config caricato: 6 indici, 4 MBTI, 9 Ennea
# [ai-profiles] caricato /app/packs/evo_tactics_pack/data/balance/ai_profiles.yaml: 7 profile, utility_brain ON: [aggressive, aggressive_with_stickiness, aggressive_sticky_30, aggressive_commit_window]
# Subtest: codex: GET /pages 400 se session_id mancante
ok 138 - codex: GET /pages 400 se session_id mancante
  ---
  duration_ms: 436.962957
  type: 'test'
  ...
# unknown format "uri" ignored in schema at path "\#/properties/share_url/anyOf/1"
# unknown format "uri" ignored in schema at path "\#/properties/share_url/anyOf/1"
# [jobs] caricato /app/data/core/jobs.yaml: 8 base + 4 expansion = 12 job
# [plugin-loader] 8 plugins loaded: narrative, meta, tutorial, jobs, forms, progression, mutations, lineage
# [auth] nessun provider configurato: gli endpoint non sono protetti
# [trait-effects] 500 trait attivi caricati da /app/data/core/traits/active_effects.yaml
# [fairness] cap_pt_max=1 caricato da /app/data/packs.yaml
# [vc-scoring] telemetry config caricato: 6 indici, 4 MBTI, 9 Ennea
# [ai-profiles] caricato /app/packs/evo_tactics_pack/data/balance/ai_profiles.yaml: 7 profile, utility_brain ON: [aggressive, aggressive_with_stickiness, aggressive_sticky_30, aggressive_commit_window]
# Subtest: codex: POST /decipher 404 se page_id inesistente
ok 139 - codex: POST /decipher 404 se page_id inesistente
  ---
  duration_ms: 490.19019
  type: 'test'
  ...
# Subtest: codex: idempotente — re-decipher stessa page → newly_added false
ok 140 - codex: idempotente — re-decipher stessa page → newly_added false
  ---
  duration_ms: 523.767886
  type: 'test'
  ...
# Subtest: combat schema accetta uno stato minimo valido
ok 141 - combat schema accetta uno stato minimo valido
  ---
  duration_ms: 405.811947
  type: 'test'
  ...
# Subtest: combat schema accetta stato con party_vc completa, status attivi e turn log
ok 142 - combat schema accetta stato con party_vc completa, status attivi e turn log
  ---
  duration_ms: 314.594896
  type: 'test'
  ...
# Subtest: combat schema rifiuta stato senza campi obbligatori
ok 143 - combat schema rifiuta stato senza campi obbligatori
  ---
  duration_ms: 201.570137
  type: 'test'
  ...
# Subtest: combat schema rifiuta status con id fuori dall enum dei 5 status supportati
ok 144 - combat schema rifiuta status con id fuori dall enum dei 5 status supportati
  ---
  duration_ms: 129.567178
  type: 'test'
  ...
# Subtest: combat schema rifiuta roll_result con naturale fuori range d20
ok 145 - combat schema rifiuta roll_result con naturale fuori range d20
  ---
  duration_ms: 176.645168
  type: 'test'
  ...
# Subtest: action schema valida una attack action con target_id
ok 146 - action schema valida una attack action con target_id
  ---
  duration_ms: 153.591925
  type: 'test'
  ...
# Subtest: action schema rifiuta attack action senza target_id (vincolo condizionale)
ok 147 - action schema rifiuta attack action senza target_id (vincolo condizionale)
  ---
  duration_ms: 188.615729
  type: 'test'
  ...
# Subtest: action schema rifiuta ability action senza ability_id (vincolo condizionale)
ok 148 - action schema rifiuta ability action senza ability_id (vincolo condizionale)
  ---
  duration_ms: 115.465927
  type: 'test'
  ...
# Subtest: action schema accetta move action senza target
ok 149 - action schema accetta move action senza target
  ---
  duration_ms: 135.034269
  type: 'test'
  ...
# Subtest: combat schema accetta unit con stress float 0-1 e resistances percentuali
ok 150 - combat schema accetta unit con stress float 0-1 e resistances percentuali
  ---
  duration_ms: 104.030752
  type: 'test'
  ...
# Subtest: combat schema rifiuta stress fuori range 0-1
ok 151 - combat schema rifiuta stress fuori range 0-1
  ---
  duration_ms: 128.35281
  type: 'test'
  ...
# Subtest: combat schema rifiuta resistance entry senza modifier_pct
ok 152 - combat schema rifiuta resistance entry senza modifier_pct
  ---
  duration_ms: 130.506014
  type: 'test'
  ...
# Subtest: combat schema rifiuta unit senza armor (campo ora obbligatorio)
ok 153 - combat schema rifiuta unit senza armor (campo ora obbligatorio)
  ---
  duration_ms: 114.477845
  type: 'test'
  ...
# Subtest: combat schema rifiuta unit senza tier (campo ora obbligatorio)
ok 154 - combat schema rifiuta unit senza tier (campo ora obbligatorio)
  ---
  duration_ms: 177.986081
  type: 'test'
  ...
# Subtest: combat schema rifiuta unit senza pt (campo obbligatorio Fase 2-quater)
ok 155 - combat schema rifiuta unit senza pt (campo obbligatorio Fase 2-quater)
  ---
  duration_ms: 149.854803
  type: 'test'
  ...
# Subtest: combat schema rifiuta unit senza reactions (campo obbligatorio Fase 2-quater)
ok 156 - combat schema rifiuta unit senza reactions (campo obbligatorio Fase 2-quater)
  ---
  duration_ms: 101.894713
  type: 'test'
  ...
# Subtest: action schema accetta attack con pt_spend perforazione
ok 157 - action schema accetta attack con pt_spend perforazione
  ---
  duration_ms: 113.148238
  type: 'test'
  ...
# Subtest: action schema rifiuta pt_spend con type non supportato
ok 158 - action schema rifiuta pt_spend con type non supportato
  ---
  duration_ms: 101.693806
  type: 'test'
  ...
# Subtest: action schema accetta attack con parry_response opt-in
ok 159 - action schema accetta attack con parry_response opt-in
  ---
  duration_ms: 108.556387
  type: 'test'
  ...
# Subtest: combat schema rifiuta tier fuori range 1-6
ok 160 - combat schema rifiuta tier fuori range 1-6
  ---
  duration_ms: 116.099365
  type: 'test'
  ...
# Subtest: action schema accetta attack action con damage_dice XdY+Z
ok 161 - action schema accetta attack action con damage_dice XdY+Z
  ---
  duration_ms: 92.820202
  type: 'test'
  ...
# Subtest: action schema accetta boss attack 2d12+6 dal Frattura draft
ok 162 - action schema accetta boss attack 2d12+6 dal Frattura draft
  ---
  duration_ms: 150.948578
  type: 'test'
  ...
# Subtest: action schema rifiuta damage_dice con facce non standard
ok 163 - action schema rifiuta damage_dice con facce non standard
  ---
  duration_ms: 124.627737
  type: 'test'
  ...
# Subtest: hydration snapshot valida contro combat.schema.json (cross-lang integrity)
ok 164 - hydration snapshot valida contro combat.schema.json (cross-lang integrity)
  ---
  duration_ms: 227.648669
  type: 'test'
  ...
# Subtest: hydration snapshot ha 7 unita (3 party + 4 hostile) coerenti con encounter_caverna
ok 165 - hydration snapshot ha 7 unita (3 party + 4 hostile) coerenti con encounter_caverna
  ---
  duration_ms: 0.498058
  type: 'test'
  ...
# Subtest: hydration snapshot aggrega correttamente resistances per canale
ok 166 - hydration snapshot aggrega correttamente resistances per canale
  ---
  duration_ms: 1.027408
  type: 'test'
  ...
# Subtest: hydration snapshot propaga canale ionico (criostasi_adattiva) su party-03
ok 167 - hydration snapshot propaga canale ionico (criostasi_adattiva) su party-03
  ---
  duration_ms: 0.340449
  type: 'test'
  ...
# Subtest: hydration snapshot hostile derivati da power: power 7 -> hp 110 armor 5 init 15
ok 168 - hydration snapshot hostile derivati da power: power 7 -> hp 110 armor 5 init 15
  ---
  duration_ms: 0.33893
  type: 'test'
  ...
# Subtest: hydration snapshot hostile power 4 -> hp 80 armor 4 init 12
ok 169 - hydration snapshot hostile power 4 -> hp 80 armor 4 init 12
  ---
  duration_ms: 0.318472
  type: 'test'
  ...
# Subtest: hydration snapshot initiative_order ordinato desc con tiebreak alfabetico
ok 170 - hydration snapshot initiative_order ordinato desc con tiebreak alfabetico
  ---
  duration_ms: 0.806796
  type: 'test'
  ...
# Subtest: trait_mechanics.yaml esiste ed e parseabile
ok 171 - trait_mechanics.yaml esiste ed e parseabile
  ---
  duration_ms: 31.766769
  type: 'test'
  ...
# Subtest: trait_mechanics.yaml valida contro traitMechanics schema
ok 172 - trait_mechanics.yaml valida contro traitMechanics schema
  ---
  duration_ms: 141.481952
  type: 'test'
  ...
# Subtest: trait_mechanics.yaml contiene tutti e 33 i core trait di traits_inventory.json
ok 173 - trait_mechanics.yaml contiene tutti e 33 i core trait di traits_inventory.json
  ---
  duration_ms: 9.062424
  type: 'test'
  ...
# Subtest: traitMechanics schema rifiuta entry con campo obbligatorio mancante
ok 174 - traitMechanics schema rifiuta entry con campo obbligatorio mancante
  ---
  duration_ms: 79.761528
  type: 'test'
  ...
# Subtest: traitMechanics schema rifiuta damage_step negativo
ok 175 - traitMechanics schema rifiuta damage_step negativo
  ---
  duration_ms: 53.60931
  type: 'test'
  ...
# Subtest: traitMechanics schema rifiuta chiave trait con pattern invalido
ok 176 - traitMechanics schema rifiuta chiave trait con pattern invalido
  ---
  duration_ms: 54.168821
  type: 'test'
  ...
# Subtest: trait_mechanics.yaml rispetta le invarianti euristiche documentate nell ADR
ok 177 - trait_mechanics.yaml rispetta le invarianti euristiche documentate nell ADR
  ---
  duration_ms: 5.236366
  type: 'test'
  ...
# Subtest: trait_mechanics.yaml rispetta cost_ap derivato da fattore_mantenimento_energetico
ok 178 - trait_mechanics.yaml rispetta cost_ap derivato da fattore_mantenimento_energetico
  ---
  duration_ms: 4.165158
  type: 'test'
  ...
# Subtest: Fase 8: spore_psichiche_silenziate ha on_hit_status e on_hit_stress_delta popolati
ok 179 - Fase 8: spore_psichiche_silenziate ha on_hit_status e on_hit_stress_delta popolati
  ---
  duration_ms: 6.279241
  type: 'test'
  ...
# Subtest: traitMechanics schema rifiuta on_hit_status con status_id non canonico
ok 180 - traitMechanics schema rifiuta on_hit_status con status_id non canonico
  ---
  duration_ms: 44.513298
  type: 'test'
  ...
# Subtest: traitMechanics schema rifiuta on_hit_stress_delta fuori range [-1, 1]
ok 181 - traitMechanics schema rifiuta on_hit_stress_delta fuori range [-1, 1]
  ---
  duration_ms: 43.324736
  type: 'test'
  ...
# Subtest: Fase 3-bis: coda_frusta_cinetica e hybrid (attack 1, defense 1, damage 0)
ok 182 - Fase 3-bis: coda_frusta_cinetica e hybrid (attack 1, defense 1, damage 0)
  ---
  duration_ms: 4.752932
  type: 'test'
  ...
# Subtest: Fase 3-bis: mobility discount selettivo solo per FME Alto
ok 183 - Fase 3-bis: mobility discount selettivo solo per FME Alto
  ---
  duration_ms: 3.755479
  type: 'test'
  ...
# Subtest: Fase 3-bis: damage_step cap <= 2 per tutti i 30 core
ok 184 - Fase 3-bis: damage_step cap <= 2 per tutti i 30 core
  ---
  duration_ms: 3.664949
  type: 'test'
  ...
# Subtest: Fase 3-bis: resistances presenti e coerenti (permissivo)
ok 185 - Fase 3-bis: resistances presenti e coerenti (permissivo)
  ---
  duration_ms: 3.856738
  type: 'test'
  ...
# Subtest: _enrichTacticalFlags — evasion detection
    # Subtest: sets flags.evasion when move increases distance to last attack target
    ok 1 - sets flags.evasion when move increases distance to last attack target
      ---
      duration_ms: 1.391268
      type: 'test'
      ...
    # Subtest: does NOT flag evasion when move advances toward target
    ok 2 - does NOT flag evasion when move advances toward target
      ---
      duration_ms: 0.542798
      type: 'test'
      ...
    # Subtest: evasion window: only same turn OR next turn after attack
    ok 3 - evasion window: only same turn OR next turn after attack
      ---
      duration_ms: 0.219387
      type: 'test'
      ...
    # Subtest: no evasion when no prior attack from same actor
    ok 4 - no evasion when no prior attack from same actor
      ---
      duration_ms: 0.392288
      type: 'test'
      ...
    1..4
ok 186 - _enrichTacticalFlags — evasion detection
  ---
  duration_ms: 3.823763
  type: 'suite'
  ...
# Subtest: _enrichTacticalFlags — retreat detection
    # Subtest: flags.retreat when actor HP ≤ 35% of max_hp at move time
    ok 1 - flags.retreat when actor HP ≤ 35% of max_hp at move time
      ---
      duration_ms: 0.353718
      type: 'test'
      ...
    # Subtest: NO retreat flag when actor HP above threshold
    ok 2 - NO retreat flag when actor HP above threshold
      ---
      duration_ms: 0.233602
      type: 'test'
      ...
    # Subtest: RETREAT_LOW_HP_RATIO is 0.35 (tunable constant exported)
    ok 3 - RETREAT_LOW_HP_RATIO is 0.35 (tunable constant exported)
      ---
      duration_ms: 0.286078
      type: 'test'
      ...
    1..3
ok 187 - _enrichTacticalFlags — retreat detection
  ---
  duration_ms: 1.940388
  type: 'suite'
  ...
# Subtest: evaluateConviction — inline flag enrichment integration
    # Subtest: evader playstyle registers MOVE_EVASION conviction delta
    ok 1 - evader playstyle registers MOVE_EVASION conviction delta
      ---
      duration_ms: 0.797962
      type: 'test'
      ...
    # Subtest: retreater registers RETREAT_LOW_HP conviction delta
    ok 2 - retreater registers RETREAT_LOW_HP conviction delta
      ---
      duration_ms: 0.426897
      type: 'test'
      ...
    # Subtest: baseline preserved when no tactical flags fire
    ok 3 - baseline preserved when no tactical flags fire
      ---
      duration_ms: 0.414047
      type: 'test'
      ...
    1..3
ok 188 - evaluateConviction — inline flag enrichment integration
  ---
  duration_ms: 1.941637
  type: 'suite'
  ...
# Subtest: GSD audit — promotions.yaml balance tweaks
    # Subtest: esploratore elite init reduced 5 → 4 (over-tune fix)
    ok 1 - esploratore elite init reduced 5 → 4 (over-tune fix)
      ---
      duration_ms: 0.187302
      type: 'test'
      ...
    # Subtest: esploratore master init reduced 6 → 5
    ok 2 - esploratore master init reduced 6 → 5
      ---
      duration_ms: 0.122423
      type: 'test'
      ...
    # Subtest: custode job_threshold_override defined (tank alt-path)
    ok 3 - custode job_threshold_override defined (tank alt-path)
      ---
      duration_ms: 0.112306
      type: 'test'
      ...
    1..3
ok 189 - GSD audit — promotions.yaml balance tweaks
  ---
  duration_ms: 0.623651
  type: 'suite'
  ...
# Subtest: convictionEngine: initialAxis returns 50/50/50 baseline
ok 190 - convictionEngine: initialAxis returns 50/50/50 baseline
  ---
  duration_ms: 1.513354
  type: 'test'
  ...
# Subtest: convictionEngine: applyDelta clamps within 0..100 bounds
ok 191 - convictionEngine: applyDelta clamps within 0..100 bounds
  ---
  duration_ms: 0.367746
  type: 'test'
  ...
# Subtest: convictionEngine: classifyEvent kill with mercy flag → morality+, utility-
ok 192 - convictionEngine: classifyEvent kill with mercy flag → morality+, utility-
  ---
  duration_ms: 0.329487
  type: 'test'
  ...
# Subtest: convictionEngine: classifyEvent kill low_hp no mercy → utility+, morality-
ok 193 - convictionEngine: classifyEvent kill low_hp no mercy → utility+, morality-
  ---
  duration_ms: 0.200467
  type: 'test'
  ...
# Subtest: convictionEngine: classifyEvent assist (heal) → morality+, utility+
ok 194 - convictionEngine: classifyEvent assist (heal) → morality+, utility+
  ---
  duration_ms: 0.262892
  type: 'test'
  ...
# Subtest: convictionEngine: evaluateConviction aggregates events across multiple actors
ok 195 - convictionEngine: evaluateConviction aggregates events across multiple actors
  ---
  duration_ms: 0.652968
  type: 'test'
  ...
# Subtest: convictionEngine: checkRecruitGate utility-high NPC refuses liberty-high player (AC2)
ok 196 - convictionEngine: checkRecruitGate utility-high NPC refuses liberty-high player (AC2)
  ---
  duration_ms: 0.442248
  type: 'test'
  ...
# Subtest: convictionEngine: buildConvictionSnapshot seeds all roster units even without events
ok 197 - convictionEngine: buildConvictionSnapshot seeds all roster units even without events
  ---
  duration_ms: 0.299136
  type: 'test'
  ...
# Subtest: vcScoring: buildVcSnapshot per_actor includes conviction_axis (debrief surface)
ok 198 - vcScoring: buildVcSnapshot per_actor includes conviction_axis (debrief surface)
  ---
  duration_ms: 4.29307
  type: 'test'
  ...
# [jwtAuth] AUTH_SECRET missing or too short (<16 chars); using dev fallback. NOT FOR PRODUCTION.
# {"component":"lobby-service","event":"create","ts":1778984705475,"code":"JXDC","host_id":"p_ba45b4d35454","host_name":"Host","max_players":4,"campaign_id":null}
# {"component":"lobby-service","event":"join","ts":1778984705487,"code":"JXDC","player_id":"p_a7639f7d4ded","player_name":"A","player_count":2}
# Subtest: broadcastCoopState emits debrief_payload when run.debrief present
ok 199 - broadcastCoopState emits debrief_payload when run.debrief present
  ---
  duration_ms: 107.951323
  type: 'test'
  ...
# {"component":"lobby-service","event":"create","ts":1778984705551,"code":"XTNQ","host_id":"p_5c27718b1062","host_name":"Host","max_players":4,"campaign_id":null}
# {"component":"lobby-service","event":"join","ts":1778984705554,"code":"XTNQ","player_id":"p_b81936cd6b3a","player_name":"A","player_count":2}
# Subtest: broadcastCoopState skips debrief_payload when payload absent (back-compat)
ok 200 - broadcastCoopState skips debrief_payload when payload absent (back-compat)
  ---
  duration_ms: 21.851739
  type: 'test'
  ...
# {"component":"lobby-service","event":"create","ts":1778984705572,"code":"HVBG","host_id":"p_c113ada285e7","host_name":"Host","max_players":4,"campaign_id":null}
# {"component":"lobby-service","event":"join","ts":1778984705575,"code":"HVBG","player_id":"p_b2fc7cf5e05b","player_name":"A","player_count":2}
# Subtest: debrief_payload broadcast ordered after debrief_ready_list
ok 201 - debrief_payload broadcast ordered after debrief_ready_list
  ---
  duration_ms: 15.038732
  type: 'test'
  ...
# {"component":"lobby-service","event":"create","ts":1778984705587,"code":"ZMVZ","host_id":"p_27fe9e3e0c1c","host_name":"Host","max_players":4,"campaign_id":null}
# {"component":"lobby-service","event":"join","ts":1778984705589,"code":"ZMVZ","player_id":"p_017014b40a57","player_name":"A","player_count":2}
# Subtest: debrief_payload broadcast NOT emitted in non-debrief phase
ok 202 - debrief_payload broadcast NOT emitted in non-debrief phase
  ---
  duration_ms: 8.289588
  type: 'test'
  ...
# [jwtAuth] AUTH_SECRET missing or too short (<16 chars); using dev fallback. NOT FOR PRODUCTION.
# {"component":"lobby-service","event":"create","ts":1778984705563,"code":"JBJG","host_id":"p_b627055a4c67","host_name":"H","max_players":8,"campaign_id":null}
# {"component":"lobby-service","event":"join","ts":1778984705576,"code":"JBJG","player_id":"p_5d543d775b07","player_name":"Alice","player_count":2}
# Subtest: combat/end transitions to debrief with outcome recorded
ok 203 - combat/end transitions to debrief with outcome recorded
  ---
  duration_ms: 113.973657
  type: 'test'
  ...
# {"component":"lobby-service","event":"create","ts":1778984705643,"code":"NTMM","host_id":"p_f1193e9ad3c8","host_name":"H","max_players":8,"campaign_id":null}
# {"component":"lobby-service","event":"join","ts":1778984705648,"code":"NTMM","player_id":"p_4072124956a2","player_name":"Alice","player_count":2}
# Subtest: debrief/choice advances to next scenario when all ready
ok 204 - debrief/choice advances to next scenario when all ready
  ---
  duration_ms: 24.414967
  type: 'test'
  ...
# {"component":"lobby-service","event":"create","ts":1778984705666,"code":"SSNB","host_id":"p_b59a5eb43c60","host_name":"H","max_players":8,"campaign_id":null}
# {"component":"lobby-service","event":"join","ts":1778984705669,"code":"SSNB","player_id":"p_a1f4f67f9f55","player_name":"Alice","player_count":2}
# Subtest: debrief/choice ends run on last scenario
ok 205 - debrief/choice ends run on last scenario
  ---
  duration_ms: 15.855808
  type: 'test'
  ...
# {"component":"lobby-service","event":"create","ts":1778984705686,"code":"PDDZ","host_id":"p_9948360028ad","host_name":"H","max_players":8,"campaign_id":null}
# {"component":"lobby-service","event":"join","ts":1778984705689,"code":"PDDZ","player_id":"p_0575ba598676","player_name":"Alice","player_count":2}
# Subtest: debrief rejected with bad player token
ok 206 - debrief rejected with bad player token
  ---
  duration_ms: 20.516125
  type: 'test'
  ...
# {"component":"lobby-service","event":"create","ts":1778984705704,"code":"HXDB","host_id":"p_f6f720def86c","host_name":"H","max_players":8,"campaign_id":null}
# {"component":"lobby-service","event":"join","ts":1778984705707,"code":"HXDB","player_id":"p_9a7b0351c2f6","player_name":"Alice","player_count":2}
# Subtest: debriefReadyList returns ready=true after choice submitted
ok 207 - debriefReadyList returns ready=true after choice submitted
  ---
  duration_ms: 21.555797
  type: 'test'
  ...
# Subtest: endCombat without debriefPayload (back-compat): run.debrief absent
ok 208 - endCombat without debriefPayload (back-compat): run.debrief absent
  ---
  duration_ms: 31.005334
  type: 'test'
  ...
# Subtest: endCombat with debriefPayload attaches to run.debrief
ok 209 - endCombat with debriefPayload attaches to run.debrief
  ---
  duration_ms: 0.912455
  type: 'test'
  ...
# Subtest: endCombat emits combat_ended with debrief field when payload provided
ok 210 - endCombat emits combat_ended with debrief field when payload provided
  ---
  duration_ms: 0.408082
  type: 'test'
  ...
# Subtest: endCombat back-compat path does NOT include debrief field in emit
ok 211 - endCombat back-compat path does NOT include debrief field in emit
  ---
  duration_ms: 0.299044
  type: 'test'
  ...
# Subtest: endCombat rejects non-object debriefPayload silently (back-compat default)
ok 212 - endCombat rejects non-object debriefPayload silently (back-compat default)
  ---
  duration_ms: 0.384253
  type: 'test'
  ...
# Subtest: endCombat accepts empty Dict debriefPayload (valid, empty per_actor)
ok 213 - endCombat accepts empty Dict debriefPayload (valid, empty per_actor)
  ---
  duration_ms: 0.593333
  type: 'test'
  ...
# Subtest: endCombat phase advance unaffected by debriefPayload presence
ok 214 - endCombat phase advance unaffected by debriefPayload presence
  ---
  duration_ms: 0.437806
  type: 'test'
  ...
# Subtest: submitCharacter idempotent on identical spec (no re-emit, reuse prior)
ok 215 - submitCharacter idempotent on identical spec (no re-emit, reuse prior)
  ---
  duration_ms: 34.922917
  type: 'test'
  ...
# Subtest: submitCharacter idempotent dedupe runs after phase advance to world_setup
ok 216 - submitCharacter idempotent dedupe runs after phase advance to world_setup
  ---
  duration_ms: 1.777059
  type: 'test'
  ...
# Subtest: submitCharacter throws not_in_character_creation only when no prior + wrong phase
ok 217 - submitCharacter throws not_in_character_creation only when no prior + wrong phase
  ---
  duration_ms: 0.739078
  type: 'test'
  ...
# Subtest: submitCharacter re-emits when spec changes (name swap)
ok 218 - submitCharacter re-emits when spec changes (name swap)
  ---
  duration_ms: 0.418863
  type: 'test'
  ...
# Subtest: worldTally exposes connected-only quorum when connectedPlayerIds passed
ok 219 - worldTally exposes connected-only quorum when connectedPlayerIds passed
  ---
  duration_ms: 0.548849
  type: 'test'
  ...
# Subtest: worldTally all_connected_accepted false when at least one connected reject
ok 220 - worldTally all_connected_accepted false when at least one connected reject
  ---
  duration_ms: 0.273901
  type: 'test'
  ...
# Subtest: worldTally all_connected_accepted false when zero connected players
ok 221 - worldTally all_connected_accepted false when zero connected players
  ---
  duration_ms: 0.381333
  type: 'test'
  ...
# Subtest: worldTally back-compat omits connected_* fields when arg missing
ok 222 - worldTally back-compat omits connected_* fields when arg missing
  ---
  duration_ms: 0.205432
  type: 'test'
  ...
# Subtest: PHASES covers lobby→onboarding→character_creation→world_setup→combat→debrief→ended
ok 223 - PHASES covers lobby→onboarding→character_creation→world_setup→combat→debrief→ended
  ---
  duration_ms: 1.282597
  type: 'test'
  ...
# Subtest: startOnboarding transitions lobby → onboarding
ok 224 - startOnboarding transitions lobby → onboarding
  ---
  duration_ms: 0.650315
  type: 'test'
  ...
# Subtest: submitOnboardingChoice host-only + auto-advance to character_creation
ok 225 - submitOnboardingChoice host-only + auto-advance to character_creation
  ---
  duration_ms: 0.518035
  type: 'test'
  ...
# Subtest: submitOnboardingChoice rejects invalid choice + wrong phase
ok 226 - submitOnboardingChoice rejects invalid choice + wrong phase
  ---
  duration_ms: 0.364261
  type: 'test'
  ...
# Subtest: startRun (legacy) still skips onboarding → character_creation
ok 227 - startRun (legacy) still skips onboarding → character_creation
  ---
  duration_ms: 0.261307
  type: 'test'
  ...
# Subtest: startRun transitions lobby → character_creation
ok 228 - startRun transitions lobby → character_creation
  ---
  duration_ms: 0.160951
  type: 'test'
  ...
# Subtest: submitCharacter stores spec + advances when all players ready
ok 229 - submitCharacter stores spec + advances when all players ready
  ---
  duration_ms: 0.309045
  type: 'test'
  ...
# Subtest: submitCharacter rejects invalid spec
ok 230 - submitCharacter rejects invalid spec
  ---
  duration_ms: 0.259441
  type: 'test'
  ...
# Subtest: confirmWorld transitions world_setup → combat
ok 231 - confirmWorld transitions world_setup → combat
  ---
  duration_ms: 0.415672
  type: 'test'
  ...
# Subtest: endCombat + submitDebriefChoice advance scenario or end
ok 232 - endCombat + submitDebriefChoice advance scenario or end
  ---
  duration_ms: 0.51456
  type: 'test'
  ...
# Subtest: run ends after last scenario
ok 233 - run ends after last scenario
  ---
  duration_ms: 0.27272
  type: 'test'
  ...
# Subtest: buildSessionStartPayload produces units with owner_id
ok 234 - buildSessionStartPayload produces units with owner_id
  ---
  duration_ms: 0.357107
  type: 'test'
  ...
# Subtest: characterToUnit standalone helper
ok 235 - characterToUnit standalone helper
  ---
  duration_ms: 0.158637
  type: 'test'
  ...
# Subtest: F-3: submitCharacter rejects playerId not in allPlayerIds
ok 236 - F-3: submitCharacter rejects playerId not in allPlayerIds
  ---
  duration_ms: 0.381771
  type: 'test'
  ...
# Subtest: F-2: forceAdvance from character_creation → world_setup
ok 237 - F-2: forceAdvance from character_creation → world_setup
  ---
  duration_ms: 0.253661
  type: 'test'
  ...
# Subtest: F-2: forceAdvance from debrief delegates to advanceScenarioOrEnd
ok 238 - F-2: forceAdvance from debrief delegates to advanceScenarioOrEnd
  ---
  duration_ms: 0.191189
  type: 'test'
  ...
# Subtest: Wave 3 \#1 — confirmWorld() from lobby throws not_in_world_setup
ok 239 - Wave 3 \#1 — confirmWorld() from lobby throws not_in_world_setup
  ---
  duration_ms: 0.178822
  type: 'test'
  ...
# Subtest: Wave 3 \#1b — confirmWorld() from character_creation throws not_in_world_setup
ok 240 - Wave 3 \#1b — confirmWorld() from character_creation throws not_in_world_setup
  ---
  duration_ms: 0.21784
  type: 'test'
  ...
# Subtest: Wave 3 \#5 — startRun() from combat phase throws cannot_start_from_phase
ok 241 - Wave 3 \#5 — startRun() from combat phase throws cannot_start_from_phase
  ---
  duration_ms: 0.235116
  type: 'test'
  ...
# Subtest: Wave 3 \#5b — startRun() from character_creation + world_setup + debrief throws
ok 242 - Wave 3 \#5b — startRun() from character_creation + world_setup + debrief throws
  ---
  duration_ms: 0.298528
  type: 'test'
  ...
# Subtest: Wave 3 \#5c — startRun() from ended phase succeeds (re-run after run completion)
ok 243 - Wave 3 \#5c — startRun() from ended phase succeeds (re-run after run completion)
  ---
  duration_ms: 0.236288
  type: 'test'
  ...
# Subtest: F-2: forceAdvance rejected from combat/lobby/ended
ok 244 - F-2: forceAdvance rejected from combat/lobby/ended
  ---
  duration_ms: 0.334583
  type: 'test'
  ...
# Subtest: W7 — submitNextMacro advance from debrief delegates to advanceScenarioOrEnd
ok 245 - W7 — submitNextMacro advance from debrief delegates to advanceScenarioOrEnd
  ---
  duration_ms: 1.000464
  type: 'test'
  ...
# Subtest: W7 — submitNextMacro retreat from debrief forces ended + records outcome
ok 246 - W7 — submitNextMacro retreat from debrief forces ended + records outcome
  ---
  duration_ms: 0.23528
  type: 'test'
  ...
# Subtest: W7 — submitNextMacro retreat preserves run.outcome=retreated when null
ok 247 - W7 — submitNextMacro retreat preserves run.outcome=retreated when null
  ---
  duration_ms: 0.214445
  type: 'test'
  ...
# Subtest: W7 — submitNextMacro rejects non-host + invalid choice + wrong phase
ok 248 - W7 — submitNextMacro rejects non-host + invalid choice + wrong phase
  ---
  duration_ms: 0.426774
  type: 'test'
  ...
# Subtest: W7 — submitNextMacro from world_setup post-debrief auto-advance is no-op (Codex P2 \#2075)
ok 249 - W7 — submitNextMacro from world_setup post-debrief auto-advance is no-op (Codex P2 \#2075)
  ---
  duration_ms: 0.319622
  type: 'test'
  ...
# Subtest: W7 — submitNextMacro from ended phase no-ops cleanly
ok 250 - W7 — submitNextMacro from ended phase no-ops cleanly
  ---
  duration_ms: 0.285386
  type: 'test'
  ...
# Subtest: W4 — submitFormPulse stores per-player axes + returns ready_set
ok 251 - W4 — submitFormPulse stores per-player axes + returns ready_set
  ---
  duration_ms: 0.398657
  type: 'test'
  ...
# Subtest: W4 — submitFormPulse drops non-numeric axes + accepts re-submit overwrite
ok 252 - W4 — submitFormPulse drops non-numeric axes + accepts re-submit overwrite
  ---
  duration_ms: 0.354783
  type: 'test'
  ...
# Subtest: W4 — submitFormPulse throws when run not started or playerId missing
ok 253 - W4 — submitFormPulse throws when run not started or playerId missing
  ---
  duration_ms: 0.307776
  type: 'test'
  ...
# Subtest: W4 — formPulses cleared on advanceScenarioOrEnd
ok 254 - W4 — formPulses cleared on advanceScenarioOrEnd
  ---
  duration_ms: 0.417315
  type: 'test'
  ...
# Subtest: log captures phase_change + run_started events
ok 255 - log captures phase_change + run_started events
  ---
  duration_ms: 0.194533
  type: 'test'
  ...
# Subtest: POST /api/coop/run/start requires host_token
ok 256 - POST /api/coop/run/start requires host_token
  ---
  duration_ms: 40.695689
  type: 'test'
  ...
# [jwtAuth] AUTH_SECRET missing or too short (<16 chars); using dev fallback. NOT FOR PRODUCTION.
# {"component":"lobby-service","event":"create","ts":1778984706024,"code":"GRWB","host_id":"p_a732d4dc5f4f","host_name":"Host","max_players":4,"campaign_id":null}
# {"component":"lobby-service","event":"join","ts":1778984706029,"code":"GRWB","player_id":"p_cd9a169061e1","player_name":"Alice","player_count":2}
# Subtest: full flow: create room → join → run start → character create → world confirm
ok 257 - full flow: create room → join → run start → character create → world confirm
  ---
  duration_ms: 62.233698
  type: 'test'
  ...
# {"component":"lobby-service","event":"create","ts":1778984706082,"code":"NSHH","host_id":"p_ea99bff9d1d5","host_name":"H","max_players":8,"campaign_id":null}
# {"component":"lobby-service","event":"join","ts":1778984706086,"code":"NSHH","player_id":"p_5555986eac70","player_name":"P","player_count":2}
# Subtest: character/create rejects invalid spec
ok 258 - character/create rejects invalid spec
  ---
  duration_ms: 16.091359
  type: 'test'
  ...
# {"component":"lobby-service","event":"create","ts":1778984706097,"code":"RMTL","host_id":"p_fa67b6984b04","host_name":"H","max_players":8,"campaign_id":null}
# Subtest: world/confirm requires run started
ok 259 - world/confirm requires run started
  ---
  duration_ms: 5.927842
  type: 'test'
  ...
# Subtest: state endpoint returns 404 for unknown room
ok 260 - state endpoint returns 404 for unknown room
  ---
  duration_ms: 3.424796
  type: 'test'
  ...
# {"component":"lobby-service","event":"create","ts":1778984706106,"code":"CQDZ","host_id":"p_8e47134e8015","host_name":"H","max_players":4,"campaign_id":null}
# {"component":"lobby-service","event":"join","ts":1778984706109,"code":"CQDZ","player_id":"p_9a3521e90dc4","player_name":"Alice","player_count":2}
# {"component":"lobby-service","event":"join","ts":1778984706111,"code":"CQDZ","player_id":"p_8c65a601b5d6","player_name":"Bob","player_count":3}
# Subtest: F-2: POST /api/coop/run/force-advance unsticks character_creation
ok 261 - F-2: POST /api/coop/run/force-advance unsticks character_creation
  ---
  duration_ms: 12.97755
  type: 'test'
  ...
# {"component":"lobby-service","event":"create","ts":1778984706120,"code":"ZNCJ","host_id":"p_1cf210a9da84","host_name":"H","max_players":8,"campaign_id":null}
# Subtest: F-2: force-advance rejects non-host caller
ok 262 - F-2: force-advance rejects non-host caller
  ---
  duration_ms: 7.949729
  type: 'test'
  ...
# {"component":"lobby-service","event":"create","ts":1778984706127,"code":"XFRG","host_id":"p_0cd2e7bea933","host_name":"H","max_players":8,"campaign_id":null}
# {"component":"lobby-service","event":"join","ts":1778984706133,"code":"XFRG","player_id":"p_1133628e26ac","player_name":"Alice","player_count":2}
# Subtest: F-2: force-advance rejects when not_in_allowed_phase
ok 263 - F-2: force-advance rejects when not_in_allowed_phase
  ---
  duration_ms: 15.810888
  type: 'test'
  ...
# {"component":"lobby-service","event":"create","ts":1778984706144,"code":"DJXL","host_id":"p_8843901adfa5","host_name":"H","max_players":8,"campaign_id":null}
# {"component":"lobby-service","event":"join","ts":1778984706146,"code":"DJXL","player_id":"p_ff89518ba181","player_name":"Alice","player_count":2}
# Subtest: combat/end transitions combat → debrief (host authed)
ok 264 - combat/end transitions combat → debrief (host authed)
  ---
  duration_ms: 14.86901
  type: 'test'
  ...
# [jwtAuth] AUTH_SECRET missing or too short (<16 chars); using dev fallback. NOT FOR PRODUCTION.
# {"component":"lobby-service","event":"create","ts":1778984706011,"code":"SSSP","host_id":"p_29712ea131e4","host_name":"H","max_players":8,"campaign_id":null}
# {"component":"lobby-service","event":"join","ts":1778984706023,"code":"SSSP","player_id":"p_8f4bba7da0b1","player_name":"Alice","player_count":2}
# {"component":"lobby-service","event":"join","ts":1778984706028,"code":"SSSP","player_id":"p_f0d0f455eba5","player_name":"Bruno","player_count":3}
# Subtest: POST /api/coop/world/vote records accept + updates tally
ok 265 - POST /api/coop/world/vote records accept + updates tally
  ---
  duration_ms: 109.850862
  type: 'test'
  ...
# {"component":"lobby-service","event":"create","ts":1778984706085,"code":"PDHJ","host_id":"p_35fde1cd8fe9","host_name":"H","max_players":8,"campaign_id":null}
# {"component":"lobby-service","event":"join","ts":1778984706090,"code":"PDHJ","player_id":"p_677a3b9ae9e2","player_name":"Alice","player_count":2}
# {"component":"lobby-service","event":"join","ts":1778984706094,"code":"PDHJ","player_id":"p_54020462c88a","player_name":"Bruno","player_count":3}
# Subtest: player may change vote (latest wins)
ok 266 - player may change vote (latest wins)
  ---
  duration_ms: 24.989179
  type: 'test'
  ...
# {"component":"lobby-service","event":"create","ts":1778984706109,"code":"HNVF","host_id":"p_6ef9002f7337","host_name":"H","max_players":8,"campaign_id":null}
# {"component":"lobby-service","event":"join","ts":1778984706111,"code":"HNVF","player_id":"p_ffe376be5cbe","player_name":"Alice","player_count":2}
# {"component":"lobby-service","event":"join","ts":1778984706114,"code":"HNVF","player_id":"p_c3735bdc4423","player_name":"Bruno","player_count":3}
# Subtest: vote rejected with bad token
ok 267 - vote rejected with bad token
  ---
  duration_ms: 17.380398
  type: 'test'
  ...
# {"component":"lobby-service","event":"create","ts":1778984706127,"code":"JWKT","host_id":"p_a5fdcf6a802f","host_name":"H","max_players":8,"campaign_id":null}
# {"component":"lobby-service","event":"join","ts":1778984706129,"code":"JWKT","player_id":"p_d4c1651b5816","player_name":"Alice","player_count":2}
# {"component":"lobby-service","event":"join","ts":1778984706131,"code":"JWKT","player_id":"p_c5ee8e46adef","player_name":"Bruno","player_count":3}
# Subtest: vote rejected outside world_setup phase (after confirm)
ok 268 - vote rejected outside world_setup phase (after confirm)
  ---
  duration_ms: 18.164941
  type: 'test'
  ...
# {"component":"lobby-service","event":"create","ts":1778984706145,"code":"LFTK","host_id":"p_afe445e7d7e1","host_name":"H","max_players":8,"campaign_id":null}
# {"component":"lobby-service","event":"join","ts":1778984706147,"code":"LFTK","player_id":"p_473da1c7405a","player_name":"Alice","player_count":2}
# {"component":"lobby-service","event":"join","ts":1778984706149,"code":"LFTK","player_id":"p_2e6a31b1d080","player_name":"Bruno","player_count":3}
# Subtest: tally includes pending for not-yet-voted players
ok 269 - tally includes pending for not-yet-voted players
  ---
  duration_ms: 16.476337
  type: 'test'
  ...
# [jwtAuth] AUTH_SECRET missing or too short (<16 chars); using dev fallback. NOT FOR PRODUCTION.
# {"component":"lobby-service","event":"create","ts":1778984705922,"code":"TZGZ","host_id":"p_605e4771a898","host_name":"TV","max_players":8,"campaign_id":null}
# {"component":"lobby-service","event":"join","ts":1778984705923,"code":"TZGZ","player_id":"p_bc2acc8bcb1d","player_name":"Bob","player_count":2}
# {"component":"lobby-service","event":"host_grace_fire_transfer","ts":1778984706052,"code":"TZGZ","prev_host_id":"p_605e4771a898","new_host_id":"p_bc2acc8bcb1d"}
# {"component":"lobby-service","event":"create","ts":1778984706057,"code":"GLZZ","host_id":"p_4631764b7641","host_name":"TV","max_players":8,"campaign_id":null}
# {"component":"lobby-service","event":"join","ts":1778984706057,"code":"GLZZ","player_id":"p_59404d8c3b6c","player_name":"Bob","player_count":2}
# Subtest: F-1: host transfer after drop rebroadcasts coop phase_change to survivors
ok 270 - F-1: host transfer after drop rebroadcasts coop phase_change to survivors
  ---
  duration_ms: 140.59184
  type: 'test'
  ...
# {"component":"lobby-service","event":"host_grace_fire_transfer","ts":1778984706126,"code":"GLZZ","prev_host_id":"p_4631764b7641","new_host_id":"p_59404d8c3b6c"}
# {"component":"lobby-service","event":"host_grace_fire_close","ts":1778984706140,"code":"TZGZ","prev_host_id":"p_bc2acc8bcb1d","reason":"no_candidate"}
# {"component":"lobby-service","event":"room_close","ts":1778984706141,"code":"TZGZ","reason":"host_dropped_no_candidate","player_count":2}
# Subtest: F-1: host transfer without coopStore is no-op (backward compat)
ok 271 - F-1: host transfer without coopStore is no-op (backward compat)
  ---
  duration_ms: 259.455774
  type: 'test'
  ...
# Subtest: computeRecruitAffinity — regular kill baseline +1
ok 272 - computeRecruitAffinity — regular kill baseline +1
  ---
  duration_ms: 14.974839
  type: 'test'
  ...
# Subtest: computeRecruitAffinity — boss baseline +1
ok 273 - computeRecruitAffinity — boss baseline +1
  ---
  duration_ms: 0.426679
  type: 'test'
  ...
# Subtest: computeRecruitAffinity — same MBTI grants +2 resonance
ok 274 - computeRecruitAffinity — same MBTI grants +2 resonance
  ---
  duration_ms: 0.392803
  type: 'test'
  ...
# Subtest: computeRecruitAffinity — compat likes grants +1
ok 275 - computeRecruitAffinity — compat likes grants +1
  ---
  duration_ms: 0.431963
  type: 'test'
  ...
# Subtest: computeRecruitAffinity — compat dislikes grants -1
ok 276 - computeRecruitAffinity — compat dislikes grants -1
  ---
  duration_ms: 0.347637
  type: 'test'
  ...
# Subtest: computeRecruitAffinity — missing MBTI ignores compat term
ok 277 - computeRecruitAffinity — missing MBTI ignores compat term
  ---
  duration_ms: 0.291803
  type: 'test'
  ...
# Subtest: computeRecruitAffinity — null/invalid input returns 0 affinity
ok 278 - computeRecruitAffinity — null/invalid input returns 0 affinity
  ---
  duration_ms: 0.496965
  type: 'test'
  ...
# Subtest: RECRUIT_AFFINITY_UI_THRESHOLD exported as 1
ok 279 - RECRUIT_AFFINITY_UI_THRESHOLD exported as 1
  ---
  duration_ms: 0.348635
  type: 'test'
  ...
# Subtest: api.metaRecruit — backward compat (no extra args)
ok 280 - api.metaRecruit — backward compat (no extra args)
  ---
  duration_ms: 1.122676
  type: 'test'
  ...
# Subtest: api.metaRecruit — passes sourceSessionId + affinityAtRecruit when provided
ok 281 - api.metaRecruit — passes sourceSessionId + affinityAtRecruit when provided
  ---
  duration_ms: 1.012052
  type: 'test'
  ...
# [prisma] client non disponibile, uso stub in memoria DATABASE_URL non configurato
# unknown format "uri" ignored in schema at path "\#/properties/share_url/anyOf/1"
# unknown format "uri" ignored in schema at path "\#/properties/share_url/anyOf/1"
# [jobs] caricato /app/data/core/jobs.yaml: 8 base + 4 expansion = 12 job
# [plugin-loader] 8 plugins loaded: narrative, meta, tutorial, jobs, forms, progression, mutations, lineage
# [auth] nessun provider configurato: gli endpoint non sono protetti
# [trait-effects] 500 trait attivi caricati da /app/data/core/traits/active_effects.yaml
# [fairness] cap_pt_max=1 caricato da /app/data/packs.yaml
# [vc-scoring] telemetry config caricato: 6 indici, 4 MBTI, 9 Ennea
# [ai-profiles] caricato /app/packs/evo_tactics_pack/data/balance/ai_profiles.yaml: 7 profile, utility_brain ON: [aggressive, aggressive_with_stickiness, aggressive_sticky_30, aggressive_commit_window]
# unknown format "uri" ignored in schema at path "\#/properties/share_url/anyOf/1"
# unknown format "uri" ignored in schema at path "\#/properties/share_url/anyOf/1"
# [jobs] caricato /app/data/core/jobs.yaml: 8 base + 4 expansion = 12 job
# [plugin-loader] 8 plugins loaded: narrative, meta, tutorial, jobs, forms, progression, mutations, lineage
# [auth] nessun provider configurato: gli endpoint non sono protetti
# [trait-effects] 500 trait attivi caricati da /app/data/core/traits/active_effects.yaml
# [fairness] cap_pt_max=1 caricato da /app/data/packs.yaml
# [vc-scoring] telemetry config caricato: 6 indici, 4 MBTI, 9 Ennea
# [ai-profiles] caricato /app/packs/evo_tactics_pack/data/balance/ai_profiles.yaml: 7 profile, utility_brain ON: [aggressive, aggressive_with_stickiness, aggressive_sticky_30, aggressive_commit_window]
# Subtest: POST /defy happy path — drops pressure, spends SG, sets defy_penalty
ok 282 - POST /defy happy path — drops pressure, spends SG, sets defy_penalty
  ---
  duration_ms: 928.00291
  type: 'test'
  ...
# unknown format "uri" ignored in schema at path "\#/properties/share_url/anyOf/1"
# unknown format "uri" ignored in schema at path "\#/properties/share_url/anyOf/1"
# [jobs] caricato /app/data/core/jobs.yaml: 8 base + 4 expansion = 12 job
# [plugin-loader] 8 plugins loaded: narrative, meta, tutorial, jobs, forms, progression, mutations, lineage
# [auth] nessun provider configurato: gli endpoint non sono protetti
# [trait-effects] 500 trait attivi caricati da /app/data/core/traits/active_effects.yaml
# [fairness] cap_pt_max=1 caricato da /app/data/packs.yaml
# [vc-scoring] telemetry config caricato: 6 indici, 4 MBTI, 9 Ennea
# [ai-profiles] caricato /app/packs/evo_tactics_pack/data/balance/ai_profiles.yaml: 7 profile, utility_brain ON: [aggressive, aggressive_with_stickiness, aggressive_sticky_30, aggressive_commit_window]
# Subtest: POST /defy: 409 insufficient_sg
ok 283 - POST /defy: 409 insufficient_sg
  ---
  duration_ms: 576.71187
  type: 'test'
  ...
# unknown format "uri" ignored in schema at path "\#/properties/share_url/anyOf/1"
# unknown format "uri" ignored in schema at path "\#/properties/share_url/anyOf/1"
# [jobs] caricato /app/data/core/jobs.yaml: 8 base + 4 expansion = 12 job
# [plugin-loader] 8 plugins loaded: narrative, meta, tutorial, jobs, forms, progression, mutations, lineage
# [auth] nessun provider configurato: gli endpoint non sono protetti
# [trait-effects] 500 trait attivi caricati da /app/data/core/traits/active_effects.yaml
# [fairness] cap_pt_max=1 caricato da /app/data/packs.yaml
# [vc-scoring] telemetry config caricato: 6 indici, 4 MBTI, 9 Ennea
# [ai-profiles] caricato /app/packs/evo_tactics_pack/data/balance/ai_profiles.yaml: 7 profile, utility_brain ON: [aggressive, aggressive_with_stickiness, aggressive_sticky_30, aggressive_commit_window]
# Subtest: POST /defy: 409 no_pressure_to_relieve when pressure 0
ok 284 - POST /defy: 409 no_pressure_to_relieve when pressure 0
  ---
  duration_ms: 537.700501
  type: 'test'
  ...
# unknown format "uri" ignored in schema at path "\#/properties/share_url/anyOf/1"
# unknown format "uri" ignored in schema at path "\#/properties/share_url/anyOf/1"
# [jobs] caricato /app/data/core/jobs.yaml: 8 base + 4 expansion = 12 job
# [plugin-loader] 8 plugins loaded: narrative, meta, tutorial, jobs, forms, progression, mutations, lineage
# [auth] nessun provider configurato: gli endpoint non sono protetti
# [trait-effects] 500 trait attivi caricati da /app/data/core/traits/active_effects.yaml
# [fairness] cap_pt_max=1 caricato da /app/data/packs.yaml
# [vc-scoring] telemetry config caricato: 6 indici, 4 MBTI, 9 Ennea
# [ai-profiles] caricato /app/packs/evo_tactics_pack/data/balance/ai_profiles.yaml: 7 profile, utility_brain ON: [aggressive, aggressive_with_stickiness, aggressive_sticky_30, aggressive_commit_window]
# Subtest: POST /defy: 409 not_player_controlled when actor is sistema
ok 285 - POST /defy: 409 not_player_controlled when actor is sistema
  ---
  duration_ms: 475.949918
  type: 'test'
  ...
# unknown format "uri" ignored in schema at path "\#/properties/share_url/anyOf/1"
# unknown format "uri" ignored in schema at path "\#/properties/share_url/anyOf/1"
# [jobs] caricato /app/data/core/jobs.yaml: 8 base + 4 expansion = 12 job
# [plugin-loader] 8 plugins loaded: narrative, meta, tutorial, jobs, forms, progression, mutations, lineage
# [auth] nessun provider configurato: gli endpoint non sono protetti
# [trait-effects] 500 trait attivi caricati da /app/data/core/traits/active_effects.yaml
# [fairness] cap_pt_max=1 caricato da /app/data/packs.yaml
# [vc-scoring] telemetry config caricato: 6 indici, 4 MBTI, 9 Ennea
# [ai-profiles] caricato /app/packs/evo_tactics_pack/data/balance/ai_profiles.yaml: 7 profile, utility_brain ON: [aggressive, aggressive_with_stickiness, aggressive_sticky_30, aggressive_commit_window]
# Subtest: POST /defy: 400 actor_not_found
ok 286 - POST /defy: 400 actor_not_found
  ---
  duration_ms: 644.411854
  type: 'test'
  ...
# unknown format "uri" ignored in schema at path "\#/properties/share_url/anyOf/1"
# unknown format "uri" ignored in schema at path "\#/properties/share_url/anyOf/1"
# [jobs] caricato /app/data/core/jobs.yaml: 8 base + 4 expansion = 12 job
# [plugin-loader] 8 plugins loaded: narrative, meta, tutorial, jobs, forms, progression, mutations, lineage
# [auth] nessun provider configurato: gli endpoint non sono protetti
# [trait-effects] 500 trait attivi caricati da /app/data/core/traits/active_effects.yaml
# [fairness] cap_pt_max=1 caricato da /app/data/packs.yaml
# [vc-scoring] telemetry config caricato: 6 indici, 4 MBTI, 9 Ennea
# [ai-profiles] caricato /app/packs/evo_tactics_pack/data/balance/ai_profiles.yaml: 7 profile, utility_brain ON: [aggressive, aggressive_with_stickiness, aggressive_sticky_30, aggressive_commit_window]
# Subtest: POST /defy: pressure clamps at 0 on overshoot
ok 287 - POST /defy: pressure clamps at 0 on overshoot
  ---
  duration_ms: 507.899804
  type: 'test'
  ...
# [trait-effects] 500 trait attivi caricati da /app/data/core/traits/active_effects.yaml
# unknown format "uri" ignored in schema at path "\#/properties/share_url/anyOf/1"
# unknown format "uri" ignored in schema at path "\#/properties/share_url/anyOf/1"
# [jobs] caricato /app/data/core/jobs.yaml: 8 base + 4 expansion = 12 job
# [plugin-loader] 8 plugins loaded: narrative, meta, tutorial, jobs, forms, progression, mutations, lineage
# [auth] nessun provider configurato: gli endpoint non sono protetti
# [trait-effects] 500 trait attivi caricati da /app/data/core/traits/active_effects.yaml
# [fairness] cap_pt_max=1 caricato da /app/data/packs.yaml
# [vc-scoring] telemetry config caricato: 6 indici, 4 MBTI, 9 Ennea
# [ai-profiles] caricato /app/packs/evo_tactics_pack/data/balance/ai_profiles.yaml: 7 profile, utility_brain ON: [aggressive, aggressive_with_stickiness, aggressive_sticky_30, aggressive_commit_window]
# Subtest: POST /defy: AP penalty applied on next turn refill (status decay cycle)
ok 288 - POST /defy: AP penalty applied on next turn refill (status decay cycle)
  ---
  duration_ms: 608.075337
  type: 'test'
  ...
# Subtest: POST /defy: event appended to session.events
ok 289 - POST /defy: event appended to session.events
  ---
  duration_ms: 427.849367
  type: 'test'
  ...
# Subtest: dialogueLoader: loadConvictionBranches returns >=5 sample branches
ok 290 - dialogueLoader: loadConvictionBranches returns >=5 sample branches
  ---
  duration_ms: 9.187519
  type: 'test'
  ...
# Subtest: dialogueLoader: getBranch finds branch by id (prisoner_choice canonical)
ok 291 - dialogueLoader: getBranch finds branch by id (prisoner_choice canonical)
  ---
  duration_ms: 3.949811
  type: 'test'
  ...
# Subtest: dialogueLoader: getBranch returns null for unknown id
ok 292 - dialogueLoader: getBranch returns null for unknown id
  ---
  duration_ms: 2.48747
  type: 'test'
  ...
# Subtest: dialogueLoader: findEligible returns all branches for neutral snapshot (no threshold)
ok 293 - dialogueLoader: findEligible returns all branches for neutral snapshot (no threshold)
  ---
  duration_ms: 2.832045
  type: 'test'
  ...
# Subtest: dialogueLoader: findEligible respects axis_threshold (utility>=60 + liberty>=40)
ok 294 - dialogueLoader: findEligible respects axis_threshold (utility>=60 + liberty>=40)
  ---
  duration_ms: 2.087724
  type: 'test'
  ...
# Subtest: dialogueLoader: findEligible empty for unmet morality threshold (pack_unity)
ok 295 - dialogueLoader: findEligible empty for unmet morality threshold (pack_unity)
  ---
  duration_ms: 5.670589
  type: 'test'
  ...
# Subtest: dialogueLoader: findEligible respects morality>=65 threshold (pack_unity)
ok 296 - dialogueLoader: findEligible respects morality>=65 threshold (pack_unity)
  ---
  duration_ms: 1.874306
  type: 'test'
  ...
# Subtest: dialogueLoader: getChoice finds choice within branch
ok 297 - dialogueLoader: getChoice finds choice within branch
  ---
  duration_ms: 1.788281
  type: 'test'
  ...
# Subtest: dialogueLoader: findEligible handles null snapshot gracefully
ok 298 - dialogueLoader: findEligible handles null snapshot gracefully
  ---
  duration_ms: 1.317934
  type: 'test'
  ...
# [prisma] client non disponibile, uso stub in memoria DATABASE_URL non configurato
# unknown format "uri" ignored in schema at path "\#/properties/share_url/anyOf/1"
# unknown format "uri" ignored in schema at path "\#/properties/share_url/anyOf/1"
# [jobs] caricato /app/data/core/jobs.yaml: 8 base + 4 expansion = 12 job
# [plugin-loader] 8 plugins loaded: narrative, meta, tutorial, jobs, forms, progression, mutations, lineage
# [auth] nessun provider configurato: gli endpoint non sono protetti
# [trait-effects] 500 trait attivi caricati da /app/data/core/traits/active_effects.yaml
# [fairness] cap_pt_max=1 caricato da /app/data/packs.yaml
# [vc-scoring] telemetry config caricato: 6 indici, 4 MBTI, 9 Ennea
# [ai-profiles] caricato /app/packs/evo_tactics_pack/data/balance/ai_profiles.yaml: 7 profile, utility_brain ON: [aggressive, aggressive_with_stickiness, aggressive_sticky_30, aggressive_commit_window]
# unknown format "uri" ignored in schema at path "\#/properties/share_url/anyOf/1"
# unknown format "uri" ignored in schema at path "\#/properties/share_url/anyOf/1"
# [jobs] caricato /app/data/core/jobs.yaml: 8 base + 4 expansion = 12 job
# [plugin-loader] 8 plugins loaded: narrative, meta, tutorial, jobs, forms, progression, mutations, lineage
# [auth] nessun provider configurato: gli endpoint non sono protetti
# [trait-effects] 500 trait attivi caricati da /app/data/core/traits/active_effects.yaml
# [fairness] cap_pt_max=1 caricato da /app/data/packs.yaml
# [vc-scoring] telemetry config caricato: 6 indici, 4 MBTI, 9 Ennea
# [ai-profiles] caricato /app/packs/evo_tactics_pack/data/balance/ai_profiles.yaml: 7 profile, utility_brain ON: [aggressive, aggressive_with_stickiness, aggressive_sticky_30, aggressive_commit_window]
# Subtest: GET /api/diary/:unit_id — empty diary returns 200 with zero entries
ok 299 - GET /api/diary/:unit_id — empty diary returns 200 with zero entries
  ---
  duration_ms: 1150.493189
  type: 'test'
  ...
# unknown format "uri" ignored in schema at path "\#/properties/share_url/anyOf/1"
# unknown format "uri" ignored in schema at path "\#/properties/share_url/anyOf/1"
# [jobs] caricato /app/data/core/jobs.yaml: 8 base + 4 expansion = 12 job
# [plugin-loader] 8 plugins loaded: narrative, meta, tutorial, jobs, forms, progression, mutations, lineage
# [auth] nessun provider configurato: gli endpoint non sono protetti
# [trait-effects] 500 trait attivi caricati da /app/data/core/traits/active_effects.yaml
# [fairness] cap_pt_max=1 caricato da /app/data/packs.yaml
# [vc-scoring] telemetry config caricato: 6 indici, 4 MBTI, 9 Ennea
# [ai-profiles] caricato /app/packs/evo_tactics_pack/data/balance/ai_profiles.yaml: 7 profile, utility_brain ON: [aggressive, aggressive_with_stickiness, aggressive_sticky_30, aggressive_commit_window]
# Subtest: POST /api/diary/:unit_id — happy path appends + returns 201
ok 300 - POST /api/diary/:unit_id — happy path appends + returns 201
  ---
  duration_ms: 642.618316
  type: 'test'
  ...
# unknown format "uri" ignored in schema at path "\#/properties/share_url/anyOf/1"
# unknown format "uri" ignored in schema at path "\#/properties/share_url/anyOf/1"
# [jobs] caricato /app/data/core/jobs.yaml: 8 base + 4 expansion = 12 job
# [plugin-loader] 8 plugins loaded: narrative, meta, tutorial, jobs, forms, progression, mutations, lineage
# [auth] nessun provider configurato: gli endpoint non sono protetti
# [trait-effects] 500 trait attivi caricati da /app/data/core/traits/active_effects.yaml
# [fairness] cap_pt_max=1 caricato da /app/data/packs.yaml
# [vc-scoring] telemetry config caricato: 6 indici, 4 MBTI, 9 Ennea
# [ai-profiles] caricato /app/packs/evo_tactics_pack/data/balance/ai_profiles.yaml: 7 profile, utility_brain ON: [aggressive, aggressive_with_stickiness, aggressive_sticky_30, aggressive_commit_window]
# Subtest: POST /api/diary/:unit_id — invalid event_type → 409 with allowed list
ok 301 - POST /api/diary/:unit_id — invalid event_type → 409 with allowed list
  ---
  duration_ms: 547.398226
  type: 'test'
  ...
# unknown format "uri" ignored in schema at path "\#/properties/share_url/anyOf/1"
# unknown format "uri" ignored in schema at path "\#/properties/share_url/anyOf/1"
# [jobs] caricato /app/data/core/jobs.yaml: 8 base + 4 expansion = 12 job
# [plugin-loader] 8 plugins loaded: narrative, meta, tutorial, jobs, forms, progression, mutations, lineage
# [auth] nessun provider configurato: gli endpoint non sono protetti
# [trait-effects] 500 trait attivi caricati da /app/data/core/traits/active_effects.yaml
# [fairness] cap_pt_max=1 caricato da /app/data/packs.yaml
# [vc-scoring] telemetry config caricato: 6 indici, 4 MBTI, 9 Ennea
# [ai-profiles] caricato /app/packs/evo_tactics_pack/data/balance/ai_profiles.yaml: 7 profile, utility_brain ON: [aggressive, aggressive_with_stickiness, aggressive_sticky_30, aggressive_commit_window]
# Subtest: POST /api/diary/:unit_id — invalid unit_id → 400
ok 302 - POST /api/diary/:unit_id — invalid unit_id → 400
  ---
  duration_ms: 640.203232
  type: 'test'
  ...
# unknown format "uri" ignored in schema at path "\#/properties/share_url/anyOf/1"
# unknown format "uri" ignored in schema at path "\#/properties/share_url/anyOf/1"
# [jobs] caricato /app/data/core/jobs.yaml: 8 base + 4 expansion = 12 job
# [plugin-loader] 8 plugins loaded: narrative, meta, tutorial, jobs, forms, progression, mutations, lineage
# [auth] nessun provider configurato: gli endpoint non sono protetti
# [trait-effects] 500 trait attivi caricati da /app/data/core/traits/active_effects.yaml
# [fairness] cap_pt_max=1 caricato da /app/data/packs.yaml
# [vc-scoring] telemetry config caricato: 6 indici, 4 MBTI, 9 Ennea
# [ai-profiles] caricato /app/packs/evo_tactics_pack/data/balance/ai_profiles.yaml: 7 profile, utility_brain ON: [aggressive, aggressive_with_stickiness, aggressive_sticky_30, aggressive_commit_window]
# Subtest: GET /api/diary/:unit_id — returns appended entries chronologically
ok 303 - GET /api/diary/:unit_id — returns appended entries chronologically
  ---
  duration_ms: 599.595297
  type: 'test'
  ...
# unknown format "uri" ignored in schema at path "\#/properties/share_url/anyOf/1"
# unknown format "uri" ignored in schema at path "\#/properties/share_url/anyOf/1"
# [jobs] caricato /app/data/core/jobs.yaml: 8 base + 4 expansion = 12 job
# [plugin-loader] 8 plugins loaded: narrative, meta, tutorial, jobs, forms, progression, mutations, lineage
# [auth] nessun provider configurato: gli endpoint non sono protetti
# [trait-effects] 500 trait attivi caricati da /app/data/core/traits/active_effects.yaml
# [fairness] cap_pt_max=1 caricato da /app/data/packs.yaml
# [vc-scoring] telemetry config caricato: 6 indici, 4 MBTI, 9 Ennea
# [ai-profiles] caricato /app/packs/evo_tactics_pack/data/balance/ai_profiles.yaml: 7 profile, utility_brain ON: [aggressive, aggressive_with_stickiness, aggressive_sticky_30, aggressive_commit_window]
# Subtest: GET /api/diary/:unit_id?limit=1&reverse=true — applies query params
ok 304 - GET /api/diary/:unit_id?limit=1&reverse=true — applies query params
  ---
  duration_ms: 517.079884
  type: 'test'
  ...
# unknown format "uri" ignored in schema at path "\#/properties/share_url/anyOf/1"
# unknown format "uri" ignored in schema at path "\#/properties/share_url/anyOf/1"
# [jobs] caricato /app/data/core/jobs.yaml: 8 base + 4 expansion = 12 job
# [plugin-loader] 8 plugins loaded: narrative, meta, tutorial, jobs, forms, progression, mutations, lineage
# [auth] nessun provider configurato: gli endpoint non sono protetti
# [trait-effects] 500 trait attivi caricati da /app/data/core/traits/active_effects.yaml
# [fairness] cap_pt_max=1 caricato da /app/data/packs.yaml
# [vc-scoring] telemetry config caricato: 6 indici, 4 MBTI, 9 Ennea
# [ai-profiles] caricato /app/packs/evo_tactics_pack/data/balance/ai_profiles.yaml: 7 profile, utility_brain ON: [aggressive, aggressive_with_stickiness, aggressive_sticky_30, aggressive_commit_window]
# Subtest: GET /api/diary/:unit_id/summary — aggregates counts
ok 305 - GET /api/diary/:unit_id/summary — aggregates counts
  ---
  duration_ms: 450.433947
  type: 'test'
  ...
# Subtest: GET /api/diary/:unit_id/summary — empty diary → total 0
ok 306 - GET /api/diary/:unit_id/summary — empty diary → total 0
  ---
  duration_ms: 417.23652
  type: 'test'
  ...
# Subtest: dotenv loads .env from repo root
ok 307 - dotenv loads .env from repo root
  ---
  duration_ms: 57.247679
  type: 'test'
  ...
# Subtest: backend index.js wires dotenv before ./app require
ok 308 - backend index.js wires dotenv before ./app require
  ---
  duration_ms: 0.469996
  type: 'test'
  ...
# Subtest: absent .env: dotenv config silent (no throw, status 0)
ok 309 - absent .env: dotenv config silent (no throw, status 0)
  ---
  duration_ms: 51.289665
  type: 'test'
  ...
# Subtest: process.env precedence: CLI/Docker env wins over .env (no override)
ok 310 - process.env precedence: CLI/Docker env wins over .env (no override)
  ---
  duration_ms: 54.683995
  type: 'test'
  ...
# Subtest: elevation +1 (attacker high ground) → +1 attack bonus
ok 311 - elevation +1 (attacker high ground) → +1 attack bonus
  ---
  duration_ms: 1.905337
  type: 'test'
  ...
# Subtest: elevation -1 (attacker low ground) → -1 attack bonus
ok 312 - elevation -1 (attacker low ground) → -1 attack bonus
  ---
  duration_ms: 0.276185
  type: 'test'
  ...
# Subtest: elevation 0 (level) → no modifier
ok 313 - elevation 0 (level) → no modifier
  ---
  duration_ms: 0.215515
  type: 'test'
  ...
# Subtest: forest defender → +1 defense bonus (cover)
ok 314 - forest defender → +1 defense bonus (cover)
  ---
  duration_ms: 1.181991
  type: 'test'
  ...
# Subtest: water melee attacker → -1 attack (unstable footing)
ok 315 - water melee attacker → -1 attack (unstable footing)
  ---
  duration_ms: 0.275106
  type: 'test'
  ...
# Subtest: cinder + fire channel → +1 damage_bonus (ember synergy)
ok 316 - cinder + fire channel → +1 damage_bonus (ember synergy)
  ---
  duration_ms: 1.738315
  type: 'test'
  ...
# Subtest: stone melee attacker → +1 attack (stable footing)
ok 317 - stone melee attacker → +1 attack (stable footing)
  ---
  duration_ms: 1.161504
  type: 'test'
  ...
# Subtest: combined: high ground + cinder + fire melee → +1 attack + +1 damage
ok 318 - combined: high ground + cinder + fire melee → +1 attack + +1 damage
  ---
  duration_ms: 0.297479
  type: 'test'
  ...
# Subtest: missing tile metadata → all modifiers zero (no-op)
ok 319 - missing tile metadata → all modifiers zero (no-op)
  ---
  duration_ms: 0.531446
  type: 'test'
  ...
# Subtest: TERRAIN_TYPES exposes canonical enum
ok 320 - TERRAIN_TYPES exposes canonical enum
  ---
  duration_ms: 0.568939
  type: 'test'
  ...
# Subtest: unknown terrain type normalizes to none → no modifier
ok 321 - unknown terrain type normalizes to none → no modifier
  ---
  duration_ms: 0.244285
  type: 'test'
  ...
# Subtest: ranged attacker on water → no melee penalty
ok 322 - ranged attacker on water → no melee penalty
  ---
  duration_ms: 0.151546
  type: 'test'
  ...
# [prisma] client non disponibile, uso stub in memoria DATABASE_URL non configurato
# unknown format "uri" ignored in schema at path "\#/properties/share_url/anyOf/1"
# unknown format "uri" ignored in schema at path "\#/properties/share_url/anyOf/1"
# [jobs] caricato /app/data/core/jobs.yaml: 8 base + 4 expansion = 12 job
# [plugin-loader] 8 plugins loaded: narrative, meta, tutorial, jobs, forms, progression, mutations, lineage
# [auth] nessun provider configurato: gli endpoint non sono protetti
# [trait-effects] 500 trait attivi caricati da /app/data/core/traits/active_effects.yaml
# [fairness] cap_pt_max=1 caricato da /app/data/packs.yaml
# [vc-scoring] telemetry config caricato: 6 indici, 4 MBTI, 9 Ennea
# [ai-profiles] caricato /app/packs/evo_tactics_pack/data/balance/ai_profiles.yaml: 7 profile, utility_brain ON: [aggressive, aggressive_with_stickiness, aggressive_sticky_30, aggressive_commit_window]
# Subtest: encounter loader: enc_savana_skiv_solo_vs_pack carica via encounterLoader
ok 323 - encounter loader: enc_savana_skiv_solo_vs_pack carica via encounterLoader
  ---
  duration_ms: 16.033625
  type: 'test'
  ...
# [xpBudget audit] session=6e7c3fd6-9243-4954-8771-9d81c46337db class=hardcore party=1 budget=200 used=414 ratio=2.07 status=critical_over
# unknown format "uri" ignored in schema at path "\#/properties/share_url/anyOf/1"
# unknown format "uri" ignored in schema at path "\#/properties/share_url/anyOf/1"
# [jobs] caricato /app/data/core/jobs.yaml: 8 base + 4 expansion = 12 job
# [plugin-loader] 8 plugins loaded: narrative, meta, tutorial, jobs, forms, progression, mutations, lineage
# [auth] nessun provider configurato: gli endpoint non sono protetti
# [trait-effects] 500 trait attivi caricati da /app/data/core/traits/active_effects.yaml
# [fairness] cap_pt_max=1 caricato da /app/data/packs.yaml
# [vc-scoring] telemetry config caricato: 6 indici, 4 MBTI, 9 Ennea
# [ai-profiles] caricato /app/packs/evo_tactics_pack/data/balance/ai_profiles.yaml: 7 profile, utility_brain ON: [aggressive, aggressive_with_stickiness, aggressive_sticky_30, aggressive_commit_window]
# Subtest: session/start con encounter_id → encounter payload popolato
ok 324 - session/start con encounter_id → encounter payload popolato
  ---
  duration_ms: 1486.014714
  type: 'test'
  ...
# [xpBudget audit] session=cc070bba-6160-4d3e-8d7a-098542c04260 class=hardcore party=1 budget=200 used=414 ratio=2.07 status=critical_over
# Subtest: mark alpha condition: marchio_predatorio applica status.marked al pack alpha
ok 325 - mark alpha condition: marchio_predatorio applica status.marked al pack alpha
  ---
  duration_ms: 788.302839
  type: 'test'
  ...
# Subtest: fail wounded_perma: applyWound applicato a Skiv su KO simulato + cross-encounter restore
ok 326 - fail wounded_perma: applyWound applicato a Skiv su KO simulato + cross-encounter restore
  ---
  duration_ms: 0.908122
  type: 'test'
  ...
# Subtest: OD-024 — 4 traits interocettivi sensienza RFC v0.1
    # Subtest: propriocezione trait defined T1
    ok 1 - propriocezione trait defined T1
      ---
      duration_ms: 3.857387
      type: 'test'
      ...
    # Subtest: equilibrio_vestibolare trait defined T1
    ok 2 - equilibrio_vestibolare trait defined T1
      ---
      duration_ms: 1.334621
      type: 'test'
      ...
    # Subtest: nocicezione trait defined T1 with ferito gate
    ok 3 - nocicezione trait defined T1 with ferito gate
      ---
      duration_ms: 2.377152
      type: 'test'
      ...
    # Subtest: termocezione trait defined T1
    ok 4 - termocezione trait defined T1
      ---
      duration_ms: 2.349238
      type: 'test'
      ...
    # Subtest: OD-024 comment block present
    ok 5 - OD-024 comment block present
      ---
      duration_ms: 0.829284
      type: 'test'
      ...
    1..5
ok 327 - OD-024 — 4 traits interocettivi sensienza RFC v0.1
  ---
  duration_ms: 12.38208
  type: 'suite'
  ...
# Subtest: OD-025-B2 — promotion catalog +elite/+master
    # Subtest: version bumped to 0.2.0
    ok 1 - version bumped to 0.2.0
      ---
      duration_ms: 0.363931
      type: 'test'
      ...
    # Subtest: tier_ladder extended 3→5 tier
    ok 2 - tier_ladder extended 3→5 tier
      ---
      duration_ms: 0.413779
      type: 'test'
      ...
    # Subtest: elite threshold + reward defined
    ok 3 - elite threshold + reward defined
      ---
      duration_ms: 0.575502
      type: 'test'
      ...
    # Subtest: master threshold + reward defined
    ok 4 - master threshold + reward defined
      ---
      duration_ms: 0.529729
      type: 'test'
      ...
    # Subtest: job_archetype_bias schema anchor present (4 jobs)
    ok 5 - job_archetype_bias schema anchor present (4 jobs)
      ---
      duration_ms: 4.974048
      type: 'test'
      ...
    1..5
ok 328 - OD-025-B2 — promotion catalog +elite/+master
  ---
  duration_ms: 7.618588
  type: 'suite'
  ...
# Subtest: OD-027 + OD-031 — species_catalog.json Pack v2 merge
    # Subtest: version + provenance + stats present
    ok 1 - version + provenance + stats present
      ---
      duration_ms: 0.451518
      type: 'test'
      ...
    # Subtest: 53 species merged (15 lifecycle + 38 legacy residue) — ADR-2026-05-15 Phase 1
    ok 2 - 53 species merged (15 lifecycle + 38 legacy residue) — ADR-2026-05-15 Phase 1
      ---
      duration_ms: 0.128724
      type: 'test'
      ...
    # Subtest: Pack v2-full-plus metadata merged (10 species)
    ok 3 - Pack v2-full-plus metadata merged (10 species)
      ---
      duration_ms: 0.204362
      type: 'test'
      ...
    # Subtest: Frattura Abissale + dune_stalker as stubs (5 species)
    ok 4 - Frattura Abissale + dune_stalker as stubs (5 species)
      ---
      duration_ms: 0.138373
      type: 'test'
      ...
    # Subtest: Legacy YAML residue absorbed (38 species) — ADR-2026-05-15 Phase 1
    ok 5 - Legacy YAML residue absorbed (38 species) — ADR-2026-05-15 Phase 1
      ---
      duration_ms: 0.117127
      type: 'test'
      ...
    # Subtest: every entry has sentience_index assigned
    ok 6 - every entry has sentience_index assigned
      ---
      duration_ms: 0.2052
      type: 'test'
      ...
    # Subtest: every entry has Pack v2-plus schema fields
    ok 7 - every entry has Pack v2-plus schema fields
      ---
      duration_ms: 0.488499
      type: 'test'
      ...
    # Subtest: lifecycle_yaml path points to existing YAML (when present)
    ok 8 - lifecycle_yaml path points to existing YAML (when present)
      ---
      duration_ms: 0.591825
      type: 'test'
      ...
    1..8
ok 329 - OD-027 + OD-031 — species_catalog.json Pack v2 merge
  ---
  duration_ms: 7.483608
  type: 'suite'
  ...
# Subtest: OD-029 — neurons_bridge.csv expansion 13→50+
    # Subtest: CSV header preserved (tier,hint,effect,notes,source)
    ok 1 - CSV header preserved (tier,hint,effect,notes,source)
      ---
      duration_ms: 0.240011
      type: 'test'
      ...
    # Subtest: entries expanded ≥50 (was 13 in vault RFC v0.1)
    ok 2 - entries expanded ≥50 (was 13 in vault RFC v0.1)
      ---
      duration_ms: 0.122276
      type: 'test'
      ...
    # Subtest: all 6 tiers T1-T6 represented
    ok 3 - all 6 tiers T1-T6 represented
      ---
      duration_ms: 0.213486
      type: 'test'
      ...
    # Subtest: Dexterity branch entries present
    ok 4 - Dexterity branch entries present
      ---
      duration_ms: 0.237738
      type: 'test'
      ...
    # Subtest: Senses branch full coverage
    ok 5 - Senses branch full coverage
      ---
      duration_ms: 0.263608
      type: 'test'
      ...
    1..5
ok 330 - OD-029 — neurons_bridge.csv expansion 13→50+
  ---
  duration_ms: 1.337473
  type: 'suite'
  ...
# Subtest: OD-031 — Pack v2 ETL script exists + reproducible
    # Subtest: ETL script committed
    ok 1 - ETL script committed
      ---
      duration_ms: 0.170011
      type: 'test'
      ...
    # Subtest: ETL script has main + parse_args
    ok 2 - ETL script has main + parse_args
      ---
      duration_ms: 0.257305
      type: 'test'
      ...
    1..2
ok 331 - OD-031 — Pack v2 ETL script exists + reproducible
  ---
  duration_ms: 0.548964
  type: 'suite'
  ...
# [prisma] client non disponibile, uso stub in memoria DATABASE_URL non configurato
# unknown format "uri" ignored in schema at path "\#/properties/share_url/anyOf/1"
# unknown format "uri" ignored in schema at path "\#/properties/share_url/anyOf/1"
# [jobs] caricato /app/data/core/jobs.yaml: 8 base + 4 expansion = 12 job
# [plugin-loader] 8 plugins loaded: narrative, meta, tutorial, jobs, forms, progression, mutations, lineage
# [auth] nessun provider configurato: gli endpoint non sono protetti
# [trait-effects] 500 trait attivi caricati da /app/data/core/traits/active_effects.yaml
# [fairness] cap_pt_max=1 caricato da /app/data/packs.yaml
# [vc-scoring] telemetry config caricato: 6 indici, 4 MBTI, 9 Ennea
# [ai-profiles] caricato /app/packs/evo_tactics_pack/data/balance/ai_profiles.yaml: 7 profile, utility_brain ON: [aggressive, aggressive_with_stickiness, aggressive_sticky_30, aggressive_commit_window]
#   ┌─ SESSION 636a673a...
#   │  Players: p_scout, p_tank
#   │  Enemies: e_nomad_1, e_nomad_2
#   │  R1 p_scout → e_nomad_1: d20=13 MoS=1 ⚔️ dmg=2 (hp=1)
# [trait-effects] 500 trait attivi caricati da /app/data/core/traits/active_effects.yaml
#   │  R1 AI e_nomad_1 → p_scout: 🔴 dmg=1
#   │  R2 p_scout → e_nomad_1: d20=18 MoS=6 ⚔️ dmg=3 (hp=0)
# [trait-effects] 500 trait attivi caricati da /app/data/core/traits/active_effects.yaml
# [vc-scoring] telemetry config caricato: 6 indici, 4 MBTI, 9 Ennea
# [trait-effects] 500 trait attivi caricati da /app/data/core/traits/active_effects.yaml
#   │  R4 p_scout → e_nomad_2: d20=7 MoS=-5 💨 dmg=0 (hp=5)
#   │  R4 p_tank → e_nomad_2: d20=18 MoS=6 ⚔️ dmg=5 (hp=0)
# [trait-effects] 500 trait attivi caricati da /app/data/core/traits/active_effects.yaml
#   │  Round 5: VICTORY — all enemies eliminated
#   │
#   │  ── DEBRIEF ──
#   │  Rounds played: 4
#   │  Player hits/misses: 3/1
#   │  Total player damage: 10
#   │  Events logged: 18
#   └─ SESSION COMPLETE
# Subtest: FIRST PLAYTEST: full tutorial session with VC debrief
ok 332 - FIRST PLAYTEST: full tutorial session with VC debrief
  ---
  duration_ms: 1260.108368
  type: 'test'
  ...
# Subtest: FormEvolutionEngine.snapshot lists 16 forms with metadata
ok 333 - FormEvolutionEngine.snapshot lists 16 forms with metadata
  ---
  duration_ms: 11.022855
  type: 'test'
  ...
# Subtest: FormEvolutionEngine.getForm returns form or null
ok 334 - FormEvolutionEngine.getForm returns form or null
  ---
  duration_ms: 0.467179
  type: 'test'
  ...
# Subtest: evaluate: eligible when axes match INTJ and PE sufficient
ok 335 - evaluate: eligible when axes match INTJ and PE sufficient
  ---
  duration_ms: 0.982346
  type: 'test'
  ...
# Subtest: evaluate: insufficient_pe when PE < cost
ok 336 - evaluate: insufficient_pe when PE < cost
  ---
  duration_ms: 0.307415
  type: 'test'
  ...
# Subtest: evaluate: confidence_below_threshold when axes far from target
ok 337 - evaluate: confidence_below_threshold when axes far from target
  ---
  duration_ms: 0.463462
  type: 'test'
  ...
# Subtest: evaluate: cooldown_active when last_evolve_round within cooldownRounds
ok 338 - evaluate: cooldown_active when last_evolve_round within cooldownRounds
  ---
  duration_ms: 0.269749
  type: 'test'
  ...
# Subtest: evaluate: already_current_form when unit already in target
ok 339 - evaluate: already_current_form when unit already in target
  ---
  duration_ms: 0.372655
  type: 'test'
  ...
# Subtest: evaluate: form_not_found for unknown targetFormId
ok 340 - evaluate: form_not_found for unknown targetFormId
  ---
  duration_ms: 0.196673
  type: 'test'
  ...
# Subtest: evaluate: max_evolutions_reached when cap hit
ok 341 - evaluate: max_evolutions_reached when cap hit
  ---
  duration_ms: 0.560654
  type: 'test'
  ...
# Subtest: options: returns all forms sorted by confidence desc
ok 342 - options: returns all forms sorted by confidence desc
  ---
  duration_ms: 2.596005
  type: 'test'
  ...
# Subtest: evolve: success mutates unit + returns delta with pe_spent
ok 343 - evolve: success mutates unit + returns delta with pe_spent
  ---
  duration_ms: 0.664613
  type: 'test'
  ...
# Subtest: evolve: failure preserves unit state
ok 344 - evolve: failure preserves unit state
  ---
  duration_ms: 1.133236
  type: 'test'
  ...
# Subtest: evolve: chained evolutions respect cooldown
ok 345 - evolve: chained evolutions respect cooldown
  ---
  duration_ms: 0.406192
  type: 'test'
  ...
# Subtest: engine honors custom options.peCost + options.cooldownRounds
ok 346 - engine honors custom options.peCost + options.cooldownRounds
  ---
  duration_ms: 0.199538
  type: 'test'
  ...
# Subtest: engine allowSameForm option bypasses already_current_form
ok 347 - engine allowSameForm option bypasses already_current_form
  ---
  duration_ms: 0.161619
  type: 'test'
  ...
# Subtest: extraPe parameter unlocks evolution when unit.pe insufficient
ok 348 - extraPe parameter unlocks evolution when unit.pe insufficient
  ---
  duration_ms: 0.161247
  type: 'test'
  ...
# Subtest: loadBias: loads YAML with 16 forms + NEUTRA
ok 349 - loadBias: loads YAML with 16 forms + NEUTRA
  ---
  duration_ms: 14.566053
  type: 'test'
  ...
# Subtest: getFormPacks: returns 3 packs + d12_bias per form
ok 350 - getFormPacks: returns 3 packs + d12_bias per form
  ---
  duration_ms: 0.586784
  type: 'test'
  ...
# Subtest: getFormPacks: unknown form falls back NEUTRA
ok 351 - getFormPacks: unknown form falls back NEUTRA
  ---
  duration_ms: 0.192446
  type: 'test'
  ...
# Subtest: resolveD20Pack: table correctness
ok 352 - resolveD20Pack: table correctness
  ---
  duration_ms: 1.196822
  type: 'test'
  ...
# Subtest: resolveD12Pack: INTJ d12 = 10 → pack_c
ok 353 - resolveD12Pack: INTJ d12 = 10 → pack_c
  ---
  duration_ms: 0.348022
  type: 'test'
  ...
# Subtest: recommendPacks: no d20 → static form recommendation
ok 354 - recommendPacks: no d20 → static form recommendation
  ---
  duration_ms: 0.382811
  type: 'test'
  ...
# Subtest: recommendPacks: d20=5 → universal pack C
ok 355 - recommendPacks: d20=5 → universal pack C
  ---
  duration_ms: 0.21002
  type: 'test'
  ...
# Subtest: recommendPacks: d20=16 + d12=11 → Bias Forma pack_c
ok 356 - recommendPacks: d20=16 + d12=11 → Bias Forma pack_c
  ---
  duration_ms: 8.444036
  type: 'test'
  ...
# Subtest: recommendPacks: d20=18 Bias Job invoker → A/J
ok 357 - recommendPacks: d20=18 Bias Job invoker → A/J
  ---
  duration_ms: 0.629961
  type: 'test'
  ...
# Subtest: recommendPacks: d20=20 Scelta → all packs
ok 358 - recommendPacks: d20=20 Scelta → all packs
  ---
  duration_ms: 0.638876
  type: 'test'
  ...
# Subtest: recommendPacks: ISTP reversed bias d12 {a:[6,8], b:[1,5]}
ok 359 - recommendPacks: ISTP reversed bias d12 {a:[6,8], b:[1,5]}
  ---
  duration_ms: 0.320463
  type: 'test'
  ...
# Subtest: all 16 MBTI forms have valid combo strings
ok 360 - all 16 MBTI forms have valid combo strings
  ---
  duration_ms: 0.236593
  type: 'test'
  ...
# Subtest: STARTER_BIOMA_MAP: 16 entries exactly (no NEUTRA)
ok 361 - STARTER_BIOMA_MAP: 16 entries exactly (no NEUTRA)
  ---
  duration_ms: 0.133017
  type: 'test'
  ...
# Subtest: resolveStarterBioma: 16 forms map to {biome_id, trait_id}
ok 362 - resolveStarterBioma: 16 forms map to {biome_id, trait_id}
  ---
  duration_ms: 10.00886
  type: 'test'
  ...
# Subtest: resolveStarterBioma: unknown / NEUTRA returns null
ok 363 - resolveStarterBioma: unknown / NEUTRA returns null
  ---
  duration_ms: 0.390784
  type: 'test'
  ...
# Subtest: listStarterBiomas: returns 16 items with form_id+biome_id+trait_id
ok 364 - listStarterBiomas: returns 16 items with form_id+biome_id+trait_id
  ---
  duration_ms: 0.28592
  type: 'test'
  ...
# Subtest: starter_bioma biome_ids are unique across 16 forms
ok 365 - starter_bioma biome_ids are unique across 16 forms
  ---
  duration_ms: 0.154423
  type: 'test'
  ...
# Subtest: starter_bioma trait_ids are unique across 16 forms
ok 366 - starter_bioma trait_ids are unique across 16 forms
  ---
  duration_ms: 0.127823
  type: 'test'
  ...
# Subtest: getFormPacks: includes starter_bioma resolved field
ok 367 - getFormPacks: includes starter_bioma resolved field
  ---
  duration_ms: 0.158468
  type: 'test'
  ...
# Subtest: getFormPacks: NEUTRA fallback has starter_bioma=null
ok 368 - getFormPacks: NEUTRA fallback has starter_bioma=null
  ---
  duration_ms: 0.099417
  type: 'test'
  ...
# Subtest: recommendPacks: static recommendation includes starter_bioma
ok 369 - recommendPacks: static recommendation includes starter_bioma
  ---
  duration_ms: 0.113178
  type: 'test'
  ...
# Subtest: recommendPacks: universal pack includes starter_bioma for known form
ok 370 - recommendPacks: universal pack includes starter_bioma for known form
  ---
  duration_ms: 0.220753
  type: 'test'
  ...
# Subtest: recommendPacks: bias_forma includes starter_bioma
ok 371 - recommendPacks: bias_forma includes starter_bioma
  ---
  duration_ms: 0.15763
  type: 'test'
  ...
# Subtest: recommendPacks: NEUTRA caller -> starter_bioma null
ok 372 - recommendPacks: NEUTRA caller -> starter_bioma null
  ---
  duration_ms: 0.106892
  type: 'test'
  ...
# Subtest: all 16 starter_bioma trait ids present in active_effects.yaml
ok 373 - all 16 starter_bioma trait ids present in active_effects.yaml
  ---
  duration_ms: 109.659704
  type: 'test'
  ...
# Subtest: all 16 starter_bioma trait ids cross-referenced in glossary.json
ok 374 - all 16 starter_bioma trait ids cross-referenced in glossary.json
  ---
  duration_ms: 2.384744
  type: 'test'
  ...
# Subtest: all 16 starter_bioma biome_ids exist in data/core/biomes.yaml
ok 375 - all 16 starter_bioma biome_ids exist in data/core/biomes.yaml
  ---
  duration_ms: 6.359613
  type: 'test'
  ...
# [prisma] client non disponibile, uso stub in memoria DATABASE_URL non configurato
# unknown format "uri" ignored in schema at path "\#/properties/share_url/anyOf/1"
# unknown format "uri" ignored in schema at path "\#/properties/share_url/anyOf/1"
# [jobs] caricato /app/data/core/jobs.yaml: 8 base + 4 expansion = 12 job
# [plugin-loader] 8 plugins loaded: narrative, meta, tutorial, jobs, forms, progression, mutations, lineage
# [auth] nessun provider configurato: gli endpoint non sono protetti
# [trait-effects] 500 trait attivi caricati da /app/data/core/traits/active_effects.yaml
# [fairness] cap_pt_max=1 caricato da /app/data/packs.yaml
# [vc-scoring] telemetry config caricato: 6 indici, 4 MBTI, 9 Ennea
# [ai-profiles] caricato /app/packs/evo_tactics_pack/data/balance/ai_profiles.yaml: 7 profile, utility_brain ON: [aggressive, aggressive_with_stickiness, aggressive_sticky_30, aggressive_commit_window]
# unknown format "uri" ignored in schema at path "\#/properties/share_url/anyOf/1"
# unknown format "uri" ignored in schema at path "\#/properties/share_url/anyOf/1"
# [jobs] caricato /app/data/core/jobs.yaml: 8 base + 4 expansion = 12 job
# [plugin-loader] 8 plugins loaded: narrative, meta, tutorial, jobs, forms, progression, mutations, lineage
# [auth] nessun provider configurato: gli endpoint non sono protetti
# [trait-effects] 500 trait attivi caricati da /app/data/core/traits/active_effects.yaml
# [fairness] cap_pt_max=1 caricato da /app/data/packs.yaml
# [vc-scoring] telemetry config caricato: 6 indici, 4 MBTI, 9 Ennea
# [ai-profiles] caricato /app/packs/evo_tactics_pack/data/balance/ai_profiles.yaml: 7 profile, utility_brain ON: [aggressive, aggressive_with_stickiness, aggressive_sticky_30, aggressive_commit_window]
# Subtest: GET /api/forms/INTJ/packs: returns 3 form packs
ok 376 - GET /api/forms/INTJ/packs: returns 3 form packs
  ---
  duration_ms: 764.173838
  type: 'test'
  ...
# unknown format "uri" ignored in schema at path "\#/properties/share_url/anyOf/1"
# unknown format "uri" ignored in schema at path "\#/properties/share_url/anyOf/1"
# [jobs] caricato /app/data/core/jobs.yaml: 8 base + 4 expansion = 12 job
# [plugin-loader] 8 plugins loaded: narrative, meta, tutorial, jobs, forms, progression, mutations, lineage
# [auth] nessun provider configurato: gli endpoint non sono protetti
# [trait-effects] 500 trait attivi caricati da /app/data/core/traits/active_effects.yaml
# [fairness] cap_pt_max=1 caricato da /app/data/packs.yaml
# [vc-scoring] telemetry config caricato: 6 indici, 4 MBTI, 9 Ennea
# [ai-profiles] caricato /app/packs/evo_tactics_pack/data/balance/ai_profiles.yaml: 7 profile, utility_brain ON: [aggressive, aggressive_with_stickiness, aggressive_sticky_30, aggressive_commit_window]
# Subtest: POST /api/forms/ISTP/recommend: d20=16 d12=3 → pack_b
ok 377 - POST /api/forms/ISTP/recommend: d20=16 d12=3 → pack_b
  ---
  duration_ms: 687.687088
  type: 'test'
  ...
# unknown format "uri" ignored in schema at path "\#/properties/share_url/anyOf/1"
# unknown format "uri" ignored in schema at path "\#/properties/share_url/anyOf/1"
# [jobs] caricato /app/data/core/jobs.yaml: 8 base + 4 expansion = 12 job
# [plugin-loader] 8 plugins loaded: narrative, meta, tutorial, jobs, forms, progression, mutations, lineage
# [auth] nessun provider configurato: gli endpoint non sono protetti
# [trait-effects] 500 trait attivi caricati da /app/data/core/traits/active_effects.yaml
# [fairness] cap_pt_max=1 caricato da /app/data/packs.yaml
# [vc-scoring] telemetry config caricato: 6 indici, 4 MBTI, 9 Ennea
# [ai-profiles] caricato /app/packs/evo_tactics_pack/data/balance/ai_profiles.yaml: 7 profile, utility_brain ON: [aggressive, aggressive_with_stickiness, aggressive_sticky_30, aggressive_commit_window]
# Subtest: POST /api/forms/INTJ/recommend: no d20 → static recommendation
ok 378 - POST /api/forms/INTJ/recommend: no d20 → static recommendation
  ---
  duration_ms: 406.53055
  type: 'test'
  ...
# unknown format "uri" ignored in schema at path "\#/properties/share_url/anyOf/1"
# unknown format "uri" ignored in schema at path "\#/properties/share_url/anyOf/1"
# [jobs] caricato /app/data/core/jobs.yaml: 8 base + 4 expansion = 12 job
# [plugin-loader] 8 plugins loaded: narrative, meta, tutorial, jobs, forms, progression, mutations, lineage
# [auth] nessun provider configurato: gli endpoint non sono protetti
# [trait-effects] 500 trait attivi caricati da /app/data/core/traits/active_effects.yaml
# [fairness] cap_pt_max=1 caricato da /app/data/packs.yaml
# [vc-scoring] telemetry config caricato: 6 indici, 4 MBTI, 9 Ennea
# [ai-profiles] caricato /app/packs/evo_tactics_pack/data/balance/ai_profiles.yaml: 7 profile, utility_brain ON: [aggressive, aggressive_with_stickiness, aggressive_sticky_30, aggressive_commit_window]
# Subtest: GET /api/forms/starter-biomas: returns 16 form -> bioma map
ok 379 - GET /api/forms/starter-biomas: returns 16 form -> bioma map
  ---
  duration_ms: 533.444198
  type: 'test'
  ...
# unknown format "uri" ignored in schema at path "\#/properties/share_url/anyOf/1"
# unknown format "uri" ignored in schema at path "\#/properties/share_url/anyOf/1"
# [jobs] caricato /app/data/core/jobs.yaml: 8 base + 4 expansion = 12 job
# [plugin-loader] 8 plugins loaded: narrative, meta, tutorial, jobs, forms, progression, mutations, lineage
# [auth] nessun provider configurato: gli endpoint non sono protetti
# [trait-effects] 500 trait attivi caricati da /app/data/core/traits/active_effects.yaml
# [fairness] cap_pt_max=1 caricato da /app/data/packs.yaml
# [vc-scoring] telemetry config caricato: 6 indici, 4 MBTI, 9 Ennea
# [ai-profiles] caricato /app/packs/evo_tactics_pack/data/balance/ai_profiles.yaml: 7 profile, utility_brain ON: [aggressive, aggressive_with_stickiness, aggressive_sticky_30, aggressive_commit_window]
# Subtest: GET /api/forms/INTJ/starter-bioma: resolves single form
ok 380 - GET /api/forms/INTJ/starter-bioma: resolves single form
  ---
  duration_ms: 573.066389
  type: 'test'
  ...
# unknown format "uri" ignored in schema at path "\#/properties/share_url/anyOf/1"
# unknown format "uri" ignored in schema at path "\#/properties/share_url/anyOf/1"
# [jobs] caricato /app/data/core/jobs.yaml: 8 base + 4 expansion = 12 job
# [plugin-loader] 8 plugins loaded: narrative, meta, tutorial, jobs, forms, progression, mutations, lineage
# [auth] nessun provider configurato: gli endpoint non sono protetti
# [trait-effects] 500 trait attivi caricati da /app/data/core/traits/active_effects.yaml
# [fairness] cap_pt_max=1 caricato da /app/data/packs.yaml
# [vc-scoring] telemetry config caricato: 6 indici, 4 MBTI, 9 Ennea
# [ai-profiles] caricato /app/packs/evo_tactics_pack/data/balance/ai_profiles.yaml: 7 profile, utility_brain ON: [aggressive, aggressive_with_stickiness, aggressive_sticky_30, aggressive_commit_window]
# Subtest: GET /api/forms/XXXX/starter-bioma: 404 for unknown form
ok 381 - GET /api/forms/XXXX/starter-bioma: 404 for unknown form
  ---
  duration_ms: 770.174635
  type: 'test'
  ...
# unknown format "uri" ignored in schema at path "\#/properties/share_url/anyOf/1"
# unknown format "uri" ignored in schema at path "\#/properties/share_url/anyOf/1"
# [jobs] caricato /app/data/core/jobs.yaml: 8 base + 4 expansion = 12 job
# [plugin-loader] 8 plugins loaded: narrative, meta, tutorial, jobs, forms, progression, mutations, lineage
# [auth] nessun provider configurato: gli endpoint non sono protetti
# [trait-effects] 500 trait attivi caricati da /app/data/core/traits/active_effects.yaml
# [fairness] cap_pt_max=1 caricato da /app/data/packs.yaml
# [vc-scoring] telemetry config caricato: 6 indici, 4 MBTI, 9 Ennea
# [ai-profiles] caricato /app/packs/evo_tactics_pack/data/balance/ai_profiles.yaml: 7 profile, utility_brain ON: [aggressive, aggressive_with_stickiness, aggressive_sticky_30, aggressive_commit_window]
# Subtest: GET /api/forms/INTJ/packs: payload includes starter_bioma resolved field
ok 382 - GET /api/forms/INTJ/packs: payload includes starter_bioma resolved field
  ---
  duration_ms: 611.812511
  type: 'test'
  ...
# Subtest: POST /api/forms/INTJ/recommend: payload includes starter_bioma
ok 383 - POST /api/forms/INTJ/recommend: payload includes starter_bioma
  ---
  duration_ms: 549.424071
  type: 'test'
  ...
# Subtest: store.seedUnit initializes state with defaults
ok 384 - store.seedUnit initializes state with defaults
  ---
  duration_ms: 2.014012
  type: 'test'
  ...
# Subtest: store.getUnitState returns clone (safe to mutate caller-side)
ok 385 - store.getUnitState returns clone (safe to mutate caller-side)
  ---
  duration_ms: 0.262341
  type: 'test'
  ...
# Subtest: store.applyDelta mutates + bumps evolve_count
ok 386 - store.applyDelta mutates + bumps evolve_count
  ---
  duration_ms: 0.41166
  type: 'test'
  ...
# Subtest: store.listSession returns scoped entries only
ok 387 - store.listSession returns scoped entries only
  ---
  duration_ms: 0.298121
  type: 'test'
  ...
# Subtest: store.clearSession removes only matching prefix
ok 388 - store.clearSession removes only matching prefix
  ---
  duration_ms: 0.462318
  type: 'test'
  ...
# Subtest: store throws on missing session_id / unit_id
ok 389 - store throws on missing session_id / unit_id
  ---
  duration_ms: 0.590507
  type: 'test'
  ...
# Subtest: prismaSupportsForms: detects compatible client
ok 390 - prismaSupportsForms: detects compatible client
  ---
  duration_ms: 1.439649
  type: 'test'
  ...
# Subtest: store._mode reports prisma when adapter detected
ok 391 - store._mode reports prisma when adapter detected
  ---
  duration_ms: 0.369343
  type: 'test'
  ...
# Subtest: seedUnit + applyDelta write-through to prisma
ok 392 - seedUnit + applyDelta write-through to prisma
  ---
  duration_ms: 8.315469
  type: 'test'
  ...
# Subtest: hydrate populates in-memory map from prisma rows
ok 393 - hydrate populates in-memory map from prisma rows
  ---
  duration_ms: 0.671821
  type: 'test'
  ...
# Subtest: clearSession deletes prisma rows + in-memory entries
ok 394 - clearSession deletes prisma rows + in-memory entries
  ---
  duration_ms: 1.585277
  type: 'test'
  ...
# Subtest: prisma upsert failure does not throw; in-memory still updated
ok 395 - prisma upsert failure does not throw; in-memory still updated
  ---
  duration_ms: 1.037686
  type: 'test'
  ...
# Subtest: inferVcAxes normalizes mbti_axes.{E_I,S_N,T_F,J_P}.value to {value}
ok 396 - inferVcAxes normalizes mbti_axes.{E_I,S_N,T_F,J_P}.value to {value}
  ---
  duration_ms: 9.270044
  type: 'test'
  ...
# Subtest: inferVcAxes accepts shorthand axes: number form
ok 397 - inferVcAxes accepts shorthand axes: number form
  ---
  duration_ms: 0.393878
  type: 'test'
  ...
# Subtest: inferVcAxes falls back to 0.5 for missing axes
ok 398 - inferVcAxes falls back to 0.5 for missing axes
  ---
  duration_ms: 0.523243
  type: 'test'
  ...
# Subtest: inferVcAxes fills only missing axes, preserves provided
ok 399 - inferVcAxes fills only missing axes, preserves provided
  ---
  duration_ms: 0.392948
  type: 'test'
  ...
# Subtest: inferVcAxes returns new object (does not mutate input)
ok 400 - inferVcAxes returns new object (does not mutate input)
  ---
  duration_ms: 1.363472
  type: 'test'
  ...
# [prisma] client non disponibile, uso stub in memoria DATABASE_URL non configurato
# unknown format "uri" ignored in schema at path "\#/properties/share_url/anyOf/1"
# unknown format "uri" ignored in schema at path "\#/properties/share_url/anyOf/1"
# [jobs] caricato /app/data/core/jobs.yaml: 8 base + 4 expansion = 12 job
# [plugin-loader] 8 plugins loaded: narrative, meta, tutorial, jobs, forms, progression, mutations, lineage
# [auth] nessun provider configurato: gli endpoint non sono protetti
# [trait-effects] 500 trait attivi caricati da /app/data/core/traits/active_effects.yaml
# [fairness] cap_pt_max=1 caricato da /app/data/packs.yaml
# [vc-scoring] telemetry config caricato: 6 indici, 4 MBTI, 9 Ennea
# [ai-profiles] caricato /app/packs/evo_tactics_pack/data/balance/ai_profiles.yaml: 7 profile, utility_brain ON: [aggressive, aggressive_with_stickiness, aggressive_sticky_30, aggressive_commit_window]
# unknown format "uri" ignored in schema at path "\#/properties/share_url/anyOf/1"
# unknown format "uri" ignored in schema at path "\#/properties/share_url/anyOf/1"
# [jobs] caricato /app/data/core/jobs.yaml: 8 base + 4 expansion = 12 job
# [plugin-loader] 8 plugins loaded: narrative, meta, tutorial, jobs, forms, progression, mutations, lineage
# [auth] nessun provider configurato: gli endpoint non sono protetti
# [trait-effects] 500 trait attivi caricati da /app/data/core/traits/active_effects.yaml
# [fairness] cap_pt_max=1 caricato da /app/data/packs.yaml
# [vc-scoring] telemetry config caricato: 6 indici, 4 MBTI, 9 Ennea
# [ai-profiles] caricato /app/packs/evo_tactics_pack/data/balance/ai_profiles.yaml: 7 profile, utility_brain ON: [aggressive, aggressive_with_stickiness, aggressive_sticky_30, aggressive_commit_window]
# Subtest: GET /api/v1/forms/registry lists all MBTI forms
ok 401 - GET /api/v1/forms/registry lists all MBTI forms
  ---
  duration_ms: 1263.128388
  type: 'test'
  ...
# [nebula-aggregator] telemetria Nebula non configurata: uso valori di fallback
# [nebula-aggregator] telemetria generatore Nebula non configurata: uso valori di fallback
# [nebula-aggregator] telemetria orchestrator non configurata: nessun evento disponibile
# unknown format "uri" ignored in schema at path "\#/properties/share_url/anyOf/1"
# unknown format "uri" ignored in schema at path "\#/properties/share_url/anyOf/1"
# [jobs] caricato /app/data/core/jobs.yaml: 8 base + 4 expansion = 12 job
# [plugin-loader] 8 plugins loaded: narrative, meta, tutorial, jobs, forms, progression, mutations, lineage
# [auth] nessun provider configurato: gli endpoint non sono protetti
# [trait-effects] 500 trait attivi caricati da /app/data/core/traits/active_effects.yaml
# [fairness] cap_pt_max=1 caricato da /app/data/packs.yaml
# [vc-scoring] telemetry config caricato: 6 indici, 4 MBTI, 9 Ennea
# [ai-profiles] caricato /app/packs/evo_tactics_pack/data/balance/ai_profiles.yaml: 7 profile, utility_brain ON: [aggressive, aggressive_with_stickiness, aggressive_sticky_30, aggressive_commit_window]
# Subtest: GET /api/forms/:id returns single form detail
ok 402 - GET /api/forms/:id returns single form detail
  ---
  duration_ms: 638.214884
  type: 'test'
  ...
# [nebula-aggregator] telemetria Nebula non configurata: uso valori di fallback
# [nebula-aggregator] telemetria generatore Nebula non configurata: uso valori di fallback
# [nebula-aggregator] telemetria orchestrator non configurata: nessun evento disponibile
# unknown format "uri" ignored in schema at path "\#/properties/share_url/anyOf/1"
# unknown format "uri" ignored in schema at path "\#/properties/share_url/anyOf/1"
# [jobs] caricato /app/data/core/jobs.yaml: 8 base + 4 expansion = 12 job
# [plugin-loader] 8 plugins loaded: narrative, meta, tutorial, jobs, forms, progression, mutations, lineage
# [auth] nessun provider configurato: gli endpoint non sono protetti
# [trait-effects] 500 trait attivi caricati da /app/data/core/traits/active_effects.yaml
# [fairness] cap_pt_max=1 caricato da /app/data/packs.yaml
# [vc-scoring] telemetry config caricato: 6 indici, 4 MBTI, 9 Ennea
# [ai-profiles] caricato /app/packs/evo_tactics_pack/data/balance/ai_profiles.yaml: 7 profile, utility_brain ON: [aggressive, aggressive_with_stickiness, aggressive_sticky_30, aggressive_commit_window]
# Subtest: GET /api/forms/:id returns 404 for unknown id
ok 403 - GET /api/forms/:id returns 404 for unknown id
  ---
  duration_ms: 527.484323
  type: 'test'
  ...
# [nebula-aggregator] telemetria Nebula non configurata: uso valori di fallback
# [nebula-aggregator] telemetria generatore Nebula non configurata: uso valori di fallback
# [nebula-aggregator] telemetria orchestrator non configurata: nessun evento disponibile
# unknown format "uri" ignored in schema at path "\#/properties/share_url/anyOf/1"
# unknown format "uri" ignored in schema at path "\#/properties/share_url/anyOf/1"
# [jobs] caricato /app/data/core/jobs.yaml: 8 base + 4 expansion = 12 job
# [plugin-loader] 8 plugins loaded: narrative, meta, tutorial, jobs, forms, progression, mutations, lineage
# [auth] nessun provider configurato: gli endpoint non sono protetti
# [trait-effects] 500 trait attivi caricati da /app/data/core/traits/active_effects.yaml
# [fairness] cap_pt_max=1 caricato da /app/data/packs.yaml
# [vc-scoring] telemetry config caricato: 6 indici, 4 MBTI, 9 Ennea
# [ai-profiles] caricato /app/packs/evo_tactics_pack/data/balance/ai_profiles.yaml: 7 profile, utility_brain ON: [aggressive, aggressive_with_stickiness, aggressive_sticky_30, aggressive_commit_window]
# Subtest: POST /api/v1/forms/evaluate returns eligibility report
ok 404 - POST /api/v1/forms/evaluate returns eligibility report
  ---
  duration_ms: 563.376796
  type: 'test'
  ...
# [nebula-aggregator] telemetria Nebula non configurata: uso valori di fallback
# [nebula-aggregator] telemetria generatore Nebula non configurata: uso valori di fallback
# [nebula-aggregator] telemetria orchestrator non configurata: nessun evento disponibile
# unknown format "uri" ignored in schema at path "\#/properties/share_url/anyOf/1"
# unknown format "uri" ignored in schema at path "\#/properties/share_url/anyOf/1"
# [jobs] caricato /app/data/core/jobs.yaml: 8 base + 4 expansion = 12 job
# [plugin-loader] 8 plugins loaded: narrative, meta, tutorial, jobs, forms, progression, mutations, lineage
# [auth] nessun provider configurato: gli endpoint non sono protetti
# [trait-effects] 500 trait attivi caricati da /app/data/core/traits/active_effects.yaml
# [fairness] cap_pt_max=1 caricato da /app/data/packs.yaml
# [vc-scoring] telemetry config caricato: 6 indici, 4 MBTI, 9 Ennea
# [ai-profiles] caricato /app/packs/evo_tactics_pack/data/balance/ai_profiles.yaml: 7 profile, utility_brain ON: [aggressive, aggressive_with_stickiness, aggressive_sticky_30, aggressive_commit_window]
# Subtest: POST /api/forms/evaluate rejects missing unit
ok 405 - POST /api/forms/evaluate rejects missing unit
  ---
  duration_ms: 479.048504
  type: 'test'
  ...
# [nebula-aggregator] telemetria Nebula non configurata: uso valori di fallback
# [nebula-aggregator] telemetria generatore Nebula non configurata: uso valori di fallback
# [nebula-aggregator] telemetria orchestrator non configurata: nessun evento disponibile
# unknown format "uri" ignored in schema at path "\#/properties/share_url/anyOf/1"
# unknown format "uri" ignored in schema at path "\#/properties/share_url/anyOf/1"
# [jobs] caricato /app/data/core/jobs.yaml: 8 base + 4 expansion = 12 job
# [plugin-loader] 8 plugins loaded: narrative, meta, tutorial, jobs, forms, progression, mutations, lineage
# [auth] nessun provider configurato: gli endpoint non sono protetti
# [trait-effects] 500 trait attivi caricati da /app/data/core/traits/active_effects.yaml
# [fairness] cap_pt_max=1 caricato da /app/data/packs.yaml
# [vc-scoring] telemetry config caricato: 6 indici, 4 MBTI, 9 Ennea
# [ai-profiles] caricato /app/packs/evo_tactics_pack/data/balance/ai_profiles.yaml: 7 profile, utility_brain ON: [aggressive, aggressive_with_stickiness, aggressive_sticky_30, aggressive_commit_window]
# Subtest: POST /api/v1/forms/options returns scored sorted list
ok 406 - POST /api/v1/forms/options returns scored sorted list
  ---
  duration_ms: 654.334737
  type: 'test'
  ...
# [nebula-aggregator] telemetria Nebula non configurata: uso valori di fallback
# [nebula-aggregator] telemetria generatore Nebula non configurata: uso valori di fallback
# [nebula-aggregator] telemetria orchestrator non configurata: nessun evento disponibile
# unknown format "uri" ignored in schema at path "\#/properties/share_url/anyOf/1"
# unknown format "uri" ignored in schema at path "\#/properties/share_url/anyOf/1"
# [jobs] caricato /app/data/core/jobs.yaml: 8 base + 4 expansion = 12 job
# [plugin-loader] 8 plugins loaded: narrative, meta, tutorial, jobs, forms, progression, mutations, lineage
# [auth] nessun provider configurato: gli endpoint non sono protetti
# [trait-effects] 500 trait attivi caricati da /app/data/core/traits/active_effects.yaml
# [fairness] cap_pt_max=1 caricato da /app/data/packs.yaml
# [vc-scoring] telemetry config caricato: 6 indici, 4 MBTI, 9 Ennea
# [ai-profiles] caricato /app/packs/evo_tactics_pack/data/balance/ai_profiles.yaml: 7 profile, utility_brain ON: [aggressive, aggressive_with_stickiness, aggressive_sticky_30, aggressive_commit_window]
# Subtest: POST /api/v1/forms/evolve mutates + returns delta
ok 407 - POST /api/v1/forms/evolve mutates + returns delta
  ---
  duration_ms: 608.708098
  type: 'test'
  ...
# [nebula-aggregator] telemetria Nebula non configurata: uso valori di fallback
# [nebula-aggregator] telemetria generatore Nebula non configurata: uso valori di fallback
# [nebula-aggregator] telemetria orchestrator non configurata: nessun evento disponibile
# unknown format "uri" ignored in schema at path "\#/properties/share_url/anyOf/1"
# unknown format "uri" ignored in schema at path "\#/properties/share_url/anyOf/1"
# [jobs] caricato /app/data/core/jobs.yaml: 8 base + 4 expansion = 12 job
# [plugin-loader] 8 plugins loaded: narrative, meta, tutorial, jobs, forms, progression, mutations, lineage
# [auth] nessun provider configurato: gli endpoint non sono protetti
# [trait-effects] 500 trait attivi caricati da /app/data/core/traits/active_effects.yaml
# [fairness] cap_pt_max=1 caricato da /app/data/packs.yaml
# [vc-scoring] telemetry config caricato: 6 indici, 4 MBTI, 9 Ennea
# [ai-profiles] caricato /app/packs/evo_tactics_pack/data/balance/ai_profiles.yaml: 7 profile, utility_brain ON: [aggressive, aggressive_with_stickiness, aggressive_sticky_30, aggressive_commit_window]
# Subtest: POST /api/v1/forms/evolve returns 409 when ineligible
ok 408 - POST /api/v1/forms/evolve returns 409 when ineligible
  ---
  duration_ms: 398.773872
  type: 'test'
  ...
# [nebula-aggregator] telemetria Nebula non configurata: uso valori di fallback
# [nebula-aggregator] telemetria generatore Nebula non configurata: uso valori di fallback
# [nebula-aggregator] telemetria orchestrator non configurata: nessun evento disponibile
# Subtest: POST /api/v1/forms/evolve 400 on missing target_form_id
ok 409 - POST /api/v1/forms/evolve 400 on missing target_form_id
  ---
  duration_ms: 450.197359
  type: 'test'
  ...
# [nebula-aggregator] telemetria Nebula non configurata: uso valori di fallback
# [nebula-aggregator] telemetria generatore Nebula non configurata: uso valori di fallback
# [nebula-aggregator] telemetria orchestrator non configurata: nessun evento disponibile
# [prisma] client non disponibile, uso stub in memoria DATABASE_URL non configurato
# unknown format "uri" ignored in schema at path "\#/properties/share_url/anyOf/1"
# unknown format "uri" ignored in schema at path "\#/properties/share_url/anyOf/1"
# [jobs] caricato /app/data/core/jobs.yaml: 8 base + 4 expansion = 12 job
# [plugin-loader] 8 plugins loaded: narrative, meta, tutorial, jobs, forms, progression, mutations, lineage
# [auth] nessun provider configurato: gli endpoint non sono protetti
# [trait-effects] 500 trait attivi caricati da /app/data/core/traits/active_effects.yaml
# [fairness] cap_pt_max=1 caricato da /app/data/packs.yaml
# [vc-scoring] telemetry config caricato: 6 indici, 4 MBTI, 9 Ennea
# [ai-profiles] caricato /app/packs/evo_tactics_pack/data/balance/ai_profiles.yaml: 7 profile, utility_brain ON: [aggressive, aggressive_with_stickiness, aggressive_sticky_30, aggressive_commit_window]
# unknown format "uri" ignored in schema at path "\#/properties/share_url/anyOf/1"
# unknown format "uri" ignored in schema at path "\#/properties/share_url/anyOf/1"
# [jobs] caricato /app/data/core/jobs.yaml: 8 base + 4 expansion = 12 job
# [plugin-loader] 8 plugins loaded: narrative, meta, tutorial, jobs, forms, progression, mutations, lineage
# [auth] nessun provider configurato: gli endpoint non sono protetti
# [trait-effects] 500 trait attivi caricati da /app/data/core/traits/active_effects.yaml
# [fairness] cap_pt_max=1 caricato da /app/data/packs.yaml
# [vc-scoring] telemetry config caricato: 6 indici, 4 MBTI, 9 Ennea
# [ai-profiles] caricato /app/packs/evo_tactics_pack/data/balance/ai_profiles.yaml: 7 profile, utility_brain ON: [aggressive, aggressive_with_stickiness, aggressive_sticky_30, aggressive_commit_window]
# Subtest: GET /api/v1/forms/session/:sid returns empty list initially
ok 410 - GET /api/v1/forms/session/:sid returns empty list initially
  ---
  duration_ms: 1169.757018
  type: 'test'
  ...
# [nebula-aggregator] telemetria Nebula non configurata: uso valori di fallback
# [nebula-aggregator] telemetria generatore Nebula non configurata: uso valori di fallback
# [nebula-aggregator] telemetria orchestrator non configurata: nessun evento disponibile
# unknown format "uri" ignored in schema at path "\#/properties/share_url/anyOf/1"
# unknown format "uri" ignored in schema at path "\#/properties/share_url/anyOf/1"
# [jobs] caricato /app/data/core/jobs.yaml: 8 base + 4 expansion = 12 job
# [plugin-loader] 8 plugins loaded: narrative, meta, tutorial, jobs, forms, progression, mutations, lineage
# [auth] nessun provider configurato: gli endpoint non sono protetti
# [trait-effects] 500 trait attivi caricati da /app/data/core/traits/active_effects.yaml
# [fairness] cap_pt_max=1 caricato da /app/data/packs.yaml
# [vc-scoring] telemetry config caricato: 6 indici, 4 MBTI, 9 Ennea
# [ai-profiles] caricato /app/packs/evo_tactics_pack/data/balance/ai_profiles.yaml: 7 profile, utility_brain ON: [aggressive, aggressive_with_stickiness, aggressive_sticky_30, aggressive_commit_window]
# Subtest: POST /api/v1/forms/session/:sid/:uid/seed + GET retrieves state
ok 411 - POST /api/v1/forms/session/:sid/:uid/seed + GET retrieves state
  ---
  duration_ms: 777.417101
  type: 'test'
  ...
# [nebula-aggregator] telemetria Nebula non configurata: uso valori di fallback
# [nebula-aggregator] telemetria generatore Nebula non configurata: uso valori di fallback
# [nebula-aggregator] telemetria orchestrator non configurata: nessun evento disponibile
# [nebula-aggregator] telemetria Nebula non configurata: uso valori di fallback
# [nebula-aggregator] telemetria generatore Nebula non configurata: uso valori di fallback
# [nebula-aggregator] telemetria orchestrator non configurata: nessun evento disponibile
# unknown format "uri" ignored in schema at path "\#/properties/share_url/anyOf/1"
# unknown format "uri" ignored in schema at path "\#/properties/share_url/anyOf/1"
# [jobs] caricato /app/data/core/jobs.yaml: 8 base + 4 expansion = 12 job
# [plugin-loader] 8 plugins loaded: narrative, meta, tutorial, jobs, forms, progression, mutations, lineage
# [auth] nessun provider configurato: gli endpoint non sono protetti
# [trait-effects] 500 trait attivi caricati da /app/data/core/traits/active_effects.yaml
# [fairness] cap_pt_max=1 caricato da /app/data/packs.yaml
# [vc-scoring] telemetry config caricato: 6 indici, 4 MBTI, 9 Ennea
# [ai-profiles] caricato /app/packs/evo_tactics_pack/data/balance/ai_profiles.yaml: 7 profile, utility_brain ON: [aggressive, aggressive_with_stickiness, aggressive_sticky_30, aggressive_commit_window]
# Subtest: POST /api/v1/forms/session/:sid/:uid/evolve persists mutation
ok 412 - POST /api/v1/forms/session/:sid/:uid/evolve persists mutation
  ---
  duration_ms: 588.030364
  type: 'test'
  ...
# unknown format "uri" ignored in schema at path "\#/properties/share_url/anyOf/1"
# unknown format "uri" ignored in schema at path "\#/properties/share_url/anyOf/1"
# [jobs] caricato /app/data/core/jobs.yaml: 8 base + 4 expansion = 12 job
# [plugin-loader] 8 plugins loaded: narrative, meta, tutorial, jobs, forms, progression, mutations, lineage
# [auth] nessun provider configurato: gli endpoint non sono protetti
# [trait-effects] 500 trait attivi caricati da /app/data/core/traits/active_effects.yaml
# [fairness] cap_pt_max=1 caricato da /app/data/packs.yaml
# [vc-scoring] telemetry config caricato: 6 indici, 4 MBTI, 9 Ennea
# [ai-profiles] caricato /app/packs/evo_tactics_pack/data/balance/ai_profiles.yaml: 7 profile, utility_brain ON: [aggressive, aggressive_with_stickiness, aggressive_sticky_30, aggressive_commit_window]
# Subtest: POST .../evolve auto-seeds when unit state missing + seed_pe provided
ok 413 - POST .../evolve auto-seeds when unit state missing + seed_pe provided
  ---
  duration_ms: 652.572248
  type: 'test'
  ...
# [nebula-aggregator] telemetria Nebula non configurata: uso valori di fallback
# [nebula-aggregator] telemetria generatore Nebula non configurata: uso valori di fallback
# [nebula-aggregator] telemetria orchestrator non configurata: nessun evento disponibile
# unknown format "uri" ignored in schema at path "\#/properties/share_url/anyOf/1"
# unknown format "uri" ignored in schema at path "\#/properties/share_url/anyOf/1"
# [jobs] caricato /app/data/core/jobs.yaml: 8 base + 4 expansion = 12 job
# [plugin-loader] 8 plugins loaded: narrative, meta, tutorial, jobs, forms, progression, mutations, lineage
# [auth] nessun provider configurato: gli endpoint non sono protetti
# [trait-effects] 500 trait attivi caricati da /app/data/core/traits/active_effects.yaml
# [fairness] cap_pt_max=1 caricato da /app/data/packs.yaml
# [vc-scoring] telemetry config caricato: 6 indici, 4 MBTI, 9 Ennea
# [ai-profiles] caricato /app/packs/evo_tactics_pack/data/balance/ai_profiles.yaml: 7 profile, utility_brain ON: [aggressive, aggressive_with_stickiness, aggressive_sticky_30, aggressive_commit_window]
# Subtest: POST .../evolve 409 when ineligible + persists nothing
ok 414 - POST .../evolve 409 when ineligible + persists nothing
  ---
  duration_ms: 598.202221
  type: 'test'
  ...
# [nebula-aggregator] telemetria Nebula non configurata: uso valori di fallback
# [nebula-aggregator] telemetria generatore Nebula non configurata: uso valori di fallback
# [nebula-aggregator] telemetria orchestrator non configurata: nessun evento disponibile
# [nebula-aggregator] telemetria Nebula non configurata: uso valori di fallback
# [nebula-aggregator] telemetria generatore Nebula non configurata: uso valori di fallback
# [nebula-aggregator] telemetria orchestrator non configurata: nessun evento disponibile
# unknown format "uri" ignored in schema at path "\#/properties/share_url/anyOf/1"
# unknown format "uri" ignored in schema at path "\#/properties/share_url/anyOf/1"
# [jobs] caricato /app/data/core/jobs.yaml: 8 base + 4 expansion = 12 job
# [plugin-loader] 8 plugins loaded: narrative, meta, tutorial, jobs, forms, progression, mutations, lineage
# [auth] nessun provider configurato: gli endpoint non sono protetti
# [trait-effects] 500 trait attivi caricati da /app/data/core/traits/active_effects.yaml
# [fairness] cap_pt_max=1 caricato da /app/data/packs.yaml
# [vc-scoring] telemetry config caricato: 6 indici, 4 MBTI, 9 Ennea
# [ai-profiles] caricato /app/packs/evo_tactics_pack/data/balance/ai_profiles.yaml: 7 profile, utility_brain ON: [aggressive, aggressive_with_stickiness, aggressive_sticky_30, aggressive_commit_window]
# Subtest: DELETE /api/v1/forms/session/:sid clears all unit states
ok 415 - DELETE /api/v1/forms/session/:sid clears all unit states
  ---
  duration_ms: 662.082984
  type: 'test'
  ...
# unknown format "uri" ignored in schema at path "\#/properties/share_url/anyOf/1"
# unknown format "uri" ignored in schema at path "\#/properties/share_url/anyOf/1"
# [jobs] caricato /app/data/core/jobs.yaml: 8 base + 4 expansion = 12 job
# [plugin-loader] 8 plugins loaded: narrative, meta, tutorial, jobs, forms, progression, mutations, lineage
# [auth] nessun provider configurato: gli endpoint non sono protetti
# [trait-effects] 500 trait attivi caricati da /app/data/core/traits/active_effects.yaml
# [fairness] cap_pt_max=1 caricato da /app/data/packs.yaml
# [vc-scoring] telemetry config caricato: 6 indici, 4 MBTI, 9 Ennea
# [ai-profiles] caricato /app/packs/evo_tactics_pack/data/balance/ai_profiles.yaml: 7 profile, utility_brain ON: [aggressive, aggressive_with_stickiness, aggressive_sticky_30, aggressive_commit_window]
# Subtest: POST /api/v1/forms/pack/roll returns combo + cost with seed
ok 416 - POST /api/v1/forms/pack/roll returns combo + cost with seed
  ---
  duration_ms: 389.989316
  type: 'test'
  ...
# [nebula-aggregator] telemetria Nebula non configurata: uso valori di fallback
# [nebula-aggregator] telemetria generatore Nebula non configurata: uso valori di fallback
# [nebula-aggregator] telemetria orchestrator non configurata: nessun evento disponibile
# unknown format "uri" ignored in schema at path "\#/properties/share_url/anyOf/1"
# unknown format "uri" ignored in schema at path "\#/properties/share_url/anyOf/1"
# [jobs] caricato /app/data/core/jobs.yaml: 8 base + 4 expansion = 12 job
# [plugin-loader] 8 plugins loaded: narrative, meta, tutorial, jobs, forms, progression, mutations, lineage
# [auth] nessun provider configurato: gli endpoint non sono protetti
# [trait-effects] 500 trait attivi caricati da /app/data/core/traits/active_effects.yaml
# [fairness] cap_pt_max=1 caricato da /app/data/packs.yaml
# [vc-scoring] telemetry config caricato: 6 indici, 4 MBTI, 9 Ennea
# [ai-profiles] caricato /app/packs/evo_tactics_pack/data/balance/ai_profiles.yaml: 7 profile, utility_brain ON: [aggressive, aggressive_with_stickiness, aggressive_sticky_30, aggressive_commit_window]
# Subtest: POST /api/v1/forms/pack/roll deterministic on same seed
ok 417 - POST /api/v1/forms/pack/roll deterministic on same seed
  ---
  duration_ms: 468.688481
  type: 'test'
  ...
# [nebula-aggregator] telemetria Nebula non configurata: uso valori di fallback
# [nebula-aggregator] telemetria generatore Nebula non configurata: uso valori di fallback
# [nebula-aggregator] telemetria orchestrator non configurata: nessun evento disponibile
# unknown format "uri" ignored in schema at path "\#/properties/share_url/anyOf/1"
# unknown format "uri" ignored in schema at path "\#/properties/share_url/anyOf/1"
# [jobs] caricato /app/data/core/jobs.yaml: 8 base + 4 expansion = 12 job
# [plugin-loader] 8 plugins loaded: narrative, meta, tutorial, jobs, forms, progression, mutations, lineage
# [auth] nessun provider configurato: gli endpoint non sono protetti
# [trait-effects] 500 trait attivi caricati da /app/data/core/traits/active_effects.yaml
# [fairness] cap_pt_max=1 caricato da /app/data/packs.yaml
# [vc-scoring] telemetry config caricato: 6 indici, 4 MBTI, 9 Ennea
# [ai-profiles] caricato /app/packs/evo_tactics_pack/data/balance/ai_profiles.yaml: 7 profile, utility_brain ON: [aggressive, aggressive_with_stickiness, aggressive_sticky_30, aggressive_commit_window]
# Subtest: GET /api/v1/forms/pack/costs exposes pi_shop.costs + caps + budget_curve
ok 418 - GET /api/v1/forms/pack/costs exposes pi_shop.costs + caps + budget_curve
  ---
  duration_ms: 437.13128
  type: 'test'
  ...
# [nebula-aggregator] telemetria Nebula non configurata: uso valori di fallback
# [nebula-aggregator] telemetria generatore Nebula non configurata: uso valori di fallback
# [nebula-aggregator] telemetria orchestrator non configurata: nessun evento disponibile
# [nebula-aggregator] telemetria Nebula non configurata: uso valori di fallback
# [nebula-aggregator] telemetria generatore Nebula non configurata: uso valori di fallback
# [nebula-aggregator] telemetria orchestrator non configurata: nessun evento disponibile
# Subtest: Session isolation: sess A and sess B don't share state
ok 419 - Session isolation: sess A and sess B don't share state
  ---
  duration_ms: 562.027981
  type: 'test'
  ...
# Subtest: GAME_DATABASE_ENABLED default ON when env unset
ok 420 - GAME_DATABASE_ENABLED default ON when env unset
  ---
  duration_ms: 1.453045
  type: 'test'
  ...
# Subtest: default-ON predicate behavior matches semantic contract
ok 421 - default-ON predicate behavior matches semantic contract
  ---
  duration_ms: 0.413822
  type: 'test'
  ...
# Subtest: comment block documents OD-030 ai-station re-verdict + override path
ok 422 - comment block documents OD-030 ai-station re-verdict + override path
  ---
  duration_ms: 4.522314
  type: 'test'
  ...
# Subtest: getState returns null when no row exists
ok 423 - getState returns null when no row exists
  ---
  duration_ms: 1.976935
  type: 'test'
  ...
# Subtest: getState throws on empty campaign_id
ok 424 - getState throws on empty campaign_id
  ---
  duration_ms: 1.11149
  type: 'test'
  ...
# Subtest: upsertState stores defaults when fields absent
ok 425 - upsertState stores defaults when fields absent
  ---
  duration_ms: 1.260613
  type: 'test'
  ...
# Subtest: upsertState persists full payload + round-trips via getState
ok 426 - upsertState persists full payload + round-trips via getState
  ---
  duration_ms: 0.404801
  type: 'test'
  ...
# Subtest: upsertState idempotent — second call overwrites
ok 427 - upsertState idempotent — second call overwrites
  ---
  duration_ms: 0.348223
  type: 'test'
  ...
# Subtest: upsertState rejects empty payload
ok 428 - upsertState rejects empty payload
  ---
  duration_ms: 3.529562
  type: 'test'
  ...
# Subtest: _rowToShape converts camelCase row to snake_case JSON
ok 429 - _rowToShape converts camelCase row to snake_case JSON
  ---
  duration_ms: 1.646278
  type: 'test'
  ...
# [prisma] client non disponibile, uso stub in memoria DATABASE_URL non configurato
# unknown format "uri" ignored in schema at path "\#/properties/share_url/anyOf/1"
# unknown format "uri" ignored in schema at path "\#/properties/share_url/anyOf/1"
# [jobs] caricato /app/data/core/jobs.yaml: 8 base + 4 expansion = 12 job
# [plugin-loader] 8 plugins loaded: narrative, meta, tutorial, jobs, forms, progression, mutations, lineage
# [auth] nessun provider configurato: gli endpoint non sono protetti
# [trait-effects] 500 trait attivi caricati da /app/data/core/traits/active_effects.yaml
# [fairness] cap_pt_max=1 caricato da /app/data/packs.yaml
# [vc-scoring] telemetry config caricato: 6 indici, 4 MBTI, 9 Ennea
# [ai-profiles] caricato /app/packs/evo_tactics_pack/data/balance/ai_profiles.yaml: 7 profile, utility_brain ON: [aggressive, aggressive_with_stickiness, aggressive_sticky_30, aggressive_commit_window]
# unknown format "uri" ignored in schema at path "\#/properties/share_url/anyOf/1"
# unknown format "uri" ignored in schema at path "\#/properties/share_url/anyOf/1"
# [jobs] caricato /app/data/core/jobs.yaml: 8 base + 4 expansion = 12 job
# [plugin-loader] 8 plugins loaded: narrative, meta, tutorial, jobs, forms, progression, mutations, lineage
# [auth] nessun provider configurato: gli endpoint non sono protetti
# [trait-effects] 500 trait attivi caricati da /app/data/core/traits/active_effects.yaml
# [fairness] cap_pt_max=1 caricato da /app/data/packs.yaml
# [vc-scoring] telemetry config caricato: 6 indici, 4 MBTI, 9 Ennea
# [ai-profiles] caricato /app/packs/evo_tactics_pack/data/balance/ai_profiles.yaml: 7 profile, utility_brain ON: [aggressive, aggressive_with_stickiness, aggressive_sticky_30, aggressive_commit_window]
# Subtest: GET /api/tutorial/enc_tutorial_06_hardcore returns 14 units + recommended modulation
ok 430 - GET /api/tutorial/enc_tutorial_06_hardcore returns 14 units + recommended modulation
  ---
  duration_ms: 1184.135461
  type: 'test'
  ...
# [nebula-aggregator] telemetria Nebula non configurata: uso valori di fallback
# [nebula-aggregator] telemetria generatore Nebula non configurata: uso valori di fallback
# [nebula-aggregator] telemetria orchestrator non configurata: nessun evento disponibile
# unknown format "uri" ignored in schema at path "\#/properties/share_url/anyOf/1"
# unknown format "uri" ignored in schema at path "\#/properties/share_url/anyOf/1"
# [jobs] caricato /app/data/core/jobs.yaml: 8 base + 4 expansion = 12 job
# [plugin-loader] 8 plugins loaded: narrative, meta, tutorial, jobs, forms, progression, mutations, lineage
# [auth] nessun provider configurato: gli endpoint non sono protetti
# [trait-effects] 500 trait attivi caricati da /app/data/core/traits/active_effects.yaml
# [fairness] cap_pt_max=1 caricato da /app/data/packs.yaml
# [vc-scoring] telemetry config caricato: 6 indici, 4 MBTI, 9 Ennea
# [ai-profiles] caricato /app/packs/evo_tactics_pack/data/balance/ai_profiles.yaml: 7 profile, utility_brain ON: [aggressive, aggressive_with_stickiness, aggressive_sticky_30, aggressive_commit_window]
# Subtest: GET /api/tutorial lists hardcore scenario
ok 431 - GET /api/tutorial lists hardcore scenario
  ---
  duration_ms: 1019.974504
  type: 'test'
  ...
# [nebula-aggregator] telemetria Nebula non configurata: uso valori di fallback
# [nebula-aggregator] telemetria generatore Nebula non configurata: uso valori di fallback
# [nebula-aggregator] telemetria orchestrator non configurata: nessun evento disponibile
# unknown format "uri" ignored in schema at path "\#/properties/share_url/anyOf/1"
# unknown format "uri" ignored in schema at path "\#/properties/share_url/anyOf/1"
# [jobs] caricato /app/data/core/jobs.yaml: 8 base + 4 expansion = 12 job
# [plugin-loader] 8 plugins loaded: narrative, meta, tutorial, jobs, forms, progression, mutations, lineage
# [auth] nessun provider configurato: gli endpoint non sono protetti
# [trait-effects] 500 trait attivi caricati da /app/data/core/traits/active_effects.yaml
# [fairness] cap_pt_max=1 caricato da /app/data/packs.yaml
# [vc-scoring] telemetry config caricato: 6 indici, 4 MBTI, 9 Ennea
# [ai-profiles] caricato /app/packs/evo_tactics_pack/data/balance/ai_profiles.yaml: 7 profile, utility_brain ON: [aggressive, aggressive_with_stickiness, aggressive_sticky_30, aggressive_commit_window]
# Subtest: GET /api/tutorial/enc_tutorial_06_hardcore_quartet returns 4p + 6e + boss hp 22
ok 432 - GET /api/tutorial/enc_tutorial_06_hardcore_quartet returns 4p + 6e + boss hp 22
  ---
  duration_ms: 1011.706657
  type: 'test'
  ...
# [nebula-aggregator] telemetria Nebula non configurata: uso valori di fallback
# [nebula-aggregator] telemetria generatore Nebula non configurata: uso valori di fallback
# [nebula-aggregator] telemetria orchestrator non configurata: nessun evento disponibile
# [nebula-aggregator] telemetria Nebula non configurata: uso valori di fallback
# [nebula-aggregator] telemetria generatore Nebula non configurata: uso valori di fallback
# [nebula-aggregator] telemetria orchestrator non configurata: nessun evento disponibile
# unknown format "uri" ignored in schema at path "\#/properties/share_url/anyOf/1"
# unknown format "uri" ignored in schema at path "\#/properties/share_url/anyOf/1"
# [jobs] caricato /app/data/core/jobs.yaml: 8 base + 4 expansion = 12 job
# [plugin-loader] 8 plugins loaded: narrative, meta, tutorial, jobs, forms, progression, mutations, lineage
# [auth] nessun provider configurato: gli endpoint non sono protetti
# [trait-effects] 500 trait attivi caricati da /app/data/core/traits/active_effects.yaml
# [fairness] cap_pt_max=1 caricato da /app/data/packs.yaml
# [vc-scoring] telemetry config caricato: 6 indici, 4 MBTI, 9 Ennea
# [ai-profiles] caricato /app/packs/evo_tactics_pack/data/balance/ai_profiles.yaml: 7 profile, utility_brain ON: [aggressive, aggressive_with_stickiness, aggressive_sticky_30, aggressive_commit_window]
# Subtest: POST /api/session/start with hardcore units + modulation=full → grid 10x10
ok 433 - POST /api/session/start with hardcore units + modulation=full → grid 10x10
  ---
  duration_ms: 1218.913282
  type: 'test'
  ...
# unknown format "uri" ignored in schema at path "\#/properties/share_url/anyOf/1"
# unknown format "uri" ignored in schema at path "\#/properties/share_url/anyOf/1"
# [jobs] caricato /app/data/core/jobs.yaml: 8 base + 4 expansion = 12 job
# [plugin-loader] 8 plugins loaded: narrative, meta, tutorial, jobs, forms, progression, mutations, lineage
# [auth] nessun provider configurato: gli endpoint non sono protetti
# [trait-effects] 500 trait attivi caricati da /app/data/core/traits/active_effects.yaml
# [fairness] cap_pt_max=1 caricato da /app/data/packs.yaml
# [vc-scoring] telemetry config caricato: 6 indici, 4 MBTI, 9 Ennea
# [ai-profiles] caricato /app/packs/evo_tactics_pack/data/balance/ai_profiles.yaml: 7 profile, utility_brain ON: [aggressive, aggressive_with_stickiness, aggressive_sticky_30, aggressive_commit_window]
# Subtest: GET hardcore_06 raw units: BOSS vantage = 1, elite + player ground = 0
ok 434 - GET hardcore_06 raw units: BOSS vantage = 1, elite + player ground = 0
  ---
  duration_ms: 940.901396
  type: 'test'
  ...
# [nebula-aggregator] telemetria Nebula non configurata: uso valori di fallback
# [nebula-aggregator] telemetria generatore Nebula non configurata: uso valori di fallback
# [nebula-aggregator] telemetria orchestrator non configurata: nessun evento disponibile
# unknown format "uri" ignored in schema at path "\#/properties/share_url/anyOf/1"
# unknown format "uri" ignored in schema at path "\#/properties/share_url/anyOf/1"
# [jobs] caricato /app/data/core/jobs.yaml: 8 base + 4 expansion = 12 job
# [plugin-loader] 8 plugins loaded: narrative, meta, tutorial, jobs, forms, progression, mutations, lineage
# [auth] nessun provider configurato: gli endpoint non sono protetti
# [trait-effects] 500 trait attivi caricati da /app/data/core/traits/active_effects.yaml
# [fairness] cap_pt_max=1 caricato da /app/data/packs.yaml
# [vc-scoring] telemetry config caricato: 6 indici, 4 MBTI, 9 Ennea
# [ai-profiles] caricato /app/packs/evo_tactics_pack/data/balance/ai_profiles.yaml: 7 profile, utility_brain ON: [aggressive, aggressive_with_stickiness, aggressive_sticky_30, aggressive_commit_window]
# Subtest: POST session start preserva elevation attraverso normalization
ok 435 - POST session start preserva elevation attraverso normalization
  ---
  duration_ms: 1079.715518
  type: 'test'
  ...
# [nebula-aggregator] telemetria Nebula non configurata: uso valori di fallback
# [nebula-aggregator] telemetria generatore Nebula non configurata: uso valori di fallback
# [nebula-aggregator] telemetria orchestrator non configurata: nessun evento disponibile
# Subtest: GET hardcore_07 patrol leader elevation=1 (vedetta)
ok 436 - GET hardcore_07 patrol leader elevation=1 (vedetta)
  ---
  duration_ms: 819.685226
  type: 'test'
  ...
# [nebula-aggregator] telemetria Nebula non configurata: uso valori di fallback
# [nebula-aggregator] telemetria generatore Nebula non configurata: uso valori di fallback
# [nebula-aggregator] telemetria orchestrator non configurata: nessun evento disponibile
# Subtest: HARDCORE_SCENARIO_06 exports mission_timer iter3
ok 437 - HARDCORE_SCENARIO_06 exports mission_timer iter3
  ---
  duration_ms: 6.510708
  type: 'test'
  ...
# Subtest: HARDCORE_SCENARIO_07 pod_rush: timer + reinforcement policy wired
ok 438 - HARDCORE_SCENARIO_07 pod_rush: timer + reinforcement policy wired
  ---
  duration_ms: 0.286515
  type: 'test'
  ...
# Subtest: buildHardcoreUnits07: 4p quartet + 4 initial enemies (M14-C iter1)
ok 439 - buildHardcoreUnits07: 4p quartet + 4 initial enemies (M14-C iter1)
  ---
  duration_ms: 2.591002
  type: 'test'
  ...
# Subtest: GET /api/tutorial/enc_tutorial_07_hardcore_pod_rush serves scenario
ok 440 - GET /api/tutorial/enc_tutorial_07_hardcore_pod_rush serves scenario
  ---
  duration_ms: 87.500746
  type: 'test'
  ...
# Subtest: GET /api/tutorial/enc_tutorial_06_hardcore now includes mission_timer
ok 441 - GET /api/tutorial/enc_tutorial_06_hardcore now includes mission_timer
  ---
  duration_ms: 9.676882
  type: 'test'
  ...
# [prisma] client non disponibile, uso stub in memoria DATABASE_URL non configurato
# unknown format "uri" ignored in schema at path "\#/properties/share_url/anyOf/1"
# unknown format "uri" ignored in schema at path "\#/properties/share_url/anyOf/1"
# [jobs] caricato /app/data/core/jobs.yaml: 8 base + 4 expansion = 12 job
# [plugin-loader] 8 plugins loaded: narrative, meta, tutorial, jobs, forms, progression, mutations, lineage
# [auth] nessun provider configurato: gli endpoint non sono protetti
# [trait-effects] 500 trait attivi caricati da /app/data/core/traits/active_effects.yaml
# [fairness] cap_pt_max=1 caricato da /app/data/packs.yaml
# [vc-scoring] telemetry config caricato: 6 indici, 4 MBTI, 9 Ennea
# [ai-profiles] caricato /app/packs/evo_tactics_pack/data/balance/ai_profiles.yaml: 7 profile, utility_brain ON: [aggressive, aggressive_with_stickiness, aggressive_sticky_30, aggressive_commit_window]
# unknown format "uri" ignored in schema at path "\#/properties/share_url/anyOf/1"
# unknown format "uri" ignored in schema at path "\#/properties/share_url/anyOf/1"
# [jobs] caricato /app/data/core/jobs.yaml: 8 base + 4 expansion = 12 job
# [plugin-loader] 8 plugins loaded: narrative, meta, tutorial, jobs, forms, progression, mutations, lineage
# [auth] nessun provider configurato: gli endpoint non sono protetti
# [trait-effects] 500 trait attivi caricati da /app/data/core/traits/active_effects.yaml
# [fairness] cap_pt_max=1 caricato da /app/data/packs.yaml
# [vc-scoring] telemetry config caricato: 6 indici, 4 MBTI, 9 Ennea
# [ai-profiles] caricato /app/packs/evo_tactics_pack/data/balance/ai_profiles.yaml: 7 profile, utility_brain ON: [aggressive, aggressive_with_stickiness, aggressive_sticky_30, aggressive_commit_window]
# Subtest: Hazard: enc_tutorial_03 esposto in tutorial loader
ok 442 - Hazard: enc_tutorial_03 esposto in tutorial loader
  ---
  duration_ms: 2391.830919
  type: 'test'
  ...
# [trait-effects] 500 trait attivi caricati da /app/data/core/traits/active_effects.yaml
# unknown format "uri" ignored in schema at path "\#/properties/share_url/anyOf/1"
# unknown format "uri" ignored in schema at path "\#/properties/share_url/anyOf/1"
# [jobs] caricato /app/data/core/jobs.yaml: 8 base + 4 expansion = 12 job
# [plugin-loader] 8 plugins loaded: narrative, meta, tutorial, jobs, forms, progression, mutations, lineage
# [auth] nessun provider configurato: gli endpoint non sono protetti
# [trait-effects] 500 trait attivi caricati da /app/data/core/traits/active_effects.yaml
# [fairness] cap_pt_max=1 caricato da /app/data/packs.yaml
# [vc-scoring] telemetry config caricato: 6 indici, 4 MBTI, 9 Ennea
# [ai-profiles] caricato /app/packs/evo_tactics_pack/data/balance/ai_profiles.yaml: 7 profile, utility_brain ON: [aggressive, aggressive_with_stickiness, aggressive_sticky_30, aggressive_commit_window]
# Subtest: Hazard: tile damage applied at turn end
ok 443 - Hazard: tile damage applied at turn end
  ---
  duration_ms: 1361.26707
  type: 'test'
  ...
# [trait-effects] 500 trait attivi caricati da /app/data/core/traits/active_effects.yaml
# {"component":"bond-reaction","event":"bond_fired","session_id":"77f095db-b2ec-4fbb-9288-c726e0d66fca","turn":1,"bond_id":"pack_alpha","bond_type":"counter_attack","ally_id":"p_tank","attacker_id":"e_guardiano_1","target_id":"p_scout","damage_absorbed":0,"damage_dealt":0,"ally_killed":false,"attacker_killed":false}
# Subtest: Hazard: no damage when no unit on hazard tiles
ok 444 - Hazard: no damage when no unit on hazard tiles
  ---
  duration_ms: 1111.437065
  type: 'test'
  ...
# [prisma] client non disponibile, uso stub in memoria DATABASE_URL non configurato
# unknown format "uri" ignored in schema at path "\#/properties/share_url/anyOf/1"
# unknown format "uri" ignored in schema at path "\#/properties/share_url/anyOf/1"
# [jobs] caricato /app/data/core/jobs.yaml: 8 base + 4 expansion = 12 job
# [plugin-loader] 8 plugins loaded: narrative, meta, tutorial, jobs, forms, progression, mutations, lineage
# [auth] nessun provider configurato: gli endpoint non sono protetti
# [trait-effects] 500 trait attivi caricati da /app/data/core/traits/active_effects.yaml
# [fairness] cap_pt_max=1 caricato da /app/data/packs.yaml
# [vc-scoring] telemetry config caricato: 6 indici, 4 MBTI, 9 Ennea
# [ai-profiles] caricato /app/packs/evo_tactics_pack/data/balance/ai_profiles.yaml: 7 profile, utility_brain ON: [aggressive, aggressive_with_stickiness, aggressive_sticky_30, aggressive_commit_window]
# unknown format "uri" ignored in schema at path "\#/properties/share_url/anyOf/1"
# unknown format "uri" ignored in schema at path "\#/properties/share_url/anyOf/1"
# [jobs] caricato /app/data/core/jobs.yaml: 8 base + 4 expansion = 12 job
# [plugin-loader] 8 plugins loaded: narrative, meta, tutorial, jobs, forms, progression, mutations, lineage
# [auth] nessun provider configurato: gli endpoint non sono protetti
# [trait-effects] 500 trait attivi caricati da /app/data/core/traits/active_effects.yaml
# [fairness] cap_pt_max=1 caricato da /app/data/packs.yaml
# [vc-scoring] telemetry config caricato: 6 indici, 4 MBTI, 9 Ennea
# [ai-profiles] caricato /app/packs/evo_tactics_pack/data/balance/ai_profiles.yaml: 7 profile, utility_brain ON: [aggressive, aggressive_with_stickiness, aggressive_sticky_30, aggressive_commit_window]
# Subtest: POST /api/ideas salva nel database e genera il report Codex
ok 445 - POST /api/ideas salva nel database e genera il report Codex
  ---
  duration_ms: 2409.049308
  type: 'test'
  ...
# unknown format "uri" ignored in schema at path "\#/properties/share_url/anyOf/1"
# unknown format "uri" ignored in schema at path "\#/properties/share_url/anyOf/1"
# [jobs] caricato /app/data/core/jobs.yaml: 8 base + 4 expansion = 12 job
# [plugin-loader] 8 plugins loaded: narrative, meta, tutorial, jobs, forms, progression, mutations, lineage
# [auth] nessun provider configurato: gli endpoint non sono protetti
# [trait-effects] 500 trait attivi caricati da /app/data/core/traits/active_effects.yaml
# [fairness] cap_pt_max=1 caricato da /app/data/packs.yaml
# [vc-scoring] telemetry config caricato: 6 indici, 4 MBTI, 9 Ennea
# [ai-profiles] caricato /app/packs/evo_tactics_pack/data/balance/ai_profiles.yaml: 7 profile, utility_brain ON: [aggressive, aggressive_with_stickiness, aggressive_sticky_30, aggressive_commit_window]
# Subtest: POST /api/ideas/:id/feedback registra il commento e aggiorna il report
ok 446 - POST /api/ideas/:id/feedback registra il commento e aggiorna il report
  ---
  duration_ms: 1706.621987
  type: 'test'
  ...
# unknown format "uri" ignored in schema at path "\#/properties/share_url/anyOf/1"
# unknown format "uri" ignored in schema at path "\#/properties/share_url/anyOf/1"
# [jobs] caricato /app/data/core/jobs.yaml: 8 base + 4 expansion = 12 job
# [plugin-loader] 8 plugins loaded: narrative, meta, tutorial, jobs, forms, progression, mutations, lineage
# [auth] nessun provider configurato: gli endpoint non sono protetti
# [trait-effects] 500 trait attivi caricati da /app/data/core/traits/active_effects.yaml
# [fairness] cap_pt_max=1 caricato da /app/data/packs.yaml
# [vc-scoring] telemetry config caricato: 6 indici, 4 MBTI, 9 Ennea
# [ai-profiles] caricato /app/packs/evo_tactics_pack/data/balance/ai_profiles.yaml: 7 profile, utility_brain ON: [aggressive, aggressive_with_stickiness, aggressive_sticky_30, aggressive_commit_window]
# Subtest: GET /api/ideas/:id/report restituisce il report salvato
ok 447 - GET /api/ideas/:id/report restituisce il report salvato
  ---
  duration_ms: 996.296802
  type: 'test'
  ...
# unknown format "uri" ignored in schema at path "\#/properties/share_url/anyOf/1"
# unknown format "uri" ignored in schema at path "\#/properties/share_url/anyOf/1"
# [jobs] caricato /app/data/core/jobs.yaml: 8 base + 4 expansion = 12 job
# [plugin-loader] 8 plugins loaded: narrative, meta, tutorial, jobs, forms, progression, mutations, lineage
# [auth] nessun provider configurato: gli endpoint non sono protetti
# [trait-effects] 500 trait attivi caricati da /app/data/core/traits/active_effects.yaml
# [fairness] cap_pt_max=1 caricato da /app/data/packs.yaml
# [vc-scoring] telemetry config caricato: 6 indici, 4 MBTI, 9 Ennea
# [ai-profiles] caricato /app/packs/evo_tactics_pack/data/balance/ai_profiles.yaml: 7 profile, utility_brain ON: [aggressive, aggressive_with_stickiness, aggressive_sticky_30, aggressive_commit_window]
# Subtest: POST /api/ideas valida i campi obbligatori
ok 448 - POST /api/ideas valida i campi obbligatori
  ---
  duration_ms: 690.064781
  type: 'test'
  ...
# unknown format "uri" ignored in schema at path "\#/properties/share_url/anyOf/1"
# unknown format "uri" ignored in schema at path "\#/properties/share_url/anyOf/1"
# [jobs] caricato /app/data/core/jobs.yaml: 8 base + 4 expansion = 12 job
# [plugin-loader] 8 plugins loaded: narrative, meta, tutorial, jobs, forms, progression, mutations, lineage
# [auth] nessun provider configurato: gli endpoint non sono protetti
# [trait-effects] 500 trait attivi caricati da /app/data/core/traits/active_effects.yaml
# [fairness] cap_pt_max=1 caricato da /app/data/packs.yaml
# [vc-scoring] telemetry config caricato: 6 indici, 4 MBTI, 9 Ennea
# [ai-profiles] caricato /app/packs/evo_tactics_pack/data/balance/ai_profiles.yaml: 7 profile, utility_brain ON: [aggressive, aggressive_with_stickiness, aggressive_sticky_30, aggressive_commit_window]
# Subtest: POST /api/ideas rifiuta categorie non in tassonomia
ok 449 - POST /api/ideas rifiuta categorie non in tassonomia
  ---
  duration_ms: 778.711641
  type: 'test'
  ...
# unknown format "uri" ignored in schema at path "\#/properties/share_url/anyOf/1"
# unknown format "uri" ignored in schema at path "\#/properties/share_url/anyOf/1"
# [jobs] caricato /app/data/core/jobs.yaml: 8 base + 4 expansion = 12 job
# [plugin-loader] 8 plugins loaded: narrative, meta, tutorial, jobs, forms, progression, mutations, lineage
# [auth] nessun provider configurato: gli endpoint non sono protetti
# [trait-effects] 500 trait attivi caricati da /app/data/core/traits/active_effects.yaml
# [fairness] cap_pt_max=1 caricato da /app/data/packs.yaml
# [vc-scoring] telemetry config caricato: 6 indici, 4 MBTI, 9 Ennea
# [ai-profiles] caricato /app/packs/evo_tactics_pack/data/balance/ai_profiles.yaml: 7 profile, utility_brain ON: [aggressive, aggressive_with_stickiness, aggressive_sticky_30, aggressive_commit_window]
# Subtest: POST /api/ideas rifiuta slug non catalogati senza override
ok 450 - POST /api/ideas rifiuta slug non catalogati senza override
  ---
  duration_ms: 706.627733
  type: 'test'
  ...
# Subtest: POST /api/ideas accetta slug non catalogati con override
ok 451 - POST /api/ideas accetta slug non catalogati con override
  ---
  duration_ms: 1105.305892
  type: 'test'
  ...
# Subtest: loadVoices: returns exactly 24 voices across 4 axes
ok 452 - loadVoices: returns exactly 24 voices across 4 axes
  ---
  duration_ms: 51.159959
  type: 'test'
  ...
# Subtest: loadVoices: every entry has required fields
ok 453 - loadVoices: every entry has required fields
  ---
  duration_ms: 18.293865
  type: 'test'
  ...
# Subtest: matchesVoiceThreshold: low direction matches when value ≤ threshold
ok 454 - matchesVoiceThreshold: low direction matches when value ≤ threshold
  ---
  duration_ms: 0.259529
  type: 'test'
  ...
# Subtest: matchesVoiceThreshold: high direction matches when value ≥ threshold
ok 455 - matchesVoiceThreshold: high direction matches when value ≥ threshold
  ---
  duration_ms: 0.168778
  type: 'test'
  ...
# Subtest: matchesVoiceThreshold: null/undefined/NaN never match
ok 456 - matchesVoiceThreshold: null/undefined/NaN never match
  ---
  duration_ms: 0.269757
  type: 'test'
  ...
# Subtest: evaluateVoiceTriggers: no axes → empty result
ok 457 - evaluateVoiceTriggers: no axes → empty result
  ---
  duration_ms: 1.182486
  type: 'test'
  ...
# Subtest: evaluateVoiceTriggers: T_F high 0.68 unlocks tier-1 T voice only
ok 458 - evaluateVoiceTriggers: T_F high 0.68 unlocks tier-1 T voice only
  ---
  duration_ms: 12.764546
  type: 'test'
  ...
# Subtest: evaluateVoiceTriggers: T_F high 0.87 unlocks all 3 T tiers
ok 459 - evaluateVoiceTriggers: T_F high 0.87 unlocks all 3 T tiers
  ---
  duration_ms: 2.153945
  type: 'test'
  ...
# Subtest: evaluateVoiceTriggers: T_F low 0.12 unlocks all 3 F tiers
ok 460 - evaluateVoiceTriggers: T_F low 0.12 unlocks all 3 F tiers
  ---
  duration_ms: 20.07083
  type: 'test'
  ...
# Subtest: evaluateVoiceTriggers: cumulative — already heard voices not in newly_heard
ok 461 - evaluateVoiceTriggers: cumulative — already heard voices not in newly_heard
  ---
  duration_ms: 17.502058
  type: 'test'
  ...
# Subtest: evaluateVoiceTriggers: mixed axes trigger voices from multiple axes
ok 462 - evaluateVoiceTriggers: mixed axes trigger voices from multiple axes
  ---
  duration_ms: 1.481805
  type: 'test'
  ...
# Subtest: describeVoice: returns full entry with id
ok 463 - describeVoice: returns full entry with id
  ---
  duration_ms: 12.911792
  type: 'test'
  ...
# Subtest: describeVoice: unknown id returns null
ok 464 - describeVoice: unknown id returns null
  ---
  duration_ms: 1.527897
  type: 'test'
  ...
# Subtest: OD-024 propriocezione — attack_bonus kind handler
    # Subtest: definition uses attack_bonus kind
    ok 1 - definition uses attack_bonus kind
      ---
      duration_ms: 1.076303
      type: 'test'
      ...
    # Subtest: fires on actor attack +1 damage_modifier
    ok 2 - fires on actor attack +1 damage_modifier
      ---
      duration_ms: 0.901671
      type: 'test'
      ...
    # Subtest: does NOT fire when applies_to=actor + trait on target side
    ok 3 - does NOT fire when applies_to=actor + trait on target side
      ---
      duration_ms: 0.25273
      type: 'test'
      ...
    1..3
ok 465 - OD-024 propriocezione — attack_bonus kind handler
  ---
  duration_ms: 10.494448
  type: 'suite'
  ...
# Subtest: OD-024 nocicezione — requires:ferito gate
    # Subtest: definition uses requires:ferito + extra_damage kind
    ok 1 - definition uses requires:ferito + extra_damage kind
      ---
      duration_ms: 0.461132
      type: 'test'
      ...
    # Subtest: blocks when actor NOT ferito (gate active)
    ok 2 - blocks when actor NOT ferito (gate active)
      ---
      duration_ms: 0.258937
      type: 'test'
      ...
    # Subtest: fires when actor.status.ferito = true (Dict pattern)
    ok 3 - fires when actor.status.ferito = true (Dict pattern)
      ---
      duration_ms: 0.233223
      type: 'test'
      ...
    # Subtest: fires when actor.status.ferito = {turns:2}
    ok 4 - fires when actor.status.ferito = {turns:2}
      ---
      duration_ms: 0.455571
      type: 'test'
      ...
    # Subtest: blocks when actor.status.ferito = {turns:0} (expired)
    ok 5 - blocks when actor.status.ferito = {turns:0} (expired)
      ---
      duration_ms: 0.392599
      type: 'test'
      ...
    # Subtest: fires when actor.status is Array containing ferito
    ok 6 - fires when actor.status is Array containing ferito
      ---
      duration_ms: 0.485931
      type: 'test'
      ...
    1..6
ok 466 - OD-024 nocicezione — requires:ferito gate
  ---
  duration_ms: 3.04593
  type: 'suite'
  ...
# Subtest: OD-024 equilibrio_vestibolare + termocezione — damage_reduction
    # Subtest: equilibrio_vestibolare on target hit reduces damage
    ok 1 - equilibrio_vestibolare on target hit reduces damage
      ---
      duration_ms: 12.593734
      type: 'test'
      ...
    # Subtest: termocezione on target hit reduces damage
    ok 2 - termocezione on target hit reduces damage
      ---
      duration_ms: 0.252096
      type: 'test'
      ...
    1..2
ok 467 - OD-024 equilibrio_vestibolare + termocezione — damage_reduction
  ---
  duration_ms: 13.02707
  type: 'suite'
  ...
# Subtest: OD-024 traits — registry sanity
    # Subtest: all 4 interoception traits present, T1 sensoriale
    ok 1 - all 4 interoception traits present, T1 sensoriale
      ---
      duration_ms: 0.290462
      type: 'test'
      ...
    # Subtest: combined: actor with propriocezione + nocicezione (ferito) stacks +2
    ok 2 - combined: actor with propriocezione + nocicezione (ferito) stacks +2
      ---
      duration_ms: 0.273204
      type: 'test'
      ...
    1..2
ok 468 - OD-024 traits — registry sanity
  ---
  duration_ms: 0.686515
  type: 'suite'
  ...
# [prisma] client non disponibile, uso stub in memoria DATABASE_URL non configurato
# unknown format "uri" ignored in schema at path "\#/properties/share_url/anyOf/1"
# unknown format "uri" ignored in schema at path "\#/properties/share_url/anyOf/1"
# [jobs] caricato /app/data/core/jobs.yaml: 8 base + 4 expansion = 12 job
# [plugin-loader] 8 plugins loaded: narrative, meta, tutorial, jobs, forms, progression, mutations, lineage
# [auth] nessun provider configurato: gli endpoint non sono protetti
# [trait-effects] 500 trait attivi caricati da /app/data/core/traits/active_effects.yaml
# [fairness] cap_pt_max=1 caricato da /app/data/packs.yaml
# [vc-scoring] telemetry config caricato: 6 indici, 4 MBTI, 9 Ennea
# [ai-profiles] caricato /app/packs/evo_tactics_pack/data/balance/ai_profiles.yaml: 7 profile, utility_brain ON: [aggressive, aggressive_with_stickiness, aggressive_sticky_30, aggressive_commit_window]
# unknown format "uri" ignored in schema at path "\#/properties/share_url/anyOf/1"
# unknown format "uri" ignored in schema at path "\#/properties/share_url/anyOf/1"
# [jobs] caricato /app/data/core/jobs.yaml: 8 base + 4 expansion = 12 job
# [plugin-loader] 8 plugins loaded: narrative, meta, tutorial, jobs, forms, progression, mutations, lineage
# [auth] nessun provider configurato: gli endpoint non sono protetti
# [trait-effects] 500 trait attivi caricati da /app/data/core/traits/active_effects.yaml
# [fairness] cap_pt_max=1 caricato da /app/data/packs.yaml
# [vc-scoring] telemetry config caricato: 6 indici, 4 MBTI, 9 Ennea
# [ai-profiles] caricato /app/packs/evo_tactics_pack/data/balance/ai_profiles.yaml: 7 profile, utility_brain ON: [aggressive, aggressive_with_stickiness, aggressive_sticky_30, aggressive_commit_window]
# Subtest: GET /api/jobs ritorna 11 job (7 base + 4 expansion) con signature_mechanic + ability_ids
ok 469 - GET /api/jobs ritorna 11 job (7 base + 4 expansion) con signature_mechanic + ability_ids
  ---
  duration_ms: 2528.302924
  type: 'test'
  ...
# unknown format "uri" ignored in schema at path "\#/properties/share_url/anyOf/1"
# unknown format "uri" ignored in schema at path "\#/properties/share_url/anyOf/1"
# [jobs] caricato /app/data/core/jobs.yaml: 8 base + 4 expansion = 12 job
# [plugin-loader] 8 plugins loaded: narrative, meta, tutorial, jobs, forms, progression, mutations, lineage
# [auth] nessun provider configurato: gli endpoint non sono protetti
# [trait-effects] 500 trait attivi caricati da /app/data/core/traits/active_effects.yaml
# [fairness] cap_pt_max=1 caricato da /app/data/packs.yaml
# [vc-scoring] telemetry config caricato: 6 indici, 4 MBTI, 9 Ennea
# [ai-profiles] caricato /app/packs/evo_tactics_pack/data/balance/ai_profiles.yaml: 7 profile, utility_brain ON: [aggressive, aggressive_with_stickiness, aggressive_sticky_30, aggressive_commit_window]
# Subtest: GET /api/jobs/skirmisher ritorna abilities con cost + effect_type
ok 470 - GET /api/jobs/skirmisher ritorna abilities con cost + effect_type
  ---
  duration_ms: 1299.016887
  type: 'test'
  ...
# unknown format "uri" ignored in schema at path "\#/properties/share_url/anyOf/1"
# unknown format "uri" ignored in schema at path "\#/properties/share_url/anyOf/1"
# [jobs] caricato /app/data/core/jobs.yaml: 8 base + 4 expansion = 12 job
# [plugin-loader] 8 plugins loaded: narrative, meta, tutorial, jobs, forms, progression, mutations, lineage
# [auth] nessun provider configurato: gli endpoint non sono protetti
# [trait-effects] 500 trait attivi caricati da /app/data/core/traits/active_effects.yaml
# [fairness] cap_pt_max=1 caricato da /app/data/packs.yaml
# [vc-scoring] telemetry config caricato: 6 indici, 4 MBTI, 9 Ennea
# [ai-profiles] caricato /app/packs/evo_tactics_pack/data/balance/ai_profiles.yaml: 7 profile, utility_brain ON: [aggressive, aggressive_with_stickiness, aggressive_sticky_30, aggressive_commit_window]
# Subtest: GET /api/jobs/vanguard abilities includono shield_bash + taunt + fortify + aegis + bulwark
ok 471 - GET /api/jobs/vanguard abilities includono shield_bash + taunt + fortify + aegis + bulwark
  ---
  duration_ms: 890.346983
  type: 'test'
  ...
# unknown format "uri" ignored in schema at path "\#/properties/share_url/anyOf/1"
# unknown format "uri" ignored in schema at path "\#/properties/share_url/anyOf/1"
# [jobs] caricato /app/data/core/jobs.yaml: 8 base + 4 expansion = 12 job
# [plugin-loader] 8 plugins loaded: narrative, meta, tutorial, jobs, forms, progression, mutations, lineage
# [auth] nessun provider configurato: gli endpoint non sono protetti
# [trait-effects] 500 trait attivi caricati da /app/data/core/traits/active_effects.yaml
# [fairness] cap_pt_max=1 caricato da /app/data/packs.yaml
# [vc-scoring] telemetry config caricato: 6 indici, 4 MBTI, 9 Ennea
# [ai-profiles] caricato /app/packs/evo_tactics_pack/data/balance/ai_profiles.yaml: 7 profile, utility_brain ON: [aggressive, aggressive_with_stickiness, aggressive_sticky_30, aggressive_commit_window]
# Subtest: GET /api/jobs/nonexistent → 404 con error message
ok 472 - GET /api/jobs/nonexistent → 404 con error message
  ---
  duration_ms: 854.389113
  type: 'test'
  ...
# unknown format "uri" ignored in schema at path "\#/properties/share_url/anyOf/1"
# unknown format "uri" ignored in schema at path "\#/properties/share_url/anyOf/1"
# [jobs] caricato /app/data/core/jobs.yaml: 8 base + 4 expansion = 12 job
# [plugin-loader] 8 plugins loaded: narrative, meta, tutorial, jobs, forms, progression, mutations, lineage
# [auth] nessun provider configurato: gli endpoint non sono protetti
# [trait-effects] 500 trait attivi caricati da /app/data/core/traits/active_effects.yaml
# [fairness] cap_pt_max=1 caricato da /app/data/packs.yaml
# [vc-scoring] telemetry config caricato: 6 indici, 4 MBTI, 9 Ennea
# [ai-profiles] caricato /app/packs/evo_tactics_pack/data/balance/ai_profiles.yaml: 7 profile, utility_brain ON: [aggressive, aggressive_with_stickiness, aggressive_sticky_30, aggressive_commit_window]
# Subtest: GET /api/jobs/stalker (expansion) ritorna 5 abilities con effect_type validi (Sprint 8.1 r3/r4)
ok 473 - GET /api/jobs/stalker (expansion) ritorna 5 abilities con effect_type validi (Sprint 8.1 r3/r4)
  ---
  duration_ms: 1199.860998
  type: 'test'
  ...
# unknown format "uri" ignored in schema at path "\#/properties/share_url/anyOf/1"
# unknown format "uri" ignored in schema at path "\#/properties/share_url/anyOf/1"
# [jobs] caricato /app/data/core/jobs.yaml: 8 base + 4 expansion = 12 job
# [plugin-loader] 8 plugins loaded: narrative, meta, tutorial, jobs, forms, progression, mutations, lineage
# [auth] nessun provider configurato: gli endpoint non sono protetti
# [trait-effects] 500 trait attivi caricati da /app/data/core/traits/active_effects.yaml
# [fairness] cap_pt_max=1 caricato da /app/data/packs.yaml
# [vc-scoring] telemetry config caricato: 6 indici, 4 MBTI, 9 Ennea
# [ai-profiles] caricato /app/packs/evo_tactics_pack/data/balance/ai_profiles.yaml: 7 profile, utility_brain ON: [aggressive, aggressive_with_stickiness, aggressive_sticky_30, aggressive_commit_window]
# Subtest: GET /api/jobs/symbiont (expansion) abilities + role support (Sprint 8.1 r3/r4)
ok 474 - GET /api/jobs/symbiont (expansion) abilities + role support (Sprint 8.1 r3/r4)
  ---
  duration_ms: 1230.637442
  type: 'test'
  ...
# unknown format "uri" ignored in schema at path "\#/properties/share_url/anyOf/1"
# unknown format "uri" ignored in schema at path "\#/properties/share_url/anyOf/1"
# [jobs] caricato /app/data/core/jobs.yaml: 8 base + 4 expansion = 12 job
# [plugin-loader] 8 plugins loaded: narrative, meta, tutorial, jobs, forms, progression, mutations, lineage
# [auth] nessun provider configurato: gli endpoint non sono protetti
# [trait-effects] 500 trait attivi caricati da /app/data/core/traits/active_effects.yaml
# [fairness] cap_pt_max=1 caricato da /app/data/packs.yaml
# [vc-scoring] telemetry config caricato: 6 indici, 4 MBTI, 9 Ennea
# [ai-profiles] caricato /app/packs/evo_tactics_pack/data/balance/ai_profiles.yaml: 7 profile, utility_brain ON: [aggressive, aggressive_with_stickiness, aggressive_sticky_30, aggressive_commit_window]
# Subtest: GET /api/jobs/beastmaster (expansion) abilities + role control (Sprint 8.1 r3/r4)
ok 475 - GET /api/jobs/beastmaster (expansion) abilities + role control (Sprint 8.1 r3/r4)
  ---
  duration_ms: 672.987269
  type: 'test'
  ...
# unknown format "uri" ignored in schema at path "\#/properties/share_url/anyOf/1"
# unknown format "uri" ignored in schema at path "\#/properties/share_url/anyOf/1"
# [jobs] caricato /app/data/core/jobs.yaml: 8 base + 4 expansion = 12 job
# [plugin-loader] 8 plugins loaded: narrative, meta, tutorial, jobs, forms, progression, mutations, lineage
# [auth] nessun provider configurato: gli endpoint non sono protetti
# [trait-effects] 500 trait attivi caricati da /app/data/core/traits/active_effects.yaml
# [fairness] cap_pt_max=1 caricato da /app/data/packs.yaml
# [vc-scoring] telemetry config caricato: 6 indici, 4 MBTI, 9 Ennea
# [ai-profiles] caricato /app/packs/evo_tactics_pack/data/balance/ai_profiles.yaml: 7 profile, utility_brain ON: [aggressive, aggressive_with_stickiness, aggressive_sticky_30, aggressive_commit_window]
# Subtest: GET /api/jobs/aberrant (expansion) abilities + role damage (Sprint 8.1 r3/r4)
ok 476 - GET /api/jobs/aberrant (expansion) abilities + role damage (Sprint 8.1 r3/r4)
  ---
  duration_ms: 709.471727
  type: 'test'
  ...
# Subtest: progressionLoader.loadPerks() merges expansion perks (stalker level_2)
ok 477 - progressionLoader.loadPerks() merges expansion perks (stalker level_2)
  ---
  duration_ms: 20.055632
  type: 'test'
  ...
# unknown format "uri" ignored in schema at path "\#/properties/share_url/anyOf/1"
# unknown format "uri" ignored in schema at path "\#/properties/share_url/anyOf/1"
# [jobs] caricato /app/data/core/jobs.yaml: 8 base + 4 expansion = 12 job
# [plugin-loader] 8 plugins loaded: narrative, meta, tutorial, jobs, forms, progression, mutations, lineage
# [auth] nessun provider configurato: gli endpoint non sono protetti
# [trait-effects] 500 trait attivi caricati da /app/data/core/traits/active_effects.yaml
# [fairness] cap_pt_max=1 caricato da /app/data/packs.yaml
# [vc-scoring] telemetry config caricato: 6 indici, 4 MBTI, 9 Ennea
# [ai-profiles] caricato /app/packs/evo_tactics_pack/data/balance/ai_profiles.yaml: 7 profile, utility_brain ON: [aggressive, aggressive_with_stickiness, aggressive_sticky_30, aggressive_commit_window]
# Subtest: r3/r4 progression: tutti i 7 base job hanno 5 abilities con rank 1-1-2-3-4 sorted
ok 478 - r3/r4 progression: tutti i 7 base job hanno 5 abilities con rank 1-1-2-3-4 sorted
  ---
  duration_ms: 988.256966
  type: 'test'
  ...
# unknown format "uri" ignored in schema at path "\#/properties/share_url/anyOf/1"
# unknown format "uri" ignored in schema at path "\#/properties/share_url/anyOf/1"
# [jobs] caricato /app/data/core/jobs.yaml: 8 base + 4 expansion = 12 job
# [plugin-loader] 8 plugins loaded: narrative, meta, tutorial, jobs, forms, progression, mutations, lineage
# [auth] nessun provider configurato: gli endpoint non sono protetti
# [trait-effects] 500 trait attivi caricati da /app/data/core/traits/active_effects.yaml
# [fairness] cap_pt_max=1 caricato da /app/data/packs.yaml
# [vc-scoring] telemetry config caricato: 6 indici, 4 MBTI, 9 Ennea
# [ai-profiles] caricato /app/packs/evo_tactics_pack/data/balance/ai_profiles.yaml: 7 profile, utility_brain ON: [aggressive, aggressive_with_stickiness, aggressive_sticky_30, aggressive_commit_window]
# Subtest: r3/r4 cost ladder canonical: cost_pi 14 (r3) + 22 (r4) per tutti i base job
ok 479 - r3/r4 cost ladder canonical: cost_pi 14 (r3) + 22 (r4) per tutti i base job
  ---
  duration_ms: 719.734899
  type: 'test'
  ...
# unknown format "uri" ignored in schema at path "\#/properties/share_url/anyOf/1"
# unknown format "uri" ignored in schema at path "\#/properties/share_url/anyOf/1"
# [jobs] caricato /app/data/core/jobs.yaml: 8 base + 4 expansion = 12 job
# [plugin-loader] 8 plugins loaded: narrative, meta, tutorial, jobs, forms, progression, mutations, lineage
# [auth] nessun provider configurato: gli endpoint non sono protetti
# [trait-effects] 500 trait attivi caricati da /app/data/core/traits/active_effects.yaml
# [fairness] cap_pt_max=1 caricato da /app/data/packs.yaml
# [vc-scoring] telemetry config caricato: 6 indici, 4 MBTI, 9 Ennea
# [ai-profiles] caricato /app/packs/evo_tactics_pack/data/balance/ai_profiles.yaml: 7 profile, utility_brain ON: [aggressive, aggressive_with_stickiness, aggressive_sticky_30, aggressive_commit_window]
# Subtest: r3/r4 ability_id naming: lowercase snake_case + globally unique
ok 480 - r3/r4 ability_id naming: lowercase snake_case + globally unique
  ---
  duration_ms: 707.431085
  type: 'test'
  ...
# [jobs] caricato /app/data/core/jobs.yaml: 8 base + 4 expansion = 12 job
# unknown format "uri" ignored in schema at path "\#/properties/share_url/anyOf/1"
# unknown format "uri" ignored in schema at path "\#/properties/share_url/anyOf/1"
# [jobs] caricato /app/data/core/jobs.yaml: 8 base + 4 expansion = 12 job
# [plugin-loader] 8 plugins loaded: narrative, meta, tutorial, jobs, forms, progression, mutations, lineage
# [auth] nessun provider configurato: gli endpoint non sono protetti
# [trait-effects] 500 trait attivi caricati da /app/data/core/traits/active_effects.yaml
# [fairness] cap_pt_max=1 caricato da /app/data/packs.yaml
# [vc-scoring] telemetry config caricato: 6 indici, 4 MBTI, 9 Ennea
# [ai-profiles] caricato /app/packs/evo_tactics_pack/data/balance/ai_profiles.yaml: 7 profile, utility_brain ON: [aggressive, aggressive_with_stickiness, aggressive_sticky_30, aggressive_commit_window]
# Subtest: r3/r4 specifiche key per effect_type: damage_step_mod / heal_dice / aoe_size presenti
ok 481 - r3/r4 specifiche key per effect_type: damage_step_mod / heal_dice / aoe_size presenti
  ---
  duration_ms: 699.784385
  type: 'test'
  ...
# Subtest: jobs.yaml version bump 0.1.0 → 0.2.0 (Sprint 8 r3/r4)
ok 482 - jobs.yaml version bump 0.1.0 → 0.2.0 (Sprint 8 r3/r4)
  ---
  duration_ms: 9.010144
  type: 'test'
  ...
# unknown format "uri" ignored in schema at path "\#/properties/share_url/anyOf/1"
# unknown format "uri" ignored in schema at path "\#/properties/share_url/anyOf/1"
# [jobs] caricato /app/data/core/jobs.yaml: 8 base + 4 expansion = 12 job
# [plugin-loader] 8 plugins loaded: narrative, meta, tutorial, jobs, forms, progression, mutations, lineage
# [auth] nessun provider configurato: gli endpoint non sono protetti
# [trait-effects] 500 trait attivi caricati da /app/data/core/traits/active_effects.yaml
# [fairness] cap_pt_max=1 caricato da /app/data/packs.yaml
# [vc-scoring] telemetry config caricato: 6 indici, 4 MBTI, 9 Ennea
# [ai-profiles] caricato /app/packs/evo_tactics_pack/data/balance/ai_profiles.yaml: 7 profile, utility_brain ON: [aggressive, aggressive_with_stickiness, aggressive_sticky_30, aggressive_commit_window]
# Subtest: Sprint 8.1 r3/r4 progression: tutti i 4 expansion job hanno 5 abilities con rank 1-1-2-3-4 sorted
ok 483 - Sprint 8.1 r3/r4 progression: tutti i 4 expansion job hanno 5 abilities con rank 1-1-2-3-4 sorted
  ---
  duration_ms: 870.778233
  type: 'test'
  ...
# unknown format "uri" ignored in schema at path "\#/properties/share_url/anyOf/1"
# unknown format "uri" ignored in schema at path "\#/properties/share_url/anyOf/1"
# [jobs] caricato /app/data/core/jobs.yaml: 8 base + 4 expansion = 12 job
# [plugin-loader] 8 plugins loaded: narrative, meta, tutorial, jobs, forms, progression, mutations, lineage
# [auth] nessun provider configurato: gli endpoint non sono protetti
# [trait-effects] 500 trait attivi caricati da /app/data/core/traits/active_effects.yaml
# [fairness] cap_pt_max=1 caricato da /app/data/packs.yaml
# [vc-scoring] telemetry config caricato: 6 indici, 4 MBTI, 9 Ennea
# [ai-profiles] caricato /app/packs/evo_tactics_pack/data/balance/ai_profiles.yaml: 7 profile, utility_brain ON: [aggressive, aggressive_with_stickiness, aggressive_sticky_30, aggressive_commit_window]
# Subtest: Sprint 8.1 r3/r4 cost ladder canonical: cost_pi 14 (r3) + 22 (r4) per tutti i expansion job
ok 484 - Sprint 8.1 r3/r4 cost ladder canonical: cost_pi 14 (r3) + 22 (r4) per tutti i expansion job
  ---
  duration_ms: 786.134857
  type: 'test'
  ...
# Subtest: Sprint 8.1 r3/r4 expansion ability_id naming: lowercase snake_case + globally unique (no collision base)
ok 485 - Sprint 8.1 r3/r4 expansion ability_id naming: lowercase snake_case + globally unique (no collision base)
  ---
  duration_ms: 781.921939
  type: 'test'
  ...
# Subtest: Sprint 8.1 jobs_expansion.yaml version bump 0.2.0 → 0.3.0 (r3/r4 gap-fill)
ok 486 - Sprint 8.1 jobs_expansion.yaml version bump 0.2.0 → 0.3.0 (r3/r4 gap-fill)
  ---
  duration_ms: 2.145815
  type: 'test'
  ...
# [prisma] client non disponibile, uso stub in memoria DATABASE_URL non configurato
# unknown format "uri" ignored in schema at path "\#/properties/share_url/anyOf/1"
# unknown format "uri" ignored in schema at path "\#/properties/share_url/anyOf/1"
# [jobs] caricato /app/data/core/jobs.yaml: 8 base + 4 expansion = 12 job
# [plugin-loader] 8 plugins loaded: narrative, meta, tutorial, jobs, forms, progression, mutations, lineage
# [auth] nessun provider configurato: gli endpoint non sono protetti
# [trait-effects] 500 trait attivi caricati da /app/data/core/traits/active_effects.yaml
# [fairness] cap_pt_max=1 caricato da /app/data/packs.yaml
# [vc-scoring] telemetry config caricato: 6 indici, 4 MBTI, 9 Ennea
# [ai-profiles] caricato /app/packs/evo_tactics_pack/data/balance/ai_profiles.yaml: 7 profile, utility_brain ON: [aggressive, aggressive_with_stickiness, aggressive_sticky_30, aggressive_commit_window]
# unknown format "uri" ignored in schema at path "\#/properties/share_url/anyOf/1"
# unknown format "uri" ignored in schema at path "\#/properties/share_url/anyOf/1"
# [jobs] caricato /app/data/core/jobs.yaml: 8 base + 4 expansion = 12 job
# [plugin-loader] 8 plugins loaded: narrative, meta, tutorial, jobs, forms, progression, mutations, lineage
# [auth] nessun provider configurato: gli endpoint non sono protetti
# [trait-effects] 500 trait attivi caricati da /app/data/core/traits/active_effects.yaml
# [fairness] cap_pt_max=1 caricato da /app/data/packs.yaml
# [vc-scoring] telemetry config caricato: 6 indici, 4 MBTI, 9 Ennea
# [ai-profiles] caricato /app/packs/evo_tactics_pack/data/balance/ai_profiles.yaml: 7 profile, utility_brain ON: [aggressive, aggressive_with_stickiness, aggressive_sticky_30, aggressive_commit_window]
# Subtest: POST /api/v1/lineage/propagate writes legacy mutations to pool (200)
ok 487 - POST /api/v1/lineage/propagate writes legacy mutations to pool (200)
  ---
  duration_ms: 2484.978077
  type: 'test'
  ...
# [nebula-aggregator] telemetria Nebula non configurata: uso valori di fallback
# [nebula-aggregator] telemetria generatore Nebula non configurata: uso valori di fallback
# [nebula-aggregator] telemetria orchestrator non configurata: nessun evento disponibile
# unknown format "uri" ignored in schema at path "\#/properties/share_url/anyOf/1"
# unknown format "uri" ignored in schema at path "\#/properties/share_url/anyOf/1"
# [jobs] caricato /app/data/core/jobs.yaml: 8 base + 4 expansion = 12 job
# [plugin-loader] 8 plugins loaded: narrative, meta, tutorial, jobs, forms, progression, mutations, lineage
# [auth] nessun provider configurato: gli endpoint non sono protetti
# [trait-effects] 500 trait attivi caricati da /app/data/core/traits/active_effects.yaml
# [fairness] cap_pt_max=1 caricato da /app/data/packs.yaml
# [vc-scoring] telemetry config caricato: 6 indici, 4 MBTI, 9 Ennea
# [ai-profiles] caricato /app/packs/evo_tactics_pack/data/balance/ai_profiles.yaml: 7 profile, utility_brain ON: [aggressive, aggressive_with_stickiness, aggressive_sticky_30, aggressive_commit_window]
# Subtest: POST /propagate missing legacyUnit → 400
ok 488 - POST /propagate missing legacyUnit → 400
  ---
  duration_ms: 1139.842957
  type: 'test'
  ...
# [nebula-aggregator] telemetria Nebula non configurata: uso valori di fallback
# [nebula-aggregator] telemetria generatore Nebula non configurata: uso valori di fallback
# [nebula-aggregator] telemetria orchestrator non configurata: nessun evento disponibile
# unknown format "uri" ignored in schema at path "\#/properties/share_url/anyOf/1"
# unknown format "uri" ignored in schema at path "\#/properties/share_url/anyOf/1"
# [jobs] caricato /app/data/core/jobs.yaml: 8 base + 4 expansion = 12 job
# [plugin-loader] 8 plugins loaded: narrative, meta, tutorial, jobs, forms, progression, mutations, lineage
# [auth] nessun provider configurato: gli endpoint non sono protetti
# [trait-effects] 500 trait attivi caricati da /app/data/core/traits/active_effects.yaml
# [fairness] cap_pt_max=1 caricato da /app/data/packs.yaml
# [vc-scoring] telemetry config caricato: 6 indici, 4 MBTI, 9 Ennea
# [ai-profiles] caricato /app/packs/evo_tactics_pack/data/balance/ai_profiles.yaml: 7 profile, utility_brain ON: [aggressive, aggressive_with_stickiness, aggressive_sticky_30, aggressive_commit_window]
# Subtest: POST /propagate missing species_id → 400
ok 489 - POST /propagate missing species_id → 400
  ---
  duration_ms: 768.022139
  type: 'test'
  ...
# [nebula-aggregator] telemetria Nebula non configurata: uso valori di fallback
# [nebula-aggregator] telemetria generatore Nebula non configurata: uso valori di fallback
# [nebula-aggregator] telemetria orchestrator non configurata: nessun evento disponibile
# unknown format "uri" ignored in schema at path "\#/properties/share_url/anyOf/1"
# unknown format "uri" ignored in schema at path "\#/properties/share_url/anyOf/1"
# [jobs] caricato /app/data/core/jobs.yaml: 8 base + 4 expansion = 12 job
# [plugin-loader] 8 plugins loaded: narrative, meta, tutorial, jobs, forms, progression, mutations, lineage
# [auth] nessun provider configurato: gli endpoint non sono protetti
# [trait-effects] 500 trait attivi caricati da /app/data/core/traits/active_effects.yaml
# [fairness] cap_pt_max=1 caricato da /app/data/packs.yaml
# [vc-scoring] telemetry config caricato: 6 indici, 4 MBTI, 9 Ennea
# [ai-profiles] caricato /app/packs/evo_tactics_pack/data/balance/ai_profiles.yaml: 7 profile, utility_brain ON: [aggressive, aggressive_with_stickiness, aggressive_sticky_30, aggressive_commit_window]
# Subtest: POST /api/v1/lineage/inherit grants random mutation from pool (200)
ok 490 - POST /api/v1/lineage/inherit grants random mutation from pool (200)
  ---
  duration_ms: 966.699834
  type: 'test'
  ...
# [nebula-aggregator] telemetria Nebula non configurata: uso valori di fallback
# [nebula-aggregator] telemetria generatore Nebula non configurata: uso valori di fallback
# [nebula-aggregator] telemetria orchestrator non configurata: nessun evento disponibile
# unknown format "uri" ignored in schema at path "\#/properties/share_url/anyOf/1"
# unknown format "uri" ignored in schema at path "\#/properties/share_url/anyOf/1"
# [jobs] caricato /app/data/core/jobs.yaml: 8 base + 4 expansion = 12 job
# [plugin-loader] 8 plugins loaded: narrative, meta, tutorial, jobs, forms, progression, mutations, lineage
# [auth] nessun provider configurato: gli endpoint non sono protetti
# [trait-effects] 500 trait attivi caricati da /app/data/core/traits/active_effects.yaml
# [fairness] cap_pt_max=1 caricato da /app/data/packs.yaml
# [vc-scoring] telemetry config caricato: 6 indici, 4 MBTI, 9 Ennea
# [ai-profiles] caricato /app/packs/evo_tactics_pack/data/balance/ai_profiles.yaml: 7 profile, utility_brain ON: [aggressive, aggressive_with_stickiness, aggressive_sticky_30, aggressive_commit_window]
# Subtest: POST /inherit empty pool → inherited [] (200)
ok 491 - POST /inherit empty pool → inherited [] (200)
  ---
  duration_ms: 1115.326666
  type: 'test'
  ...
# [nebula-aggregator] telemetria Nebula non configurata: uso valori di fallback
# [nebula-aggregator] telemetria generatore Nebula non configurata: uso valori di fallback
# [nebula-aggregator] telemetria orchestrator non configurata: nessun evento disponibile
# unknown format "uri" ignored in schema at path "\#/properties/share_url/anyOf/1"
# unknown format "uri" ignored in schema at path "\#/properties/share_url/anyOf/1"
# [jobs] caricato /app/data/core/jobs.yaml: 8 base + 4 expansion = 12 job
# [plugin-loader] 8 plugins loaded: narrative, meta, tutorial, jobs, forms, progression, mutations, lineage
# [auth] nessun provider configurato: gli endpoint non sono protetti
# [trait-effects] 500 trait attivi caricati da /app/data/core/traits/active_effects.yaml
# [fairness] cap_pt_max=1 caricato da /app/data/packs.yaml
# [vc-scoring] telemetry config caricato: 6 indici, 4 MBTI, 9 Ennea
# [ai-profiles] caricato /app/packs/evo_tactics_pack/data/balance/ai_profiles.yaml: 7 profile, utility_brain ON: [aggressive, aggressive_with_stickiness, aggressive_sticky_30, aggressive_commit_window]
# Subtest: POST /inherit missing newUnit → 400
ok 492 - POST /inherit missing newUnit → 400
  ---
  duration_ms: 1107.249224
  type: 'test'
  ...
# [nebula-aggregator] telemetria Nebula non configurata: uso valori di fallback
# [nebula-aggregator] telemetria generatore Nebula non configurata: uso valori di fallback
# [nebula-aggregator] telemetria orchestrator non configurata: nessun evento disponibile
# [nebula-aggregator] telemetria Nebula non configurata: uso valori di fallback
# [nebula-aggregator] telemetria generatore Nebula non configurata: uso valori di fallback
# [nebula-aggregator] telemetria orchestrator non configurata: nessun evento disponibile
# unknown format "uri" ignored in schema at path "\#/properties/share_url/anyOf/1"
# unknown format "uri" ignored in schema at path "\#/properties/share_url/anyOf/1"
# [jobs] caricato /app/data/core/jobs.yaml: 8 base + 4 expansion = 12 job
# [plugin-loader] 8 plugins loaded: narrative, meta, tutorial, jobs, forms, progression, mutations, lineage
# [auth] nessun provider configurato: gli endpoint non sono protetti
# [trait-effects] 500 trait attivi caricati da /app/data/core/traits/active_effects.yaml
# [fairness] cap_pt_max=1 caricato da /app/data/packs.yaml
# [vc-scoring] telemetry config caricato: 6 indici, 4 MBTI, 9 Ennea
# [ai-profiles] caricato /app/packs/evo_tactics_pack/data/balance/ai_profiles.yaml: 7 profile, utility_brain ON: [aggressive, aggressive_with_stickiness, aggressive_sticky_30, aggressive_commit_window]
# Subtest: GET /api/v1/lineage/pool/:species/:biome read-only (200)
ok 493 - GET /api/v1/lineage/pool/:species/:biome read-only (200)
  ---
  duration_ms: 1287.895584
  type: 'test'
  ...
# unknown format "uri" ignored in schema at path "\#/properties/share_url/anyOf/1"
# unknown format "uri" ignored in schema at path "\#/properties/share_url/anyOf/1"
# [jobs] caricato /app/data/core/jobs.yaml: 8 base + 4 expansion = 12 job
# [plugin-loader] 8 plugins loaded: narrative, meta, tutorial, jobs, forms, progression, mutations, lineage
# [auth] nessun provider configurato: gli endpoint non sono protetti
# [trait-effects] 500 trait attivi caricati da /app/data/core/traits/active_effects.yaml
# [fairness] cap_pt_max=1 caricato da /app/data/packs.yaml
# [vc-scoring] telemetry config caricato: 6 indici, 4 MBTI, 9 Ennea
# [ai-profiles] caricato /app/packs/evo_tactics_pack/data/balance/ai_profiles.yaml: 7 profile, utility_brain ON: [aggressive, aggressive_with_stickiness, aggressive_sticky_30, aggressive_commit_window]
# Subtest: GET /pool cross-biome isolation (savana pool ≠ deserto pool)
ok 494 - GET /pool cross-biome isolation (savana pool ≠ deserto pool)
  ---
  duration_ms: 708.033072
  type: 'test'
  ...
# [nebula-aggregator] telemetria Nebula non configurata: uso valori di fallback
# [nebula-aggregator] telemetria generatore Nebula non configurata: uso valori di fallback
# [nebula-aggregator] telemetria orchestrator non configurata: nessun evento disponibile
# Subtest: Alias mount /api/lineage/* parity with /api/v1/lineage/*
ok 495 - Alias mount /api/lineage/* parity with /api/v1/lineage/*
  ---
  duration_ms: 711.463578
  type: 'test'
  ...
# [nebula-aggregator] telemetria Nebula non configurata: uso valori di fallback
# [nebula-aggregator] telemetria generatore Nebula non configurata: uso valori di fallback
# [nebula-aggregator] telemetria orchestrator non configurata: nessun evento disponibile
# [prisma] client non disponibile, uso stub in memoria DATABASE_URL non configurato
# unknown format "uri" ignored in schema at path "\#/properties/share_url/anyOf/1"
# unknown format "uri" ignored in schema at path "\#/properties/share_url/anyOf/1"
# [jobs] caricato /app/data/core/jobs.yaml: 8 base + 4 expansion = 12 job
# [plugin-loader] 8 plugins loaded: narrative, meta, tutorial, jobs, forms, progression, mutations, lineage
# [trait-effects] 500 trait attivi caricati da /app/data/core/traits/active_effects.yaml
# [fairness] cap_pt_max=1 caricato da /app/data/packs.yaml
# [vc-scoring] telemetry config caricato: 6 indici, 4 MBTI, 9 Ennea
# [ai-profiles] caricato /app/packs/evo_tactics_pack/data/balance/ai_profiles.yaml: 7 profile, utility_brain ON: [aggressive, aggressive_with_stickiness, aggressive_sticky_30, aggressive_commit_window]
# {"component":"lobby-service","event":"create","ts":1778984732605,"code":"LFZT","host_id":"p_a3ac04752982","host_name":"Alice","max_players":8,"campaign_id":null}
# unknown format "uri" ignored in schema at path "\#/properties/share_url/anyOf/1"
# unknown format "uri" ignored in schema at path "\#/properties/share_url/anyOf/1"
# [jobs] caricato /app/data/core/jobs.yaml: 8 base + 4 expansion = 12 job
# [plugin-loader] 8 plugins loaded: narrative, meta, tutorial, jobs, forms, progression, mutations, lineage
# [trait-effects] 500 trait attivi caricati da /app/data/core/traits/active_effects.yaml
# [fairness] cap_pt_max=1 caricato da /app/data/packs.yaml
# [vc-scoring] telemetry config caricato: 6 indici, 4 MBTI, 9 Ennea
# [ai-profiles] caricato /app/packs/evo_tactics_pack/data/balance/ai_profiles.yaml: 7 profile, utility_brain ON: [aggressive, aggressive_with_stickiness, aggressive_sticky_30, aggressive_commit_window]
# Subtest: POST /api/lobby/create returns JWT host_token bearing canonical claims
ok 496 - POST /api/lobby/create returns JWT host_token bearing canonical claims
  ---
  duration_ms: 2396.507438
  type: 'test'
  ...
# {"component":"lobby-service","event":"create","ts":1778984733801,"code":"QPTM","host_id":"p_be112bc51ca7","host_name":"Alice","max_players":8,"campaign_id":null}
# [nebula-aggregator] telemetria Nebula non configurata: uso valori di fallback
# [nebula-aggregator] telemetria generatore Nebula non configurata: uso valori di fallback
# [nebula-aggregator] telemetria orchestrator non configurata: nessun evento disponibile
# {"component":"lobby-service","event":"join","ts":1778984734010,"code":"QPTM","player_id":"p_464957f0b38a","player_name":"Bob","player_count":2}
# unknown format "uri" ignored in schema at path "\#/properties/share_url/anyOf/1"
# unknown format "uri" ignored in schema at path "\#/properties/share_url/anyOf/1"
# [jobs] caricato /app/data/core/jobs.yaml: 8 base + 4 expansion = 12 job
# [plugin-loader] 8 plugins loaded: narrative, meta, tutorial, jobs, forms, progression, mutations, lineage
# [trait-effects] 500 trait attivi caricati da /app/data/core/traits/active_effects.yaml
# [fairness] cap_pt_max=1 caricato da /app/data/packs.yaml
# [vc-scoring] telemetry config caricato: 6 indici, 4 MBTI, 9 Ennea
# [ai-profiles] caricato /app/packs/evo_tactics_pack/data/balance/ai_profiles.yaml: 7 profile, utility_brain ON: [aggressive, aggressive_with_stickiness, aggressive_sticky_30, aggressive_commit_window]
# Subtest: POST /api/lobby/join returns JWT player_token bearing canonical claims
ok 497 - POST /api/lobby/join returns JWT player_token bearing canonical claims
  ---
  duration_ms: 1286.352142
  type: 'test'
  ...
# {"component":"lobby-service","event":"create","ts":1778984734864,"code":"LPWV","host_id":"p_ff81a957b2ca","host_name":"Alice","max_players":8,"campaign_id":null}
# [nebula-aggregator] telemetria Nebula non configurata: uso valori di fallback
# [nebula-aggregator] telemetria generatore Nebula non configurata: uso valori di fallback
# [nebula-aggregator] telemetria orchestrator non configurata: nessun evento disponibile
# {"component":"lobby-service","event":"room_close","ts":1778984735063,"code":"LPWV","reason":"host_closed","player_count":1}
# {"component":"lobby-service","event":"close","ts":1778984735068,"code":"LPWV","reason":"host_closed"}
# unknown format "uri" ignored in schema at path "\#/properties/share_url/anyOf/1"
# unknown format "uri" ignored in schema at path "\#/properties/share_url/anyOf/1"
# [jobs] caricato /app/data/core/jobs.yaml: 8 base + 4 expansion = 12 job
# [plugin-loader] 8 plugins loaded: narrative, meta, tutorial, jobs, forms, progression, mutations, lineage
# [trait-effects] 500 trait attivi caricati da /app/data/core/traits/active_effects.yaml
# [fairness] cap_pt_max=1 caricato da /app/data/packs.yaml
# [vc-scoring] telemetry config caricato: 6 indici, 4 MBTI, 9 Ennea
# [ai-profiles] caricato /app/packs/evo_tactics_pack/data/balance/ai_profiles.yaml: 7 profile, utility_brain ON: [aggressive, aggressive_with_stickiness, aggressive_sticky_30, aggressive_commit_window]
# Subtest: POST /api/lobby/close still accepts JWT host_token (string-equality legacy path)
ok 498 - POST /api/lobby/close still accepts JWT host_token (string-equality legacy path)
  ---
  duration_ms: 1147.646834
  type: 'test'
  ...
# {"component":"lobby-service","event":"create","ts":1778984736119,"code":"JXVF","host_id":"p_3734b3dce065","host_name":"Alice","max_players":8,"campaign_id":null}
# [nebula-aggregator] telemetria Nebula non configurata: uso valori di fallback
# [nebula-aggregator] telemetria generatore Nebula non configurata: uso valori di fallback
# [nebula-aggregator] telemetria orchestrator non configurata: nessun evento disponibile
# Subtest: POST /api/lobby/close 403 on non-matching token
ok 499 - POST /api/lobby/close 403 on non-matching token
  ---
  duration_ms: 1154.434879
  type: 'test'
  ...
# [nebula-aggregator] telemetria Nebula non configurata: uso valori di fallback
# [nebula-aggregator] telemetria generatore Nebula non configurata: uso valori di fallback
# [nebula-aggregator] telemetria orchestrator non configurata: nessun evento disponibile
# [jwtAuth] AUTH_SECRET missing or too short (<16 chars); using dev fallback. NOT FOR PRODUCTION.
# {"component":"lobby-service","event":"create","ts":1778984737246,"code":"LJKX","host_id":"p_4bb37b2bb2a2","host_name":"H","max_players":8,"campaign_id":null}
# {"component":"lobby-service","event":"create","ts":1778984737247,"code":"VZHV","host_id":"p_73fe5ebedd64","host_name":"Host1","max_players":8,"campaign_id":null}
# Subtest: prismaSupportsLobby: null/missing methods → false
ok 500 - prismaSupportsLobby: null/missing methods → false
  ---
  duration_ms: 1.680815
  type: 'test'
  ...
# Subtest: prismaSupportsLobby: mock with upsert+findMany → true
ok 501 - prismaSupportsLobby: mock with upsert+findMany → true
  ---
  duration_ms: 0.319565
  type: 'test'
  ...
# Subtest: snapshotRoomForDb: serializes state as JSON string
ok 502 - snapshotRoomForDb: serializes state as JSON string
  ---
  duration_ms: 0.316505
  type: 'test'
  ...
# Subtest: snapshotRoomForDb: null state stays null
ok 503 - snapshotRoomForDb: null state stays null
  ---
  duration_ms: 0.202163
  type: 'test'
  ...
# Subtest: persistRoomAsync: no-op when prisma lacks delegates
ok 504 - persistRoomAsync: no-op when prisma lacks delegates
  ---
  duration_ms: 7.570346
  type: 'test'
  ...
# Subtest: persistRoomAsync: upserts session + all players
ok 505 - persistRoomAsync: upserts session + all players
  ---
  duration_ms: 0.956975
  type: 'test'
  ...
# Subtest: persistRoomAsync: session error logs but does not throw
ok 506 - persistRoomAsync: session error logs but does not throw
  ---
  duration_ms: 0.380146
  type: 'test'
  ...
# Subtest: deleteRoomAsync: removes row
ok 507 - deleteRoomAsync: removes row
  ---
  duration_ms: 0.452615
  type: 'test'
  ...
# Subtest: deleteRoomAsync: P2025 (not found) returns false silently
ok 508 - deleteRoomAsync: P2025 (not found) returns false silently
  ---
  duration_ms: 0.599878
  type: 'test'
  ...
# Subtest: rowToRoomSeed: parses state JSON + maps players
ok 509 - rowToRoomSeed: parses state JSON + maps players
  ---
  duration_ms: 1.483986
  type: 'test'
  ...
# Subtest: rowToRoomSeed: malformed state JSON → null
ok 510 - rowToRoomSeed: malformed state JSON → null
  ---
  duration_ms: 6.939837
  type: 'test'
  ...
# Subtest: hydrateRooms: returns seeds for non-closed rows
ok 511 - hydrateRooms: returns seeds for non-closed rows
  ---
  duration_ms: 0.601625
  type: 'test'
  ...
# Subtest: LobbyService: no prisma → in-memory works, _persistEnabled false
ok 512 - LobbyService: no prisma → in-memory works, _persistEnabled false
  ---
  duration_ms: 22.792015
  type: 'test'
  ...
# {"component":"lobby-service","event":"create","ts":1778984737291,"code":"VLGF","host_id":"p_72ccd6c65baf","host_name":"H","max_players":8,"campaign_id":null}
# {"component":"lobby-service","event":"join","ts":1778984737305,"code":"VLGF","player_id":"p_85a19a59531a","player_name":"P2","player_count":2}
# Subtest: LobbyService: with prisma → createRoom triggers persist
ok 513 - LobbyService: with prisma → createRoom triggers persist
  ---
  duration_ms: 44.092803
  type: 'test'
  ...
# {"component":"lobby-service","event":"create","ts":1778984737318,"code":"SWWK","host_id":"p_065aeadf5806","host_name":"H","max_players":8,"campaign_id":null}
# Subtest: LobbyService: joinRoom triggers persist via onMutate
ok 514 - LobbyService: joinRoom triggers persist via onMutate
  ---
  duration_ms: 26.81521
  type: 'test'
  ...
# {"component":"lobby-service","event":"room_close","ts":1778984737321,"code":"SWWK","reason":"host_closed","player_count":1}
# {"component":"lobby-service","event":"close","ts":1778984737324,"code":"SWWK","reason":"host_closed"}
# [lobbyPersistence] upsert player p_065aeadf5806 failed: no parent
# Subtest: LobbyService: closeRoom removes DB row
ok 515 - LobbyService: closeRoom removes DB row
  ---
  duration_ms: 7.735304
  type: 'test'
  ...
# Subtest: LobbyService.hydrate: restores rooms from DB seeds
ok 516 - LobbyService.hydrate: restores rooms from DB seeds
  ---
  duration_ms: 1.257683
  type: 'test'
  ...
# Subtest: LobbyService.hydrate: no prisma → returns 0
ok 517 - LobbyService.hydrate: no prisma → returns 0
  ---
  duration_ms: 0.358788
  type: 'test'
  ...
# Subtest: LobbyService.hydrate: skips already-loaded rooms (idempotent)
ok 518 - LobbyService.hydrate: skips already-loaded rooms (idempotent)
  ---
  duration_ms: 6.162303
  type: 'test'
  ...
# [prisma] client non disponibile, uso stub in memoria DATABASE_URL non configurato
# unknown format "uri" ignored in schema at path "\#/properties/share_url/anyOf/1"
# unknown format "uri" ignored in schema at path "\#/properties/share_url/anyOf/1"
# [jobs] caricato /app/data/core/jobs.yaml: 8 base + 4 expansion = 12 job
# [plugin-loader] 8 plugins loaded: narrative, meta, tutorial, jobs, forms, progression, mutations, lineage
# [auth] nessun provider configurato: gli endpoint non sono protetti
# [trait-effects] 500 trait attivi caricati da /app/data/core/traits/active_effects.yaml
# [fairness] cap_pt_max=1 caricato da /app/data/packs.yaml
# [vc-scoring] telemetry config caricato: 6 indici, 4 MBTI, 9 Ennea
# [ai-profiles] caricato /app/packs/evo_tactics_pack/data/balance/ai_profiles.yaml: 7 profile, utility_brain ON: [aggressive, aggressive_with_stickiness, aggressive_sticky_30, aggressive_commit_window]
# [jwtAuth] AUTH_SECRET missing or too short (<16 chars); using dev fallback. NOT FOR PRODUCTION.
# {"component":"lobby-service","event":"create","ts":1778984740346,"code":"TTNZ","host_id":"p_402823ca428c","host_name":"Alice","max_players":8,"campaign_id":null}
# unknown format "uri" ignored in schema at path "\#/properties/share_url/anyOf/1"
# unknown format "uri" ignored in schema at path "\#/properties/share_url/anyOf/1"
# [jobs] caricato /app/data/core/jobs.yaml: 8 base + 4 expansion = 12 job
# [plugin-loader] 8 plugins loaded: narrative, meta, tutorial, jobs, forms, progression, mutations, lineage
# [auth] nessun provider configurato: gli endpoint non sono protetti
# [trait-effects] 500 trait attivi caricati da /app/data/core/traits/active_effects.yaml
# [fairness] cap_pt_max=1 caricato da /app/data/packs.yaml
# [vc-scoring] telemetry config caricato: 6 indici, 4 MBTI, 9 Ennea
# [ai-profiles] caricato /app/packs/evo_tactics_pack/data/balance/ai_profiles.yaml: 7 profile, utility_brain ON: [aggressive, aggressive_with_stickiness, aggressive_sticky_30, aggressive_commit_window]
# Subtest: POST /api/lobby/create returns 4-letter code + host token
ok 519 - POST /api/lobby/create returns 4-letter code + host token
  ---
  duration_ms: 1836.10667
  type: 'test'
  ...
# [nebula-aggregator] telemetria Nebula non configurata: uso valori di fallback
# [nebula-aggregator] telemetria generatore Nebula non configurata: uso valori di fallback
# [nebula-aggregator] telemetria orchestrator non configurata: nessun evento disponibile
# unknown format "uri" ignored in schema at path "\#/properties/share_url/anyOf/1"
# unknown format "uri" ignored in schema at path "\#/properties/share_url/anyOf/1"
# [jobs] caricato /app/data/core/jobs.yaml: 8 base + 4 expansion = 12 job
# [plugin-loader] 8 plugins loaded: narrative, meta, tutorial, jobs, forms, progression, mutations, lineage
# [auth] nessun provider configurato: gli endpoint non sono protetti
# [trait-effects] 500 trait attivi caricati da /app/data/core/traits/active_effects.yaml
# [fairness] cap_pt_max=1 caricato da /app/data/packs.yaml
# [vc-scoring] telemetry config caricato: 6 indici, 4 MBTI, 9 Ennea
# [ai-profiles] caricato /app/packs/evo_tactics_pack/data/balance/ai_profiles.yaml: 7 profile, utility_brain ON: [aggressive, aggressive_with_stickiness, aggressive_sticky_30, aggressive_commit_window]
# Subtest: POST /api/lobby/create 400 on missing host_name
ok 520 - POST /api/lobby/create 400 on missing host_name
  ---
  duration_ms: 1163.11544
  type: 'test'
  ...
# {"component":"lobby-service","event":"create","ts":1778984742584,"code":"SHDL","host_id":"p_6cbdaa39d8d7","host_name":"Alice","max_players":8,"campaign_id":"campaign_abc"}
# [nebula-aggregator] telemetria Nebula non configurata: uso valori di fallback
# [nebula-aggregator] telemetria generatore Nebula non configurata: uso valori di fallback
# [nebula-aggregator] telemetria orchestrator non configurata: nessun evento disponibile
# {"component":"lobby-service","event":"join","ts":1778984742703,"code":"SHDL","player_id":"p_5f98a3e00d43","player_name":"Bob","player_count":2}
# unknown format "uri" ignored in schema at path "\#/properties/share_url/anyOf/1"
# unknown format "uri" ignored in schema at path "\#/properties/share_url/anyOf/1"
# [jobs] caricato /app/data/core/jobs.yaml: 8 base + 4 expansion = 12 job
# [plugin-loader] 8 plugins loaded: narrative, meta, tutorial, jobs, forms, progression, mutations, lineage
# [auth] nessun provider configurato: gli endpoint non sono protetti
# [trait-effects] 500 trait attivi caricati da /app/data/core/traits/active_effects.yaml
# [fairness] cap_pt_max=1 caricato da /app/data/packs.yaml
# [vc-scoring] telemetry config caricato: 6 indici, 4 MBTI, 9 Ennea
# [ai-profiles] caricato /app/packs/evo_tactics_pack/data/balance/ai_profiles.yaml: 7 profile, utility_brain ON: [aggressive, aggressive_with_stickiness, aggressive_sticky_30, aggressive_commit_window]
# Subtest: POST /api/lobby/join returns player_token + room snapshot
ok 521 - POST /api/lobby/join returns player_token + room snapshot
  ---
  duration_ms: 1107.734793
  type: 'test'
  ...
# [nebula-aggregator] telemetria Nebula non configurata: uso valori di fallback
# [nebula-aggregator] telemetria generatore Nebula non configurata: uso valori di fallback
# [nebula-aggregator] telemetria orchestrator non configurata: nessun evento disponibile
# unknown format "uri" ignored in schema at path "\#/properties/share_url/anyOf/1"
# unknown format "uri" ignored in schema at path "\#/properties/share_url/anyOf/1"
# [jobs] caricato /app/data/core/jobs.yaml: 8 base + 4 expansion = 12 job
# [plugin-loader] 8 plugins loaded: narrative, meta, tutorial, jobs, forms, progression, mutations, lineage
# [auth] nessun provider configurato: gli endpoint non sono protetti
# [trait-effects] 500 trait attivi caricati da /app/data/core/traits/active_effects.yaml
# [fairness] cap_pt_max=1 caricato da /app/data/packs.yaml
# [vc-scoring] telemetry config caricato: 6 indici, 4 MBTI, 9 Ennea
# [ai-profiles] caricato /app/packs/evo_tactics_pack/data/balance/ai_profiles.yaml: 7 profile, utility_brain ON: [aggressive, aggressive_with_stickiness, aggressive_sticky_30, aggressive_commit_window]
# Subtest: POST /api/lobby/join 404 on unknown code
ok 522 - POST /api/lobby/join 404 on unknown code
  ---
  duration_ms: 680.775516
  type: 'test'
  ...
# {"component":"lobby-service","event":"create","ts":1778984744278,"code":"THHC","host_id":"p_0d71bd841338","host_name":"A","max_players":8,"campaign_id":null}
# [nebula-aggregator] telemetria Nebula non configurata: uso valori di fallback
# [nebula-aggregator] telemetria generatore Nebula non configurata: uso valori di fallback
# [nebula-aggregator] telemetria orchestrator non configurata: nessun evento disponibile
# {"component":"lobby-service","event":"join","ts":1778984744497,"code":"THHC","player_id":"p_7e95978cf0ea","player_name":"P","player_count":2}
# unknown format "uri" ignored in schema at path "\#/properties/share_url/anyOf/1"
# unknown format "uri" ignored in schema at path "\#/properties/share_url/anyOf/1"
# [jobs] caricato /app/data/core/jobs.yaml: 8 base + 4 expansion = 12 job
# [plugin-loader] 8 plugins loaded: narrative, meta, tutorial, jobs, forms, progression, mutations, lineage
# [auth] nessun provider configurato: gli endpoint non sono protetti
# [trait-effects] 500 trait attivi caricati da /app/data/core/traits/active_effects.yaml
# [fairness] cap_pt_max=1 caricato da /app/data/packs.yaml
# [vc-scoring] telemetry config caricato: 6 indici, 4 MBTI, 9 Ennea
# [ai-profiles] caricato /app/packs/evo_tactics_pack/data/balance/ai_profiles.yaml: 7 profile, utility_brain ON: [aggressive, aggressive_with_stickiness, aggressive_sticky_30, aggressive_commit_window]
# Subtest: POST /api/lobby/join case-insensitive code match
ok 523 - POST /api/lobby/join case-insensitive code match
  ---
  duration_ms: 1054.066675
  type: 'test'
  ...
# {"component":"lobby-service","event":"create","ts":1778984745230,"code":"MDLW","host_id":"p_0bdb26419232","host_name":"Alice","max_players":8,"campaign_id":null}
# [nebula-aggregator] telemetria Nebula non configurata: uso valori di fallback
# [nebula-aggregator] telemetria generatore Nebula non configurata: uso valori di fallback
# [nebula-aggregator] telemetria orchestrator non configurata: nessun evento disponibile
# {"component":"lobby-service","event":"room_close","ts":1778984745496,"code":"MDLW","reason":"host_closed","player_count":1}
# {"component":"lobby-service","event":"close","ts":1778984745496,"code":"MDLW","reason":"host_closed"}
# unknown format "uri" ignored in schema at path "\#/properties/share_url/anyOf/1"
# unknown format "uri" ignored in schema at path "\#/properties/share_url/anyOf/1"
# [jobs] caricato /app/data/core/jobs.yaml: 8 base + 4 expansion = 12 job
# [plugin-loader] 8 plugins loaded: narrative, meta, tutorial, jobs, forms, progression, mutations, lineage
# [auth] nessun provider configurato: gli endpoint non sono protetti
# [trait-effects] 500 trait attivi caricati da /app/data/core/traits/active_effects.yaml
# [fairness] cap_pt_max=1 caricato da /app/data/packs.yaml
# [vc-scoring] telemetry config caricato: 6 indici, 4 MBTI, 9 Ennea
# [ai-profiles] caricato /app/packs/evo_tactics_pack/data/balance/ai_profiles.yaml: 7 profile, utility_brain ON: [aggressive, aggressive_with_stickiness, aggressive_sticky_30, aggressive_commit_window]
# Subtest: POST /api/lobby/close requires host_token, else 403
ok 524 - POST /api/lobby/close requires host_token, else 403
  ---
  duration_ms: 1029.725797
  type: 'test'
  ...
# {"component":"lobby-service","event":"create","ts":1778984746439,"code":"LQRR","host_id":"p_96366ea2d3cf","host_name":"Alice","max_players":8,"campaign_id":null}
# [nebula-aggregator] telemetria Nebula non configurata: uso valori di fallback
# [nebula-aggregator] telemetria generatore Nebula non configurata: uso valori di fallback
# [nebula-aggregator] telemetria orchestrator non configurata: nessun evento disponibile
# unknown format "uri" ignored in schema at path "\#/properties/share_url/anyOf/1"
# unknown format "uri" ignored in schema at path "\#/properties/share_url/anyOf/1"
# [jobs] caricato /app/data/core/jobs.yaml: 8 base + 4 expansion = 12 job
# [plugin-loader] 8 plugins loaded: narrative, meta, tutorial, jobs, forms, progression, mutations, lineage
# [auth] nessun provider configurato: gli endpoint non sono protetti
# [trait-effects] 500 trait attivi caricati da /app/data/core/traits/active_effects.yaml
# [fairness] cap_pt_max=1 caricato da /app/data/packs.yaml
# [vc-scoring] telemetry config caricato: 6 indici, 4 MBTI, 9 Ennea
# [ai-profiles] caricato /app/packs/evo_tactics_pack/data/balance/ai_profiles.yaml: 7 profile, utility_brain ON: [aggressive, aggressive_with_stickiness, aggressive_sticky_30, aggressive_commit_window]
# Subtest: GET /api/lobby/state returns snapshot
ok 525 - GET /api/lobby/state returns snapshot
  ---
  duration_ms: 1091.352221
  type: 'test'
  ...
# [nebula-aggregator] telemetria Nebula non configurata: uso valori di fallback
# [nebula-aggregator] telemetria generatore Nebula non configurata: uso valori di fallback
# [nebula-aggregator] telemetria orchestrator non configurata: nessun evento disponibile
# {"component":"lobby-service","event":"create","ts":1778984747462,"code":"MWRN","host_id":"p_d16dd338028b","host_name":"Alice","max_players":3,"campaign_id":null}
# {"component":"lobby-service","event":"join","ts":1778984747586,"code":"MWRN","player_id":"p_899b3d596980","player_name":"B","player_count":2}
# {"component":"lobby-service","event":"join","ts":1778984747612,"code":"MWRN","player_id":"p_03ed3c81a4f3","player_name":"C","player_count":3}
# [nebula-aggregator] telemetria Nebula non configurata: uso valori di fallback
# [nebula-aggregator] telemetria generatore Nebula non configurata: uso valori di fallback
# [nebula-aggregator] telemetria orchestrator non configurata: nessun evento disponibile
# unknown format "uri" ignored in schema at path "\#/properties/share_url/anyOf/1"
# unknown format "uri" ignored in schema at path "\#/properties/share_url/anyOf/1"
# [jobs] caricato /app/data/core/jobs.yaml: 8 base + 4 expansion = 12 job
# [plugin-loader] 8 plugins loaded: narrative, meta, tutorial, jobs, forms, progression, mutations, lineage
# [auth] nessun provider configurato: gli endpoint non sono protetti
# [trait-effects] 500 trait attivi caricati da /app/data/core/traits/active_effects.yaml
# [fairness] cap_pt_max=1 caricato da /app/data/packs.yaml
# [vc-scoring] telemetry config caricato: 6 indici, 4 MBTI, 9 Ennea
# [ai-profiles] caricato /app/packs/evo_tactics_pack/data/balance/ai_profiles.yaml: 7 profile, utility_brain ON: [aggressive, aggressive_with_stickiness, aggressive_sticky_30, aggressive_commit_window]
# Subtest: POST /api/lobby/create respects max_players cap
ok 526 - POST /api/lobby/create respects max_players cap
  ---
  duration_ms: 1003.49226
  type: 'test'
  ...
# {"component":"lobby-service","event":"create","ts":1778984748415,"code":"WFWV","host_id":"p_d12aae2536b5","host_name":"A","max_players":8,"campaign_id":null}
# {"component":"lobby-service","event":"create","ts":1778984748521,"code":"RGNK","host_id":"p_307a3228740e","host_name":"B","max_players":8,"campaign_id":null}
# unknown format "uri" ignored in schema at path "\#/properties/share_url/anyOf/1"
# unknown format "uri" ignored in schema at path "\#/properties/share_url/anyOf/1"
# [jobs] caricato /app/data/core/jobs.yaml: 8 base + 4 expansion = 12 job
# [plugin-loader] 8 plugins loaded: narrative, meta, tutorial, jobs, forms, progression, mutations, lineage
# [auth] nessun provider configurato: gli endpoint non sono protetti
# [trait-effects] 500 trait attivi caricati da /app/data/core/traits/active_effects.yaml
# [fairness] cap_pt_max=1 caricato da /app/data/packs.yaml
# [vc-scoring] telemetry config caricato: 6 indici, 4 MBTI, 9 Ennea
# [ai-profiles] caricato /app/packs/evo_tactics_pack/data/balance/ai_profiles.yaml: 7 profile, utility_brain ON: [aggressive, aggressive_with_stickiness, aggressive_sticky_30, aggressive_commit_window]
# Subtest: GET /api/lobby/list lists open rooms
ok 527 - GET /api/lobby/list lists open rooms
  ---
  duration_ms: 968.618746
  type: 'test'
  ...
# [nebula-aggregator] telemetria Nebula non configurata: uso valori di fallback
# [nebula-aggregator] telemetria generatore Nebula non configurata: uso valori di fallback
# [nebula-aggregator] telemetria orchestrator non configurata: nessun evento disponibile
# {"component":"lobby-service","event":"create","ts":1778984749359,"code":"DKHV","host_id":"p_180e80f3dbcb","host_name":"Alice","max_players":8,"campaign_id":null}
# unknown format "uri" ignored in schema at path "\#/properties/share_url/anyOf/1"
# unknown format "uri" ignored in schema at path "\#/properties/share_url/anyOf/1"
# [jobs] caricato /app/data/core/jobs.yaml: 8 base + 4 expansion = 12 job
# [plugin-loader] 8 plugins loaded: narrative, meta, tutorial, jobs, forms, progression, mutations, lineage
# [auth] nessun provider configurato: gli endpoint non sono protetti
# [trait-effects] 500 trait attivi caricati da /app/data/core/traits/active_effects.yaml
# [fairness] cap_pt_max=1 caricato da /app/data/packs.yaml
# [vc-scoring] telemetry config caricato: 6 indici, 4 MBTI, 9 Ennea
# [ai-profiles] caricato /app/packs/evo_tactics_pack/data/balance/ai_profiles.yaml: 7 profile, utility_brain ON: [aggressive, aggressive_with_stickiness, aggressive_sticky_30, aggressive_commit_window]
# Subtest: POST /api/lobby/rejoin returns room snapshot for valid host token
ok 528 - POST /api/lobby/rejoin returns room snapshot for valid host token
  ---
  duration_ms: 899.456257
  type: 'test'
  ...
# {"component":"lobby-service","event":"create","ts":1778984750277,"code":"JSPW","host_id":"p_d441ef69038b","host_name":"Alice","max_players":8,"campaign_id":null}
# [nebula-aggregator] telemetria Nebula non configurata: uso valori di fallback
# [nebula-aggregator] telemetria generatore Nebula non configurata: uso valori di fallback
# [nebula-aggregator] telemetria orchestrator non configurata: nessun evento disponibile
# {"component":"lobby-service","event":"join","ts":1778984750382,"code":"JSPW","player_id":"p_74c699a29fd1","player_name":"Bob","player_count":2}
# unknown format "uri" ignored in schema at path "\#/properties/share_url/anyOf/1"
# unknown format "uri" ignored in schema at path "\#/properties/share_url/anyOf/1"
# [jobs] caricato /app/data/core/jobs.yaml: 8 base + 4 expansion = 12 job
# [plugin-loader] 8 plugins loaded: narrative, meta, tutorial, jobs, forms, progression, mutations, lineage
# [auth] nessun provider configurato: gli endpoint non sono protetti
# [trait-effects] 500 trait attivi caricati da /app/data/core/traits/active_effects.yaml
# [fairness] cap_pt_max=1 caricato da /app/data/packs.yaml
# [vc-scoring] telemetry config caricato: 6 indici, 4 MBTI, 9 Ennea
# [ai-profiles] caricato /app/packs/evo_tactics_pack/data/balance/ai_profiles.yaml: 7 profile, utility_brain ON: [aggressive, aggressive_with_stickiness, aggressive_sticky_30, aggressive_commit_window]
# Subtest: POST /api/lobby/rejoin works for joined player tokens
ok 529 - POST /api/lobby/rejoin works for joined player tokens
  ---
  duration_ms: 924.429944
  type: 'test'
  ...
# [nebula-aggregator] telemetria Nebula non configurata: uso valori di fallback
# [nebula-aggregator] telemetria generatore Nebula non configurata: uso valori di fallback
# [nebula-aggregator] telemetria orchestrator non configurata: nessun evento disponibile
# unknown format "uri" ignored in schema at path "\#/properties/share_url/anyOf/1"
# unknown format "uri" ignored in schema at path "\#/properties/share_url/anyOf/1"
# [jobs] caricato /app/data/core/jobs.yaml: 8 base + 4 expansion = 12 job
# [plugin-loader] 8 plugins loaded: narrative, meta, tutorial, jobs, forms, progression, mutations, lineage
# [auth] nessun provider configurato: gli endpoint non sono protetti
# [trait-effects] 500 trait attivi caricati da /app/data/core/traits/active_effects.yaml
# [fairness] cap_pt_max=1 caricato da /app/data/packs.yaml
# [vc-scoring] telemetry config caricato: 6 indici, 4 MBTI, 9 Ennea
# [ai-profiles] caricato /app/packs/evo_tactics_pack/data/balance/ai_profiles.yaml: 7 profile, utility_brain ON: [aggressive, aggressive_with_stickiness, aggressive_sticky_30, aggressive_commit_window]
# Subtest: POST /api/lobby/rejoin 400 on missing fields
ok 530 - POST /api/lobby/rejoin 400 on missing fields
  ---
  duration_ms: 1026.146457
  type: 'test'
  ...
# [nebula-aggregator] telemetria Nebula non configurata: uso valori di fallback
# [nebula-aggregator] telemetria generatore Nebula non configurata: uso valori di fallback
# [nebula-aggregator] telemetria orchestrator non configurata: nessun evento disponibile
# {"component":"lobby-service","event":"create","ts":1778984752234,"code":"JBTX","host_id":"p_1c0da4c9fc9b","host_name":"Alice","max_players":8,"campaign_id":null}
# {"component":"lobby-service","event":"room_close","ts":1778984752331,"code":"JBTX","reason":"host_closed","player_count":1}
# {"component":"lobby-service","event":"close","ts":1778984752342,"code":"JBTX","reason":"host_closed"}
# unknown format "uri" ignored in schema at path "\#/properties/share_url/anyOf/1"
# unknown format "uri" ignored in schema at path "\#/properties/share_url/anyOf/1"
# [jobs] caricato /app/data/core/jobs.yaml: 8 base + 4 expansion = 12 job
# [plugin-loader] 8 plugins loaded: narrative, meta, tutorial, jobs, forms, progression, mutations, lineage
# [auth] nessun provider configurato: gli endpoint non sono protetti
# [trait-effects] 500 trait attivi caricati da /app/data/core/traits/active_effects.yaml
# [fairness] cap_pt_max=1 caricato da /app/data/packs.yaml
# [vc-scoring] telemetry config caricato: 6 indici, 4 MBTI, 9 Ennea
# [ai-profiles] caricato /app/packs/evo_tactics_pack/data/balance/ai_profiles.yaml: 7 profile, utility_brain ON: [aggressive, aggressive_with_stickiness, aggressive_sticky_30, aggressive_commit_window]
# Subtest: POST /api/lobby/rejoin 410 on room closed within TTL window
ok 531 - POST /api/lobby/rejoin 410 on room closed within TTL window
  ---
  duration_ms: 911.007452
  type: 'test'
  ...
# [nebula-aggregator] telemetria Nebula non configurata: uso valori di fallback
# [nebula-aggregator] telemetria generatore Nebula non configurata: uso valori di fallback
# [nebula-aggregator] telemetria orchestrator non configurata: nessun evento disponibile
# unknown format "uri" ignored in schema at path "\#/properties/share_url/anyOf/1"
# unknown format "uri" ignored in schema at path "\#/properties/share_url/anyOf/1"
# [jobs] caricato /app/data/core/jobs.yaml: 8 base + 4 expansion = 12 job
# [plugin-loader] 8 plugins loaded: narrative, meta, tutorial, jobs, forms, progression, mutations, lineage
# [auth] nessun provider configurato: gli endpoint non sono protetti
# [trait-effects] 500 trait attivi caricati da /app/data/core/traits/active_effects.yaml
# [fairness] cap_pt_max=1 caricato da /app/data/packs.yaml
# [vc-scoring] telemetry config caricato: 6 indici, 4 MBTI, 9 Ennea
# [ai-profiles] caricato /app/packs/evo_tactics_pack/data/balance/ai_profiles.yaml: 7 profile, utility_brain ON: [aggressive, aggressive_with_stickiness, aggressive_sticky_30, aggressive_commit_window]
# Subtest: POST /api/lobby/rejoin 404 on unknown code
ok 532 - POST /api/lobby/rejoin 404 on unknown code
  ---
  duration_ms: 743.28341
  type: 'test'
  ...
# {"component":"lobby-service","event":"create","ts":1778984753770,"code":"KWBL","host_id":"p_87dedb703a07","host_name":"Alice","max_players":8,"campaign_id":null}
# [nebula-aggregator] telemetria Nebula non configurata: uso valori di fallback
# [nebula-aggregator] telemetria generatore Nebula non configurata: uso valori di fallback
# [nebula-aggregator] telemetria orchestrator non configurata: nessun evento disponibile
# {"component":"lobby-service","event":"join","ts":1778984753895,"code":"KWBL","player_id":"p_c69e511ec4f6","player_name":"Bob","player_count":2}
# unknown format "uri" ignored in schema at path "\#/properties/share_url/anyOf/1"
# unknown format "uri" ignored in schema at path "\#/properties/share_url/anyOf/1"
# [jobs] caricato /app/data/core/jobs.yaml: 8 base + 4 expansion = 12 job
# [plugin-loader] 8 plugins loaded: narrative, meta, tutorial, jobs, forms, progression, mutations, lineage
# [auth] nessun provider configurato: gli endpoint non sono protetti
# [trait-effects] 500 trait attivi caricati da /app/data/core/traits/active_effects.yaml
# [fairness] cap_pt_max=1 caricato da /app/data/packs.yaml
# [vc-scoring] telemetry config caricato: 6 indici, 4 MBTI, 9 Ennea
# [ai-profiles] caricato /app/packs/evo_tactics_pack/data/balance/ai_profiles.yaml: 7 profile, utility_brain ON: [aggressive, aggressive_with_stickiness, aggressive_sticky_30, aggressive_commit_window]
# Subtest: POST /api/lobby/rejoin reflects current role after host_transfer demotion
ok 533 - POST /api/lobby/rejoin reflects current role after host_transfer demotion
  ---
  duration_ms: 878.66723
  type: 'test'
  ...
# {"component":"lobby-service","event":"create","ts":1778984754669,"code":"ZSTD","host_id":"p_436b6da5840f","host_name":"Alice","max_players":8,"campaign_id":null}
# [nebula-aggregator] telemetria Nebula non configurata: uso valori di fallback
# [nebula-aggregator] telemetria generatore Nebula non configurata: uso valori di fallback
# [nebula-aggregator] telemetria orchestrator non configurata: nessun evento disponibile
# Subtest: POST /api/lobby/rejoin 401 on token mismatch
ok 534 - POST /api/lobby/rejoin 401 on token mismatch
  ---
  duration_ms: 812.058872
  type: 'test'
  ...
# [nebula-aggregator] telemetria Nebula non configurata: uso valori di fallback
# [nebula-aggregator] telemetria generatore Nebula non configurata: uso valori di fallback
# [nebula-aggregator] telemetria orchestrator non configurata: nessun evento disponibile
# [jwtAuth] AUTH_SECRET missing or too short (<16 chars); using dev fallback. NOT FOR PRODUCTION.
# {"component":"lobby-service","event":"create","ts":1778984739209,"code":"SGLQ","host_id":"p_5b61a8835747","host_name":"Alice","max_players":8,"campaign_id":"c1"}
# {"component":"lobby-service","event":"join","ts":1778984739210,"code":"SGLQ","player_id":"p_2b0038caa0d9","player_name":"Bob","player_count":2}
# {"component":"lobby-service","event":"join","ts":1778984739211,"code":"SGLQ","player_id":"p_0333ad2afc45","player_name":"Carol","player_count":3}
# {"component":"lobby-service","event":"join","ts":1778984739211,"code":"SGLQ","player_id":"p_37e6805b91f9","player_name":"Dan","player_count":4}
# {"component":"lobby-service","event":"create","ts":1778984739379,"code":"ZPMT","host_id":"p_c140c9359868","host_name":"Alice","max_players":8,"campaign_id":null}
# {"component":"lobby-service","event":"join","ts":1778984739387,"code":"ZPMT","player_id":"p_d972aef9358c","player_name":"Bob","player_count":2}
# Subtest: WS: host + 3 players connect, host publishes state, all receive
ok 535 - WS: host + 3 players connect, host publishes state, all receive
  ---
  duration_ms: 216.16203
  type: 'test'
  ...
# {"component":"lobby-service","event":"create","ts":1778984739410,"code":"VQLJ","host_id":"p_4f83964ad9b6","host_name":"Alice","max_players":8,"campaign_id":null}
# {"component":"lobby-service","event":"join","ts":1778984739419,"code":"VQLJ","player_id":"p_df774d551f32","player_name":"Bob","player_count":2}
# {"component":"lobby-service","event":"join","ts":1778984739419,"code":"VQLJ","player_id":"p_189ed152be07","player_name":"Carol","player_count":3}
# Subtest: WS: non-host state attempt rejected with error
ok 536 - WS: non-host state attempt rejected with error
  ---
  duration_ms: 31.172045
  type: 'test'
  ...
# {"component":"lobby-service","event":"create","ts":1778984739565,"code":"TJZL","host_id":"p_d211420c4387","host_name":"Alice","max_players":8,"campaign_id":null}
# {"component":"lobby-service","event":"join","ts":1778984739566,"code":"TJZL","player_id":"p_54ea487d598b","player_name":"Bob","player_count":2}
# Subtest: WS: player intent relayed to host only (not to peers)
ok 537 - WS: player intent relayed to host only (not to peers)
  ---
  duration_ms: 154.476708
  type: 'test'
  ...
# {"component":"lobby-service","event":"create","ts":1778984739632,"code":"TFWT","host_id":"p_3bc793c775ea","host_name":"Alice","max_players":8,"campaign_id":null}
# Subtest: WS: reconnect survives one drop — token reusable
ok 538 - WS: reconnect survives one drop — token reusable
  ---
  duration_ms: 61.791155
  type: 'test'
  ...
# Subtest: WS: bad token rejected
ok 539 - WS: bad token rejected
  ---
  duration_ms: 23.399
  type: 'test'
  ...
# {"component":"lobby-service","event":"create","ts":1778984739675,"code":"XJQZ","host_id":"p_9b138fe92957","host_name":"Alice","max_players":8,"campaign_id":null}
# {"component":"lobby-service","event":"join","ts":1778984739675,"code":"XJQZ","player_id":"p_db1bf4919676","player_name":"Bob","player_count":2}
# Subtest: WS: unknown room code rejected
ok 540 - WS: unknown room code rejected
  ---
  duration_ms: 12.773661
  type: 'test'
  ...
# {"component":"lobby-service","event":"create","ts":1778984739703,"code":"VFGD","host_id":"p_b847ad790b32","host_name":"Alice","max_players":8,"campaign_id":null}
# {"component":"lobby-service","event":"join","ts":1778984739704,"code":"VFGD","player_id":"p_32eb370f828f","player_name":"Bob","player_count":2}
# {"component":"lobby-service","event":"join","ts":1778984739708,"code":"VFGD","player_id":"p_926d653e7271","player_name":"Carol","player_count":3}
# Subtest: WS: wrong-token reconnect closes with code 4003
ok 541 - WS: wrong-token reconnect closes with code 4003
  ---
  duration_ms: 32.491433
  type: 'test'
  ...
# {"component":"lobby-service","event":"host_grace_fire_transfer","ts":1778984739793,"code":"VFGD","prev_host_id":"p_b847ad790b32","new_host_id":"p_32eb370f828f"}
# {"component":"lobby-service","event":"create","ts":1778984739795,"code":"JBZQ","host_id":"p_49696b607869","host_name":"Alice","max_players":8,"campaign_id":null}
# Subtest: WS: host transfer mid-combat rebroadcasts round_ready to promoted host
ok 542 - WS: host transfer mid-combat rebroadcasts round_ready to promoted host
  ---
  duration_ms: 99.752287
  type: 'test'
  ...
# Subtest: Room: stateVersion monotonic increment under burst publishState
ok 543 - Room: stateVersion monotonic increment under burst publishState
  ---
  duration_ms: 12.159917
  type: 'test'
  ...
# Subtest: generateRoomCode: N=1000 codes contain no vowels, no Y
ok 544 - generateRoomCode: N=1000 codes contain no vowels, no Y
  ---
  duration_ms: 55.419929
  type: 'test'
  ...
# [prisma] client non disponibile, uso stub in memoria DATABASE_URL non configurato
# unknown format "uri" ignored in schema at path "\#/properties/share_url/anyOf/1"
# unknown format "uri" ignored in schema at path "\#/properties/share_url/anyOf/1"
# [jobs] caricato /app/data/core/jobs.yaml: 8 base + 4 expansion = 12 job
# [plugin-loader] 8 plugins loaded: narrative, meta, tutorial, jobs, forms, progression, mutations, lineage
# [auth] nessun provider configurato: gli endpoint non sono protetti
# [trait-effects] 500 trait attivi caricati da /app/data/core/traits/active_effects.yaml
# [fairness] cap_pt_max=1 caricato da /app/data/packs.yaml
# [vc-scoring] telemetry config caricato: 6 indici, 4 MBTI, 9 Ennea
# [ai-profiles] caricato /app/packs/evo_tactics_pack/data/balance/ai_profiles.yaml: 7 profile, utility_brain ON: [aggressive, aggressive_with_stickiness, aggressive_sticky_30, aggressive_commit_window]
# [nebula-aggregator] telemetria Nebula non configurata: uso valori di fallback
# [nebula-aggregator] telemetria generatore Nebula non configurata: uso valori di fallback
# [nebula-aggregator] telemetria orchestrator non configurata: nessun evento disponibile
# unknown format "uri" ignored in schema at path "\#/properties/share_url/anyOf/1"
# unknown format "uri" ignored in schema at path "\#/properties/share_url/anyOf/1"
# [jobs] caricato /app/data/core/jobs.yaml: 8 base + 4 expansion = 12 job
# [plugin-loader] 8 plugins loaded: narrative, meta, tutorial, jobs, forms, progression, mutations, lineage
# [auth] nessun provider configurato: gli endpoint non sono protetti
# [trait-effects] 500 trait attivi caricati da /app/data/core/traits/active_effects.yaml
# [fairness] cap_pt_max=1 caricato da /app/data/packs.yaml
# [vc-scoring] telemetry config caricato: 6 indici, 4 MBTI, 9 Ennea
# [ai-profiles] caricato /app/packs/evo_tactics_pack/data/balance/ai_profiles.yaml: 7 profile, utility_brain ON: [aggressive, aggressive_with_stickiness, aggressive_sticky_30, aggressive_commit_window]
# Subtest: GET /api/meta/lineage/:id returns chain shape
ok 545 - GET /api/meta/lineage/:id returns chain shape
  ---
  duration_ms: 2119.62535
  type: 'test'
  ...
# unknown format "uri" ignored in schema at path "\#/properties/share_url/anyOf/1"
# unknown format "uri" ignored in schema at path "\#/properties/share_url/anyOf/1"
# [jobs] caricato /app/data/core/jobs.yaml: 8 base + 4 expansion = 12 job
# [plugin-loader] 8 plugins loaded: narrative, meta, tutorial, jobs, forms, progression, mutations, lineage
# [auth] nessun provider configurato: gli endpoint non sono protetti
# [trait-effects] 500 trait attivi caricati da /app/data/core/traits/active_effects.yaml
# [fairness] cap_pt_max=1 caricato da /app/data/packs.yaml
# [vc-scoring] telemetry config caricato: 6 indici, 4 MBTI, 9 Ennea
# [ai-profiles] caricato /app/packs/evo_tactics_pack/data/balance/ai_profiles.yaml: 7 profile, utility_brain ON: [aggressive, aggressive_with_stickiness, aggressive_sticky_30, aggressive_commit_window]
# Subtest: GET /api/meta/lineage/:id returns empty chain for unknown lineage
ok 546 - GET /api/meta/lineage/:id returns empty chain for unknown lineage
  ---
  duration_ms: 895.059893
  type: 'test'
  ...
# [nebula-aggregator] telemetria Nebula non configurata: uso valori di fallback
# [nebula-aggregator] telemetria generatore Nebula non configurata: uso valori di fallback
# [nebula-aggregator] telemetria orchestrator non configurata: nessun evento disponibile
# unknown format "uri" ignored in schema at path "\#/properties/share_url/anyOf/1"
# unknown format "uri" ignored in schema at path "\#/properties/share_url/anyOf/1"
# [jobs] caricato /app/data/core/jobs.yaml: 8 base + 4 expansion = 12 job
# [plugin-loader] 8 plugins loaded: narrative, meta, tutorial, jobs, forms, progression, mutations, lineage
# [auth] nessun provider configurato: gli endpoint non sono protetti
# [trait-effects] 500 trait attivi caricati da /app/data/core/traits/active_effects.yaml
# [fairness] cap_pt_max=1 caricato da /app/data/packs.yaml
# [vc-scoring] telemetry config caricato: 6 indici, 4 MBTI, 9 Ennea
# [ai-profiles] caricato /app/packs/evo_tactics_pack/data/balance/ai_profiles.yaml: 7 profile, utility_brain ON: [aggressive, aggressive_with_stickiness, aggressive_sticky_30, aggressive_commit_window]
# Subtest: GET /api/meta/tribes returns tribe list with threshold meta
ok 547 - GET /api/meta/tribes returns tribe list with threshold meta
  ---
  duration_ms: 762.878024
  type: 'test'
  ...
# [nebula-aggregator] telemetria Nebula non configurata: uso valori di fallback
# [nebula-aggregator] telemetria generatore Nebula non configurata: uso valori di fallback
# [nebula-aggregator] telemetria orchestrator non configurata: nessun evento disponibile
# unknown format "uri" ignored in schema at path "\#/properties/share_url/anyOf/1"
# unknown format "uri" ignored in schema at path "\#/properties/share_url/anyOf/1"
# [jobs] caricato /app/data/core/jobs.yaml: 8 base + 4 expansion = 12 job
# [plugin-loader] 8 plugins loaded: narrative, meta, tutorial, jobs, forms, progression, mutations, lineage
# [auth] nessun provider configurato: gli endpoint non sono protetti
# [trait-effects] 500 trait attivi caricati da /app/data/core/traits/active_effects.yaml
# [fairness] cap_pt_max=1 caricato da /app/data/packs.yaml
# [vc-scoring] telemetry config caricato: 6 indici, 4 MBTI, 9 Ennea
# [ai-profiles] caricato /app/packs/evo_tactics_pack/data/balance/ai_profiles.yaml: 7 profile, utility_brain ON: [aggressive, aggressive_with_stickiness, aggressive_sticky_30, aggressive_commit_window]
# Subtest: GET /api/meta/tribes excludes lineage <3 members
ok 548 - GET /api/meta/tribes excludes lineage <3 members
  ---
  duration_ms: 777.768258
  type: 'test'
  ...
# [nebula-aggregator] telemetria Nebula non configurata: uso valori di fallback
# [nebula-aggregator] telemetria generatore Nebula non configurata: uso valori di fallback
# [nebula-aggregator] telemetria orchestrator non configurata: nessun evento disponibile
# unknown format "uri" ignored in schema at path "\#/properties/share_url/anyOf/1"
# unknown format "uri" ignored in schema at path "\#/properties/share_url/anyOf/1"
# [jobs] caricato /app/data/core/jobs.yaml: 8 base + 4 expansion = 12 job
# [plugin-loader] 8 plugins loaded: narrative, meta, tutorial, jobs, forms, progression, mutations, lineage
# [auth] nessun provider configurato: gli endpoint non sono protetti
# [trait-effects] 500 trait attivi caricati da /app/data/core/traits/active_effects.yaml
# [fairness] cap_pt_max=1 caricato da /app/data/packs.yaml
# [vc-scoring] telemetry config caricato: 6 indici, 4 MBTI, 9 Ennea
# [ai-profiles] caricato /app/packs/evo_tactics_pack/data/balance/ai_profiles.yaml: 7 profile, utility_brain ON: [aggressive, aggressive_with_stickiness, aggressive_sticky_30, aggressive_commit_window]
# Subtest: GET /api/meta/tribe/unit/:id returns lone_wolf=true when no tribe
ok 549 - GET /api/meta/tribe/unit/:id returns lone_wolf=true when no tribe
  ---
  duration_ms: 949.097191
  type: 'test'
  ...
# [nebula-aggregator] telemetria Nebula non configurata: uso valori di fallback
# [nebula-aggregator] telemetria generatore Nebula non configurata: uso valori di fallback
# [nebula-aggregator] telemetria orchestrator non configurata: nessun evento disponibile
# unknown format "uri" ignored in schema at path "\#/properties/share_url/anyOf/1"
# unknown format "uri" ignored in schema at path "\#/properties/share_url/anyOf/1"
# [jobs] caricato /app/data/core/jobs.yaml: 8 base + 4 expansion = 12 job
# [plugin-loader] 8 plugins loaded: narrative, meta, tutorial, jobs, forms, progression, mutations, lineage
# [auth] nessun provider configurato: gli endpoint non sono protetti
# [trait-effects] 500 trait attivi caricati da /app/data/core/traits/active_effects.yaml
# [fairness] cap_pt_max=1 caricato da /app/data/packs.yaml
# [vc-scoring] telemetry config caricato: 6 indici, 4 MBTI, 9 Ennea
# [ai-profiles] caricato /app/packs/evo_tactics_pack/data/balance/ai_profiles.yaml: 7 profile, utility_brain ON: [aggressive, aggressive_with_stickiness, aggressive_sticky_30, aggressive_commit_window]
# Subtest: GET /api/meta/tribe/unit/:id returns tribe info when qualified
ok 550 - GET /api/meta/tribe/unit/:id returns tribe info when qualified
  ---
  duration_ms: 1029.476003
  type: 'test'
  ...
# [nebula-aggregator] telemetria Nebula non configurata: uso valori di fallback
# [nebula-aggregator] telemetria generatore Nebula non configurata: uso valori di fallback
# [nebula-aggregator] telemetria orchestrator non configurata: nessun evento disponibile
# Subtest: Sprint D endpoints also mounted at /api/v1/meta
ok 551 - Sprint D endpoints also mounted at /api/v1/meta
  ---
  duration_ms: 1067.811698
  type: 'test'
  ...
# [nebula-aggregator] telemetria Nebula non configurata: uso valori di fallback
# [nebula-aggregator] telemetria generatore Nebula non configurata: uso valori di fallback
# [nebula-aggregator] telemetria orchestrator non configurata: nessun evento disponibile
# [prisma] client non disponibile, uso stub in memoria DATABASE_URL non configurato
# unknown format "uri" ignored in schema at path "\#/properties/share_url/anyOf/1"
# unknown format "uri" ignored in schema at path "\#/properties/share_url/anyOf/1"
# [jobs] caricato /app/data/core/jobs.yaml: 8 base + 4 expansion = 12 job
# [plugin-loader] 8 plugins loaded: narrative, meta, tutorial, jobs, forms, progression, mutations, lineage
# [auth] nessun provider configurato: gli endpoint non sono protetti
# [trait-effects] 500 trait attivi caricati da /app/data/core/traits/active_effects.yaml
# [fairness] cap_pt_max=1 caricato da /app/data/packs.yaml
# [vc-scoring] telemetry config caricato: 6 indici, 4 MBTI, 9 Ennea
# [ai-profiles] caricato /app/packs/evo_tactics_pack/data/balance/ai_profiles.yaml: 7 profile, utility_brain ON: [aggressive, aggressive_with_stickiness, aggressive_sticky_30, aggressive_commit_window]
# [nebula-aggregator] telemetria Nebula non configurata: uso valori di fallback
# [nebula-aggregator] telemetria generatore Nebula non configurata: uso valori di fallback
# [nebula-aggregator] telemetria orchestrator non configurata: nessun evento disponibile
# unknown format "uri" ignored in schema at path "\#/properties/share_url/anyOf/1"
# unknown format "uri" ignored in schema at path "\#/properties/share_url/anyOf/1"
# [jobs] caricato /app/data/core/jobs.yaml: 8 base + 4 expansion = 12 job
# [plugin-loader] 8 plugins loaded: narrative, meta, tutorial, jobs, forms, progression, mutations, lineage
# [auth] nessun provider configurato: gli endpoint non sono protetti
# [trait-effects] 500 trait attivi caricati da /app/data/core/traits/active_effects.yaml
# [fairness] cap_pt_max=1 caricato da /app/data/packs.yaml
# [vc-scoring] telemetry config caricato: 6 indici, 4 MBTI, 9 Ennea
# [ai-profiles] caricato /app/packs/evo_tactics_pack/data/balance/ai_profiles.yaml: 7 profile, utility_brain ON: [aggressive, aggressive_with_stickiness, aggressive_sticky_30, aggressive_commit_window]
# Subtest: POST /api/meta/mating/roll 400 on missing parents
ok 552 - POST /api/meta/mating/roll 400 on missing parents
  ---
  duration_ms: 2417.208113
  type: 'test'
  ...
# unknown format "uri" ignored in schema at path "\#/properties/share_url/anyOf/1"
# unknown format "uri" ignored in schema at path "\#/properties/share_url/anyOf/1"
# [jobs] caricato /app/data/core/jobs.yaml: 8 base + 4 expansion = 12 job
# [plugin-loader] 8 plugins loaded: narrative, meta, tutorial, jobs, forms, progression, mutations, lineage
# [auth] nessun provider configurato: gli endpoint non sono protetti
# [trait-effects] 500 trait attivi caricati da /app/data/core/traits/active_effects.yaml
# [fairness] cap_pt_max=1 caricato da /app/data/packs.yaml
# [vc-scoring] telemetry config caricato: 6 indici, 4 MBTI, 9 Ennea
# [ai-profiles] caricato /app/packs/evo_tactics_pack/data/balance/ai_profiles.yaml: 7 profile, utility_brain ON: [aggressive, aggressive_with_stickiness, aggressive_sticky_30, aggressive_commit_window]
# Subtest: POST /api/meta/mating/roll returns offspring + tier + visual_hints
ok 553 - POST /api/meta/mating/roll returns offspring + tier + visual_hints
  ---
  duration_ms: 1325.767303
  type: 'test'
  ...
# [nebula-aggregator] telemetria Nebula non configurata: uso valori di fallback
# [nebula-aggregator] telemetria generatore Nebula non configurata: uso valori di fallback
# [nebula-aggregator] telemetria orchestrator non configurata: nessun evento disponibile
# unknown format "uri" ignored in schema at path "\#/properties/share_url/anyOf/1"
# unknown format "uri" ignored in schema at path "\#/properties/share_url/anyOf/1"
# [jobs] caricato /app/data/core/jobs.yaml: 8 base + 4 expansion = 12 job
# [plugin-loader] 8 plugins loaded: narrative, meta, tutorial, jobs, forms, progression, mutations, lineage
# [auth] nessun provider configurato: gli endpoint non sono protetti
# [trait-effects] 500 trait attivi caricati da /app/data/core/traits/active_effects.yaml
# [fairness] cap_pt_max=1 caricato da /app/data/packs.yaml
# [vc-scoring] telemetry config caricato: 6 indici, 4 MBTI, 9 Ennea
# [ai-profiles] caricato /app/packs/evo_tactics_pack/data/balance/ai_profiles.yaml: 7 profile, utility_brain ON: [aggressive, aggressive_with_stickiness, aggressive_sticky_30, aggressive_commit_window]
# Subtest: POST /api/meta/mating/roll prevents self-mate
ok 554 - POST /api/meta/mating/roll prevents self-mate
  ---
  duration_ms: 812.40304
  type: 'test'
  ...
# [nebula-aggregator] telemetria Nebula non configurata: uso valori di fallback
# [nebula-aggregator] telemetria generatore Nebula non configurata: uso valori di fallback
# [nebula-aggregator] telemetria orchestrator non configurata: nessun evento disponibile
# unknown format "uri" ignored in schema at path "\#/properties/share_url/anyOf/1"
# unknown format "uri" ignored in schema at path "\#/properties/share_url/anyOf/1"
# [jobs] caricato /app/data/core/jobs.yaml: 8 base + 4 expansion = 12 job
# [plugin-loader] 8 plugins loaded: narrative, meta, tutorial, jobs, forms, progression, mutations, lineage
# [auth] nessun provider configurato: gli endpoint non sono protetti
# [trait-effects] 500 trait attivi caricati da /app/data/core/traits/active_effects.yaml
# [fairness] cap_pt_max=1 caricato da /app/data/packs.yaml
# [vc-scoring] telemetry config caricato: 6 indici, 4 MBTI, 9 Ennea
# [ai-profiles] caricato /app/packs/evo_tactics_pack/data/balance/ai_profiles.yaml: 7 profile, utility_brain ON: [aggressive, aggressive_with_stickiness, aggressive_sticky_30, aggressive_commit_window]
# Subtest: GET /api/meta/nest/offspring + POST /api/meta/nest/add_offspring roundtrip
ok 555 - GET /api/meta/nest/offspring + POST /api/meta/nest/add_offspring roundtrip
  ---
  duration_ms: 1037.608909
  type: 'test'
  ...
# [nebula-aggregator] telemetria Nebula non configurata: uso valori di fallback
# [nebula-aggregator] telemetria generatore Nebula non configurata: uso valori di fallback
# [nebula-aggregator] telemetria orchestrator non configurata: nessun evento disponibile
# Subtest: POST /api/meta/nest/add_offspring 400 on invalid body
ok 556 - POST /api/meta/nest/add_offspring 400 on invalid body
  ---
  duration_ms: 987.064528
  type: 'test'
  ...
# [nebula-aggregator] telemetria Nebula non configurata: uso valori di fallback
# [nebula-aggregator] telemetria generatore Nebula non configurata: uso valori di fallback
# [nebula-aggregator] telemetria orchestrator non configurata: nessun evento disponibile
# [prisma] client non disponibile, uso stub in memoria DATABASE_URL non configurato
# unknown format "uri" ignored in schema at path "\#/properties/share_url/anyOf/1"
# unknown format "uri" ignored in schema at path "\#/properties/share_url/anyOf/1"
# [jobs] caricato /app/data/core/jobs.yaml: 8 base + 4 expansion = 12 job
# [plugin-loader] 8 plugins loaded: narrative, meta, tutorial, jobs, forms, progression, mutations, lineage
# [auth] nessun provider configurato: gli endpoint non sono protetti
# [trait-effects] 500 trait attivi caricati da /app/data/core/traits/active_effects.yaml
# [fairness] cap_pt_max=1 caricato da /app/data/packs.yaml
# [vc-scoring] telemetry config caricato: 6 indici, 4 MBTI, 9 Ennea
# [ai-profiles] caricato /app/packs/evo_tactics_pack/data/balance/ai_profiles.yaml: 7 profile, utility_brain ON: [aggressive, aggressive_with_stickiness, aggressive_sticky_30, aggressive_commit_window]
# unknown format "uri" ignored in schema at path "\#/properties/share_url/anyOf/1"
# unknown format "uri" ignored in schema at path "\#/properties/share_url/anyOf/1"
# [jobs] caricato /app/data/core/jobs.yaml: 8 base + 4 expansion = 12 job
# [plugin-loader] 8 plugins loaded: narrative, meta, tutorial, jobs, forms, progression, mutations, lineage
# [auth] nessun provider configurato: gli endpoint non sono protetti
# [trait-effects] 500 trait attivi caricati da /app/data/core/traits/active_effects.yaml
# [fairness] cap_pt_max=1 caricato da /app/data/packs.yaml
# [vc-scoring] telemetry config caricato: 6 indici, 4 MBTI, 9 Ennea
# [ai-profiles] caricato /app/packs/evo_tactics_pack/data/balance/ai_profiles.yaml: 7 profile, utility_brain ON: [aggressive, aggressive_with_stickiness, aggressive_sticky_30, aggressive_commit_window]
# Subtest: recruit without bypass — gate denied at trust 0
ok 557 - recruit without bypass — gate denied at trust 0
  ---
  duration_ms: 2314.876086
  type: 'test'
  ...
# [nebula-aggregator] telemetria Nebula non configurata: uso valori di fallback
# [nebula-aggregator] telemetria generatore Nebula non configurata: uso valori di fallback
# [nebula-aggregator] telemetria orchestrator non configurata: nessun evento disponibile
# unknown format "uri" ignored in schema at path "\#/properties/share_url/anyOf/1"
# unknown format "uri" ignored in schema at path "\#/properties/share_url/anyOf/1"
# [jobs] caricato /app/data/core/jobs.yaml: 8 base + 4 expansion = 12 job
# [plugin-loader] 8 plugins loaded: narrative, meta, tutorial, jobs, forms, progression, mutations, lineage
# [auth] nessun provider configurato: gli endpoint non sono protetti
# [trait-effects] 500 trait attivi caricati da /app/data/core/traits/active_effects.yaml
# [fairness] cap_pt_max=1 caricato da /app/data/packs.yaml
# [vc-scoring] telemetry config caricato: 6 indici, 4 MBTI, 9 Ennea
# [ai-profiles] caricato /app/packs/evo_tactics_pack/data/balance/ai_profiles.yaml: 7 profile, utility_brain ON: [aggressive, aggressive_with_stickiness, aggressive_sticky_30, aggressive_commit_window]
# Subtest: recruit with affinity_at_recruit=1 — bypass applies → success
ok 558 - recruit with affinity_at_recruit=1 — bypass applies → success
  ---
  duration_ms: 1386.353164
  type: 'test'
  ...
# [nebula-aggregator] telemetria Nebula non configurata: uso valori di fallback
# [nebula-aggregator] telemetria generatore Nebula non configurata: uso valori di fallback
# [nebula-aggregator] telemetria orchestrator non configurata: nessun evento disponibile
# unknown format "uri" ignored in schema at path "\#/properties/share_url/anyOf/1"
# unknown format "uri" ignored in schema at path "\#/properties/share_url/anyOf/1"
# [jobs] caricato /app/data/core/jobs.yaml: 8 base + 4 expansion = 12 job
# [plugin-loader] 8 plugins loaded: narrative, meta, tutorial, jobs, forms, progression, mutations, lineage
# [auth] nessun provider configurato: gli endpoint non sono protetti
# [trait-effects] 500 trait attivi caricati da /app/data/core/traits/active_effects.yaml
# [fairness] cap_pt_max=1 caricato da /app/data/packs.yaml
# [vc-scoring] telemetry config caricato: 6 indici, 4 MBTI, 9 Ennea
# [ai-profiles] caricato /app/packs/evo_tactics_pack/data/balance/ai_profiles.yaml: 7 profile, utility_brain ON: [aggressive, aggressive_with_stickiness, aggressive_sticky_30, aggressive_commit_window]
# Subtest: recruit with affinity_at_recruit=2 — bypass also applies (any positive >=1)
ok 559 - recruit with affinity_at_recruit=2 — bypass also applies (any positive >=1)
  ---
  duration_ms: 681.451941
  type: 'test'
  ...
# [nebula-aggregator] telemetria Nebula non configurata: uso valori di fallback
# [nebula-aggregator] telemetria generatore Nebula non configurata: uso valori di fallback
# [nebula-aggregator] telemetria orchestrator non configurata: nessun evento disponibile
# unknown format "uri" ignored in schema at path "\#/properties/share_url/anyOf/1"
# unknown format "uri" ignored in schema at path "\#/properties/share_url/anyOf/1"
# [jobs] caricato /app/data/core/jobs.yaml: 8 base + 4 expansion = 12 job
# [plugin-loader] 8 plugins loaded: narrative, meta, tutorial, jobs, forms, progression, mutations, lineage
# [auth] nessun provider configurato: gli endpoint non sono protetti
# [trait-effects] 500 trait attivi caricati da /app/data/core/traits/active_effects.yaml
# [fairness] cap_pt_max=1 caricato da /app/data/packs.yaml
# [vc-scoring] telemetry config caricato: 6 indici, 4 MBTI, 9 Ennea
# [ai-profiles] caricato /app/packs/evo_tactics_pack/data/balance/ai_profiles.yaml: 7 profile, utility_brain ON: [aggressive, aggressive_with_stickiness, aggressive_sticky_30, aggressive_commit_window]
# Subtest: recruit with affinity_at_recruit=0 — bypass NOT applied → gate fail
ok 560 - recruit with affinity_at_recruit=0 — bypass NOT applied → gate fail
  ---
  duration_ms: 637.26487
  type: 'test'
  ...
# [nebula-aggregator] telemetria Nebula non configurata: uso valori di fallback
# [nebula-aggregator] telemetria generatore Nebula non configurata: uso valori di fallback
# [nebula-aggregator] telemetria orchestrator non configurata: nessun evento disponibile
# unknown format "uri" ignored in schema at path "\#/properties/share_url/anyOf/1"
# unknown format "uri" ignored in schema at path "\#/properties/share_url/anyOf/1"
# [jobs] caricato /app/data/core/jobs.yaml: 8 base + 4 expansion = 12 job
# [plugin-loader] 8 plugins loaded: narrative, meta, tutorial, jobs, forms, progression, mutations, lineage
# [auth] nessun provider configurato: gli endpoint non sono protetti
# [trait-effects] 500 trait attivi caricati da /app/data/core/traits/active_effects.yaml
# [fairness] cap_pt_max=1 caricato da /app/data/packs.yaml
# [vc-scoring] telemetry config caricato: 6 indici, 4 MBTI, 9 Ennea
# [ai-profiles] caricato /app/packs/evo_tactics_pack/data/balance/ai_profiles.yaml: 7 profile, utility_brain ON: [aggressive, aggressive_with_stickiness, aggressive_sticky_30, aggressive_commit_window]
# Subtest: recruit with non-numeric affinity_at_recruit — ignored, gate fails
ok 561 - recruit with non-numeric affinity_at_recruit — ignored, gate fails
  ---
  duration_ms: 618.300302
  type: 'test'
  ...
# [nebula-aggregator] telemetria Nebula non configurata: uso valori di fallback
# [nebula-aggregator] telemetria generatore Nebula non configurata: uso valori di fallback
# [nebula-aggregator] telemetria orchestrator non configurata: nessun evento disponibile
# unknown format "uri" ignored in schema at path "\#/properties/share_url/anyOf/1"
# unknown format "uri" ignored in schema at path "\#/properties/share_url/anyOf/1"
# [jobs] caricato /app/data/core/jobs.yaml: 8 base + 4 expansion = 12 job
# [plugin-loader] 8 plugins loaded: narrative, meta, tutorial, jobs, forms, progression, mutations, lineage
# [auth] nessun provider configurato: gli endpoint non sono protetti
# [trait-effects] 500 trait attivi caricati da /app/data/core/traits/active_effects.yaml
# [fairness] cap_pt_max=1 caricato da /app/data/packs.yaml
# [vc-scoring] telemetry config caricato: 6 indici, 4 MBTI, 9 Ennea
# [ai-profiles] caricato /app/packs/evo_tactics_pack/data/balance/ai_profiles.yaml: 7 profile, utility_brain ON: [aggressive, aggressive_with_stickiness, aggressive_sticky_30, aggressive_commit_window]
# Subtest: recruit twice with bypass — second call returns gate_not_met (already recruited)
ok 562 - recruit twice with bypass — second call returns gate_not_met (already recruited)
  ---
  duration_ms: 719.118717
  type: 'test'
  ...
# [nebula-aggregator] telemetria Nebula non configurata: uso valori di fallback
# [nebula-aggregator] telemetria generatore Nebula non configurata: uso valori di fallback
# [nebula-aggregator] telemetria orchestrator non configurata: nessun evento disponibile
# unknown format "uri" ignored in schema at path "\#/properties/share_url/anyOf/1"
# unknown format "uri" ignored in schema at path "\#/properties/share_url/anyOf/1"
# [jobs] caricato /app/data/core/jobs.yaml: 8 base + 4 expansion = 12 job
# [plugin-loader] 8 plugins loaded: narrative, meta, tutorial, jobs, forms, progression, mutations, lineage
# [auth] nessun provider configurato: gli endpoint non sono protetti
# [trait-effects] 500 trait attivi caricati da /app/data/core/traits/active_effects.yaml
# [fairness] cap_pt_max=1 caricato da /app/data/packs.yaml
# [vc-scoring] telemetry config caricato: 6 indici, 4 MBTI, 9 Ennea
# [ai-profiles] caricato /app/packs/evo_tactics_pack/data/balance/ai_profiles.yaml: 7 profile, utility_brain ON: [aggressive, aggressive_with_stickiness, aggressive_sticky_30, aggressive_commit_window]
# Subtest: recruit 400 on missing npc_id
ok 563 - recruit 400 on missing npc_id
  ---
  duration_ms: 651.906499
  type: 'test'
  ...
# [nebula-aggregator] telemetria Nebula non configurata: uso valori di fallback
# [nebula-aggregator] telemetria generatore Nebula non configurata: uso valori di fallback
# [nebula-aggregator] telemetria orchestrator non configurata: nessun evento disponibile
# Subtest: GET /api/meta/compat returns compat_forme shape
ok 564 - GET /api/meta/compat returns compat_forme shape
  ---
  duration_ms: 692.402757
  type: 'test'
  ...
# [nebula-aggregator] telemetria Nebula non configurata: uso valori di fallback
# [nebula-aggregator] telemetria generatore Nebula non configurata: uso valori di fallback
# [nebula-aggregator] telemetria orchestrator non configurata: nessun evento disponibile
# [prisma] client non disponibile, uso stub in memoria DATABASE_URL non configurato
# unknown format "uri" ignored in schema at path "\#/properties/share_url/anyOf/1"
# unknown format "uri" ignored in schema at path "\#/properties/share_url/anyOf/1"
# [jobs] caricato /app/data/core/jobs.yaml: 8 base + 4 expansion = 12 job
# [plugin-loader] 8 plugins loaded: narrative, meta, tutorial, jobs, forms, progression, mutations, lineage
# [auth] nessun provider configurato: gli endpoint non sono protetti
# [trait-effects] 500 trait attivi caricati da /app/data/core/traits/active_effects.yaml
# [fairness] cap_pt_max=1 caricato da /app/data/packs.yaml
# [vc-scoring] telemetry config caricato: 6 indici, 4 MBTI, 9 Ennea
# [ai-profiles] caricato /app/packs/evo_tactics_pack/data/balance/ai_profiles.yaml: 7 profile, utility_brain ON: [aggressive, aggressive_with_stickiness, aggressive_sticky_30, aggressive_commit_window]
# unknown format "uri" ignored in schema at path "\#/properties/share_url/anyOf/1"
# unknown format "uri" ignored in schema at path "\#/properties/share_url/anyOf/1"
# [jobs] caricato /app/data/core/jobs.yaml: 8 base + 4 expansion = 12 job
# [plugin-loader] 8 plugins loaded: narrative, meta, tutorial, jobs, forms, progression, mutations, lineage
# [auth] nessun provider configurato: gli endpoint non sono protetti
# [trait-effects] 500 trait attivi caricati da /app/data/core/traits/active_effects.yaml
# [fairness] cap_pt_max=1 caricato da /app/data/packs.yaml
# [vc-scoring] telemetry config caricato: 6 indici, 4 MBTI, 9 Ennea
# [ai-profiles] caricato /app/packs/evo_tactics_pack/data/balance/ai_profiles.yaml: 7 profile, utility_brain ON: [aggressive, aggressive_with_stickiness, aggressive_sticky_30, aggressive_commit_window]
# Subtest: GET /api/meta/npg returns npcs + nest shape
ok 565 - GET /api/meta/npg returns npcs + nest shape
  ---
  duration_ms: 2107.764127
  type: 'test'
  ...
# [nebula-aggregator] telemetria Nebula non configurata: uso valori di fallback
# [nebula-aggregator] telemetria generatore Nebula non configurata: uso valori di fallback
# [nebula-aggregator] telemetria orchestrator non configurata: nessun evento disponibile
# unknown format "uri" ignored in schema at path "\#/properties/share_url/anyOf/1"
# unknown format "uri" ignored in schema at path "\#/properties/share_url/anyOf/1"
# [jobs] caricato /app/data/core/jobs.yaml: 8 base + 4 expansion = 12 job
# [plugin-loader] 8 plugins loaded: narrative, meta, tutorial, jobs, forms, progression, mutations, lineage
# [auth] nessun provider configurato: gli endpoint non sono protetti
# [trait-effects] 500 trait attivi caricati da /app/data/core/traits/active_effects.yaml
# [fairness] cap_pt_max=1 caricato da /app/data/packs.yaml
# [vc-scoring] telemetry config caricato: 6 indici, 4 MBTI, 9 Ennea
# [ai-profiles] caricato /app/packs/evo_tactics_pack/data/balance/ai_profiles.yaml: 7 profile, utility_brain ON: [aggressive, aggressive_with_stickiness, aggressive_sticky_30, aggressive_commit_window]
# Subtest: POST /api/meta/affinity updates + returns can_recruit flag
ok 566 - POST /api/meta/affinity updates + returns can_recruit flag
  ---
  duration_ms: 684.800229
  type: 'test'
  ...
# [nebula-aggregator] telemetria Nebula non configurata: uso valori di fallback
# [nebula-aggregator] telemetria generatore Nebula non configurata: uso valori di fallback
# [nebula-aggregator] telemetria orchestrator non configurata: nessun evento disponibile
# unknown format "uri" ignored in schema at path "\#/properties/share_url/anyOf/1"
# unknown format "uri" ignored in schema at path "\#/properties/share_url/anyOf/1"
# [jobs] caricato /app/data/core/jobs.yaml: 8 base + 4 expansion = 12 job
# [plugin-loader] 8 plugins loaded: narrative, meta, tutorial, jobs, forms, progression, mutations, lineage
# [auth] nessun provider configurato: gli endpoint non sono protetti
# [trait-effects] 500 trait attivi caricati da /app/data/core/traits/active_effects.yaml
# [fairness] cap_pt_max=1 caricato da /app/data/packs.yaml
# [vc-scoring] telemetry config caricato: 6 indici, 4 MBTI, 9 Ennea
# [ai-profiles] caricato /app/packs/evo_tactics_pack/data/balance/ai_profiles.yaml: 7 profile, utility_brain ON: [aggressive, aggressive_with_stickiness, aggressive_sticky_30, aggressive_commit_window]
# Subtest: POST /api/meta/affinity 400 on missing body
ok 567 - POST /api/meta/affinity 400 on missing body
  ---
  duration_ms: 661.478027
  type: 'test'
  ...
# [nebula-aggregator] telemetria Nebula non configurata: uso valori di fallback
# [nebula-aggregator] telemetria generatore Nebula non configurata: uso valori di fallback
# [nebula-aggregator] telemetria orchestrator non configurata: nessun evento disponibile
# unknown format "uri" ignored in schema at path "\#/properties/share_url/anyOf/1"
# unknown format "uri" ignored in schema at path "\#/properties/share_url/anyOf/1"
# [jobs] caricato /app/data/core/jobs.yaml: 8 base + 4 expansion = 12 job
# [plugin-loader] 8 plugins loaded: narrative, meta, tutorial, jobs, forms, progression, mutations, lineage
# [auth] nessun provider configurato: gli endpoint non sono protetti
# [trait-effects] 500 trait attivi caricati da /app/data/core/traits/active_effects.yaml
# [fairness] cap_pt_max=1 caricato da /app/data/packs.yaml
# [vc-scoring] telemetry config caricato: 6 indici, 4 MBTI, 9 Ennea
# [ai-profiles] caricato /app/packs/evo_tactics_pack/data/balance/ai_profiles.yaml: 7 profile, utility_brain ON: [aggressive, aggressive_with_stickiness, aggressive_sticky_30, aggressive_commit_window]
# Subtest: recruit gate — denied until affinity>=0 AND trust>=2
ok 568 - recruit gate — denied until affinity>=0 AND trust>=2
  ---
  duration_ms: 620.201589
  type: 'test'
  ...
# [nebula-aggregator] telemetria Nebula non configurata: uso valori di fallback
# [nebula-aggregator] telemetria generatore Nebula non configurata: uso valori di fallback
# [nebula-aggregator] telemetria orchestrator non configurata: nessun evento disponibile
# unknown format "uri" ignored in schema at path "\#/properties/share_url/anyOf/1"
# unknown format "uri" ignored in schema at path "\#/properties/share_url/anyOf/1"
# [jobs] caricato /app/data/core/jobs.yaml: 8 base + 4 expansion = 12 job
# [plugin-loader] 8 plugins loaded: narrative, meta, tutorial, jobs, forms, progression, mutations, lineage
# [auth] nessun provider configurato: gli endpoint non sono protetti
# [trait-effects] 500 trait attivi caricati da /app/data/core/traits/active_effects.yaml
# [fairness] cap_pt_max=1 caricato da /app/data/packs.yaml
# [vc-scoring] telemetry config caricato: 6 indici, 4 MBTI, 9 Ennea
# [ai-profiles] caricato /app/packs/evo_tactics_pack/data/balance/ai_profiles.yaml: 7 profile, utility_brain ON: [aggressive, aggressive_with_stickiness, aggressive_sticky_30, aggressive_commit_window]
# Subtest: POST /api/meta/nest/setup + GET /api/meta/nest roundtrip
ok 569 - POST /api/meta/nest/setup + GET /api/meta/nest roundtrip
  ---
  duration_ms: 780.434559
  type: 'test'
  ...
# [nebula-aggregator] telemetria Nebula non configurata: uso valori di fallback
# [nebula-aggregator] telemetria generatore Nebula non configurata: uso valori di fallback
# [nebula-aggregator] telemetria orchestrator non configurata: nessun evento disponibile
# Subtest: POST /api/meta/mating 400 on missing party_member
ok 570 - POST /api/meta/mating 400 on missing party_member
  ---
  duration_ms: 694.170295
  type: 'test'
  ...
# Subtest: adapter mode falls back to in-memory when no DATABASE_URL
ok 571 - adapter mode falls back to in-memory when no DATABASE_URL
  ---
  duration_ms: 8.973983
  type: 'test'
  ...
# [nebula-aggregator] telemetria Nebula non configurata: uso valori di fallback
# [nebula-aggregator] telemetria generatore Nebula non configurata: uso valori di fallback
# [nebula-aggregator] telemetria orchestrator non configurata: nessun evento disponibile
# Subtest: tick: disabled policy returns skipped
ok 572 - tick: disabled policy returns skipped
  ---
  duration_ms: 5.739298
  type: 'test'
  ...
# Subtest: tick: no mission_timer on encounter returns skipped
ok 573 - tick: no mission_timer on encounter returns skipped
  ---
  duration_ms: 0.320721
  type: 'test'
  ...
# Subtest: tick: invalid turn_limit returns skipped
ok 574 - tick: invalid turn_limit returns skipped
  ---
  duration_ms: 0.255428
  type: 'test'
  ...
# Subtest: tick: initialization sets started_at_turn
ok 575 - tick: initialization sets started_at_turn
  ---
  duration_ms: 0.266517
  type: 'test'
  ...
# Subtest: tick: remaining_turns decreases with session.turn
ok 576 - tick: remaining_turns decreases with session.turn
  ---
  duration_ms: 0.305661
  type: 'test'
  ...
# Subtest: tick: warning fires exactly once per remaining value
ok 577 - tick: warning fires exactly once per remaining value
  ---
  duration_ms: 8.72689
  type: 'test'
  ...
# Subtest: tick: expire at turn_limit exceeded
ok 578 - tick: expire at turn_limit exceeded
  ---
  duration_ms: 0.426243
  type: 'test'
  ...
# Subtest: tick: expire twice returns already_expired skip
ok 579 - tick: expire twice returns already_expired skip
  ---
  duration_ms: 0.218826
  type: 'test'
  ...
# Subtest: tick: on_expire escalate_pressure emits side_effect delta
ok 580 - tick: on_expire escalate_pressure emits side_effect delta
  ---
  duration_ms: 0.563384
  type: 'test'
  ...
# Subtest: tick: on_expire spawn_wave emits side_effect extra_spawns
ok 581 - tick: on_expire spawn_wave emits side_effect extra_spawns
  ---
  duration_ms: 0.569077
  type: 'test'
  ...
# Subtest: peek: reports remaining without mutating state
ok 582 - peek: reports remaining without mutating state
  ---
  duration_ms: 0.335601
  type: 'test'
  ...
# Subtest: peek: returns null when disabled
ok 583 - peek: returns null when disabled
  ---
  duration_ms: 0.142634
  type: 'test'
  ...
# Subtest: inferOutcome: no timer → passthrough
ok 584 - inferOutcome: no timer → passthrough
  ---
  duration_ms: 5.905765
  type: 'test'
  ...
# Subtest: inferOutcome: expired + no declared → timeout
ok 585 - inferOutcome: expired + no declared → timeout
  ---
  duration_ms: 0.293127
  type: 'test'
  ...
# Subtest: inferOutcome: expired + victory declared → override to timeout
ok 586 - inferOutcome: expired + victory declared → override to timeout
  ---
  duration_ms: 6.781622
  type: 'test'
  ...
# Subtest: inferOutcome: expired + defeat declared → respect defeat (not overridden)
ok 587 - inferOutcome: expired + defeat declared → respect defeat (not overridden)
  ---
  duration_ms: 0.276218
  type: 'test'
  ...
# Subtest: inferOutcome: not expired → passthrough
ok 588 - inferOutcome: not expired → passthrough
  ---
  duration_ms: 0.272121
  type: 'test'
  ...
# Subtest: hudClass: disabled → hidden
ok 589 - hudClass: disabled → hidden
  ---
  duration_ms: 0.228735
  type: 'test'
  ...
# Subtest: hudClass: enabled + high remaining → mt-active (no warning)
ok 590 - hudClass: enabled + high remaining → mt-active (no warning)
  ---
  duration_ms: 0.314991
  type: 'test'
  ...
# Subtest: hudClass: remaining ≤ 3 → mt-warning
ok 591 - hudClass: remaining ≤ 3 → mt-warning
  ---
  duration_ms: 5.21639
  type: 'test'
  ...
# Subtest: hudClass: warning flag explicit → mt-warning even high remaining
ok 592 - hudClass: warning flag explicit → mt-warning even high remaining
  ---
  duration_ms: 0.559346
  type: 'test'
  ...
# Subtest: hudClass: expired stacks with warning
ok 593 - hudClass: expired stacks with warning
  ---
  duration_ms: 0.517744
  type: 'test'
  ...
# [prisma] client non disponibile, uso stub in memoria DATABASE_URL non configurato
# unknown format "uri" ignored in schema at path "\#/properties/share_url/anyOf/1"
# unknown format "uri" ignored in schema at path "\#/properties/share_url/anyOf/1"
# [jobs] caricato /app/data/core/jobs.yaml: 8 base + 4 expansion = 12 job
# [plugin-loader] 8 plugins loaded: narrative, meta, tutorial, jobs, forms, progression, mutations, lineage
# [auth] nessun provider configurato: gli endpoint non sono protetti
# [trait-effects] 500 trait attivi caricati da /app/data/core/traits/active_effects.yaml
# [fairness] cap_pt_max=1 caricato da /app/data/packs.yaml
# [vc-scoring] telemetry config caricato: 6 indici, 4 MBTI, 9 Ennea
# [ai-profiles] caricato /app/packs/evo_tactics_pack/data/balance/ai_profiles.yaml: 7 profile, utility_brain ON: [aggressive, aggressive_with_stickiness, aggressive_sticky_30, aggressive_commit_window]
# unknown format "uri" ignored in schema at path "\#/properties/share_url/anyOf/1"
# unknown format "uri" ignored in schema at path "\#/properties/share_url/anyOf/1"
# [jobs] caricato /app/data/core/jobs.yaml: 8 base + 4 expansion = 12 job
# [plugin-loader] 8 plugins loaded: narrative, meta, tutorial, jobs, forms, progression, mutations, lineage
# [auth] nessun provider configurato: gli endpoint non sono protetti
# [trait-effects] 500 trait attivi caricati da /app/data/core/traits/active_effects.yaml
# [fairness] cap_pt_max=1 caricato da /app/data/packs.yaml
# [vc-scoring] telemetry config caricato: 6 indici, 4 MBTI, 9 Ennea
# [ai-profiles] caricato /app/packs/evo_tactics_pack/data/balance/ai_profiles.yaml: 7 profile, utility_brain ON: [aggressive, aggressive_with_stickiness, aggressive_sticky_30, aggressive_commit_window]
# Subtest: GET /api/v1/mutations/registry returns 36 mutations + indexes
ok 594 - GET /api/v1/mutations/registry returns 36 mutations + indexes
  ---
  duration_ms: 1861.590851
  type: 'test'
  ...
# [nebula-aggregator] telemetria Nebula non configurata: uso valori di fallback
# [nebula-aggregator] telemetria generatore Nebula non configurata: uso valori di fallback
# [nebula-aggregator] telemetria orchestrator non configurata: nessun evento disponibile
# unknown format "uri" ignored in schema at path "\#/properties/share_url/anyOf/1"
# unknown format "uri" ignored in schema at path "\#/properties/share_url/anyOf/1"
# [jobs] caricato /app/data/core/jobs.yaml: 8 base + 4 expansion = 12 job
# [plugin-loader] 8 plugins loaded: narrative, meta, tutorial, jobs, forms, progression, mutations, lineage
# [auth] nessun provider configurato: gli endpoint non sono protetti
# [trait-effects] 500 trait attivi caricati da /app/data/core/traits/active_effects.yaml
# [fairness] cap_pt_max=1 caricato da /app/data/packs.yaml
# [vc-scoring] telemetry config caricato: 6 indici, 4 MBTI, 9 Ennea
# [ai-profiles] caricato /app/packs/evo_tactics_pack/data/balance/ai_profiles.yaml: 7 profile, utility_brain ON: [aggressive, aggressive_with_stickiness, aggressive_sticky_30, aggressive_commit_window]
# Subtest: GET /api/v1/mutations/:id returns single mutation 200, 404 for unknown
ok 595 - GET /api/v1/mutations/:id returns single mutation 200, 404 for unknown
  ---
  duration_ms: 663.455829
  type: 'test'
  ...
# [nebula-aggregator] telemetria Nebula non configurata: uso valori di fallback
# [nebula-aggregator] telemetria generatore Nebula non configurata: uso valori di fallback
# [nebula-aggregator] telemetria orchestrator non configurata: nessun evento disponibile
# unknown format "uri" ignored in schema at path "\#/properties/share_url/anyOf/1"
# unknown format "uri" ignored in schema at path "\#/properties/share_url/anyOf/1"
# [jobs] caricato /app/data/core/jobs.yaml: 8 base + 4 expansion = 12 job
# [plugin-loader] 8 plugins loaded: narrative, meta, tutorial, jobs, forms, progression, mutations, lineage
# [auth] nessun provider configurato: gli endpoint non sono protetti
# [trait-effects] 500 trait attivi caricati da /app/data/core/traits/active_effects.yaml
# [fairness] cap_pt_max=1 caricato da /app/data/packs.yaml
# [vc-scoring] telemetry config caricato: 6 indici, 4 MBTI, 9 Ennea
# [ai-profiles] caricato /app/packs/evo_tactics_pack/data/balance/ai_profiles.yaml: 7 profile, utility_brain ON: [aggressive, aggressive_with_stickiness, aggressive_sticky_30, aggressive_commit_window]
# Subtest: POST /api/v1/mutations/eligible filters by unit traits
ok 596 - POST /api/v1/mutations/eligible filters by unit traits
  ---
  duration_ms: 807.661802
  type: 'test'
  ...
# [nebula-aggregator] telemetria Nebula non configurata: uso valori di fallback
# [nebula-aggregator] telemetria generatore Nebula non configurata: uso valori di fallback
# [nebula-aggregator] telemetria orchestrator non configurata: nessun evento disponibile
# unknown format "uri" ignored in schema at path "\#/properties/share_url/anyOf/1"
# unknown format "uri" ignored in schema at path "\#/properties/share_url/anyOf/1"
# [jobs] caricato /app/data/core/jobs.yaml: 8 base + 4 expansion = 12 job
# [plugin-loader] 8 plugins loaded: narrative, meta, tutorial, jobs, forms, progression, mutations, lineage
# [auth] nessun provider configurato: gli endpoint non sono protetti
# [trait-effects] 500 trait attivi caricati da /app/data/core/traits/active_effects.yaml
# [fairness] cap_pt_max=1 caricato da /app/data/packs.yaml
# [vc-scoring] telemetry config caricato: 6 indici, 4 MBTI, 9 Ennea
# [ai-profiles] caricato /app/packs/evo_tactics_pack/data/balance/ai_profiles.yaml: 7 profile, utility_brain ON: [aggressive, aggressive_with_stickiness, aggressive_sticky_30, aggressive_commit_window]
# Subtest: POST /api/v1/mutations/apply mutates trait_ids + appends applied_mutations
ok 597 - POST /api/v1/mutations/apply mutates trait_ids + appends applied_mutations
  ---
  duration_ms: 1031.282739
  type: 'test'
  ...
# [nebula-aggregator] telemetria Nebula non configurata: uso valori di fallback
# [nebula-aggregator] telemetria generatore Nebula non configurata: uso valori di fallback
# [nebula-aggregator] telemetria orchestrator non configurata: nessun evento disponibile
# unknown format "uri" ignored in schema at path "\#/properties/share_url/anyOf/1"
# unknown format "uri" ignored in schema at path "\#/properties/share_url/anyOf/1"
# [jobs] caricato /app/data/core/jobs.yaml: 8 base + 4 expansion = 12 job
# [plugin-loader] 8 plugins loaded: narrative, meta, tutorial, jobs, forms, progression, mutations, lineage
# [auth] nessun provider configurato: gli endpoint non sono protetti
# [trait-effects] 500 trait attivi caricati da /app/data/core/traits/active_effects.yaml
# [fairness] cap_pt_max=1 caricato da /app/data/packs.yaml
# [vc-scoring] telemetry config caricato: 6 indici, 4 MBTI, 9 Ennea
# [ai-profiles] caricato /app/packs/evo_tactics_pack/data/balance/ai_profiles.yaml: 7 profile, utility_brain ON: [aggressive, aggressive_with_stickiness, aggressive_sticky_30, aggressive_commit_window]
# Subtest: POST /apply: slot-conflict detection (S1) → 409 with conflicting_mutation_id
ok 598 - POST /apply: slot-conflict detection (S1) → 409 with conflicting_mutation_id
  ---
  duration_ms: 1024.398569
  type: 'test'
  ...
# [nebula-aggregator] telemetria Nebula non configurata: uso valori di fallback
# [nebula-aggregator] telemetria generatore Nebula non configurata: uso valori di fallback
# [nebula-aggregator] telemetria orchestrator non configurata: nessun evento disponibile
# unknown format "uri" ignored in schema at path "\#/properties/share_url/anyOf/1"
# unknown format "uri" ignored in schema at path "\#/properties/share_url/anyOf/1"
# [jobs] caricato /app/data/core/jobs.yaml: 8 base + 4 expansion = 12 job
# [plugin-loader] 8 plugins loaded: narrative, meta, tutorial, jobs, forms, progression, mutations, lineage
# [auth] nessun provider configurato: gli endpoint non sono protetti
# [trait-effects] 500 trait attivi caricati da /app/data/core/traits/active_effects.yaml
# [fairness] cap_pt_max=1 caricato da /app/data/packs.yaml
# [vc-scoring] telemetry config caricato: 6 indici, 4 MBTI, 9 Ennea
# [ai-profiles] caricato /app/packs/evo_tactics_pack/data/balance/ai_profiles.yaml: 7 profile, utility_brain ON: [aggressive, aggressive_with_stickiness, aggressive_sticky_30, aggressive_commit_window]
# Subtest: POST /apply: insufficient_mp (S3) → 409 when unit.mp < mp_cost
ok 599 - POST /apply: insufficient_mp (S3) → 409 when unit.mp < mp_cost
  ---
  duration_ms: 938.524485
  type: 'test'
  ...
# [nebula-aggregator] telemetria Nebula non configurata: uso valori di fallback
# [nebula-aggregator] telemetria generatore Nebula non configurata: uso valori di fallback
# [nebula-aggregator] telemetria orchestrator non configurata: nessun evento disponibile
# unknown format "uri" ignored in schema at path "\#/properties/share_url/anyOf/1"
# unknown format "uri" ignored in schema at path "\#/properties/share_url/anyOf/1"
# [jobs] caricato /app/data/core/jobs.yaml: 8 base + 4 expansion = 12 job
# [plugin-loader] 8 plugins loaded: narrative, meta, tutorial, jobs, forms, progression, mutations, lineage
# [auth] nessun provider configurato: gli endpoint non sono protetti
# [trait-effects] 500 trait attivi caricati da /app/data/core/traits/active_effects.yaml
# [fairness] cap_pt_max=1 caricato da /app/data/packs.yaml
# [vc-scoring] telemetry config caricato: 6 indici, 4 MBTI, 9 Ennea
# [ai-profiles] caricato /app/packs/evo_tactics_pack/data/balance/ai_profiles.yaml: 7 profile, utility_brain ON: [aggressive, aggressive_with_stickiness, aggressive_sticky_30, aggressive_commit_window]
# Subtest: POST /apply: success deduct mp + emit mp_spent + bingo state
ok 600 - POST /apply: success deduct mp + emit mp_spent + bingo state
  ---
  duration_ms: 1311.979571
  type: 'test'
  ...
# [nebula-aggregator] telemetria Nebula non configurata: uso valori di fallback
# [nebula-aggregator] telemetria generatore Nebula non configurata: uso valori di fallback
# [nebula-aggregator] telemetria orchestrator non configurata: nessun evento disponibile
# unknown format "uri" ignored in schema at path "\#/properties/share_url/anyOf/1"
# unknown format "uri" ignored in schema at path "\#/properties/share_url/anyOf/1"
# [jobs] caricato /app/data/core/jobs.yaml: 8 base + 4 expansion = 12 job
# [plugin-loader] 8 plugins loaded: narrative, meta, tutorial, jobs, forms, progression, mutations, lineage
# [auth] nessun provider configurato: gli endpoint non sono protetti
# [trait-effects] 500 trait attivi caricati da /app/data/core/traits/active_effects.yaml
# [fairness] cap_pt_max=1 caricato da /app/data/packs.yaml
# [vc-scoring] telemetry config caricato: 6 indici, 4 MBTI, 9 Ennea
# [ai-profiles] caricato /app/packs/evo_tactics_pack/data/balance/ai_profiles.yaml: 7 profile, utility_brain ON: [aggressive, aggressive_with_stickiness, aggressive_sticky_30, aggressive_commit_window]
# Subtest: POST /apply: back-compat — unit senza .mp salta enforce e applica normalmente
ok 601 - POST /apply: back-compat — unit senza .mp salta enforce e applica normalmente
  ---
  duration_ms: 1241.806912
  type: 'test'
  ...
# [nebula-aggregator] telemetria Nebula non configurata: uso valori di fallback
# [nebula-aggregator] telemetria generatore Nebula non configurata: uso valori di fallback
# [nebula-aggregator] telemetria orchestrator non configurata: nessun evento disponibile
# Subtest: POST /bingo: returns counts + archetypes for unit
ok 602 - POST /bingo: returns counts + archetypes for unit
  ---
  duration_ms: 1076.306341
  type: 'test'
  ...
# [nebula-aggregator] telemetria Nebula non configurata: uso valori di fallback
# [nebula-aggregator] telemetria generatore Nebula non configurata: uso valori di fallback
# [nebula-aggregator] telemetria orchestrator non configurata: nessun evento disponibile
# [prisma] client non disponibile, uso stub in memoria DATABASE_URL non configurato
# unknown format "uri" ignored in schema at path "\#/properties/share_url/anyOf/1"
# unknown format "uri" ignored in schema at path "\#/properties/share_url/anyOf/1"
# [jobs] caricato /app/data/core/jobs.yaml: 8 base + 4 expansion = 12 job
# [plugin-loader] 8 plugins loaded: narrative, meta, tutorial, jobs, forms, progression, mutations, lineage
# [auth] nessun provider configurato: gli endpoint non sono protetti
# [trait-effects] 500 trait attivi caricati da /app/data/core/traits/active_effects.yaml
# [fairness] cap_pt_max=1 caricato da /app/data/packs.yaml
# [vc-scoring] telemetry config caricato: 6 indici, 4 MBTI, 9 Ennea
# [ai-profiles] caricato /app/packs/evo_tactics_pack/data/balance/ai_profiles.yaml: 7 profile, utility_brain ON: [aggressive, aggressive_with_stickiness, aggressive_sticky_30, aggressive_commit_window]
# unknown format "uri" ignored in schema at path "\#/properties/share_url/anyOf/1"
# unknown format "uri" ignored in schema at path "\#/properties/share_url/anyOf/1"
# [jobs] caricato /app/data/core/jobs.yaml: 8 base + 4 expansion = 12 job
# [plugin-loader] 8 plugins loaded: narrative, meta, tutorial, jobs, forms, progression, mutations, lineage
# [auth] nessun provider configurato: gli endpoint non sono protetti
# [trait-effects] 500 trait attivi caricati da /app/data/core/traits/active_effects.yaml
# [fairness] cap_pt_max=1 caricato da /app/data/packs.yaml
# [vc-scoring] telemetry config caricato: 6 indici, 4 MBTI, 9 Ennea
# [ai-profiles] caricato /app/packs/evo_tactics_pack/data/balance/ai_profiles.yaml: 7 profile, utility_brain ON: [aggressive, aggressive_with_stickiness, aggressive_sticky_30, aggressive_commit_window]
# Subtest: GET /api/v1/narrative/stories lists available stories
ok 603 - GET /api/v1/narrative/stories lists available stories
  ---
  duration_ms: 2387.324293
  type: 'test'
  ...
# unknown format "uri" ignored in schema at path "\#/properties/share_url/anyOf/1"
# unknown format "uri" ignored in schema at path "\#/properties/share_url/anyOf/1"
# [jobs] caricato /app/data/core/jobs.yaml: 8 base + 4 expansion = 12 job
# [plugin-loader] 8 plugins loaded: narrative, meta, tutorial, jobs, forms, progression, mutations, lineage
# [auth] nessun provider configurato: gli endpoint non sono protetti
# [trait-effects] 500 trait attivi caricati da /app/data/core/traits/active_effects.yaml
# [fairness] cap_pt_max=1 caricato da /app/data/packs.yaml
# [vc-scoring] telemetry config caricato: 6 indici, 4 MBTI, 9 Ennea
# [ai-profiles] caricato /app/packs/evo_tactics_pack/data/balance/ai_profiles.yaml: 7 profile, utility_brain ON: [aggressive, aggressive_with_stickiness, aggressive_sticky_30, aggressive_commit_window]
# Subtest: POST /api/v1/narrative/start loads briefing story
ok 604 - POST /api/v1/narrative/start loads briefing story
  ---
  duration_ms: 1164.637043
  type: 'test'
  ...
# unknown format "uri" ignored in schema at path "\#/properties/share_url/anyOf/1"
# unknown format "uri" ignored in schema at path "\#/properties/share_url/anyOf/1"
# [jobs] caricato /app/data/core/jobs.yaml: 8 base + 4 expansion = 12 job
# [plugin-loader] 8 plugins loaded: narrative, meta, tutorial, jobs, forms, progression, mutations, lineage
# [auth] nessun provider configurato: gli endpoint non sono protetti
# [trait-effects] 500 trait attivi caricati da /app/data/core/traits/active_effects.yaml
# [fairness] cap_pt_max=1 caricato da /app/data/packs.yaml
# [vc-scoring] telemetry config caricato: 6 indici, 4 MBTI, 9 Ennea
# [ai-profiles] caricato /app/packs/evo_tactics_pack/data/balance/ai_profiles.yaml: 7 profile, utility_brain ON: [aggressive, aggressive_with_stickiness, aggressive_sticky_30, aggressive_commit_window]
# Subtest: POST /api/v1/narrative/start without storyFile returns 400
ok 605 - POST /api/v1/narrative/start without storyFile returns 400
  ---
  duration_ms: 890.244045
  type: 'test'
  ...
# unknown format "uri" ignored in schema at path "\#/properties/share_url/anyOf/1"
# unknown format "uri" ignored in schema at path "\#/properties/share_url/anyOf/1"
# [jobs] caricato /app/data/core/jobs.yaml: 8 base + 4 expansion = 12 job
# [plugin-loader] 8 plugins loaded: narrative, meta, tutorial, jobs, forms, progression, mutations, lineage
# [auth] nessun provider configurato: gli endpoint non sono protetti
# [trait-effects] 500 trait attivi caricati da /app/data/core/traits/active_effects.yaml
# [fairness] cap_pt_max=1 caricato da /app/data/packs.yaml
# [vc-scoring] telemetry config caricato: 6 indici, 4 MBTI, 9 Ennea
# [ai-profiles] caricato /app/packs/evo_tactics_pack/data/balance/ai_profiles.yaml: 7 profile, utility_brain ON: [aggressive, aggressive_with_stickiness, aggressive_sticky_30, aggressive_commit_window]
# Subtest: POST /api/v1/narrative/choice advances story
ok 606 - POST /api/v1/narrative/choice advances story
  ---
  duration_ms: 1367.770249
  type: 'test'
  ...
# unknown format "uri" ignored in schema at path "\#/properties/share_url/anyOf/1"
# unknown format "uri" ignored in schema at path "\#/properties/share_url/anyOf/1"
# [jobs] caricato /app/data/core/jobs.yaml: 8 base + 4 expansion = 12 job
# [plugin-loader] 8 plugins loaded: narrative, meta, tutorial, jobs, forms, progression, mutations, lineage
# [auth] nessun provider configurato: gli endpoint non sono protetti
# [trait-effects] 500 trait attivi caricati da /app/data/core/traits/active_effects.yaml
# [fairness] cap_pt_max=1 caricato da /app/data/packs.yaml
# [vc-scoring] telemetry config caricato: 6 indici, 4 MBTI, 9 Ennea
# [ai-profiles] caricato /app/packs/evo_tactics_pack/data/balance/ai_profiles.yaml: 7 profile, utility_brain ON: [aggressive, aggressive_with_stickiness, aggressive_sticky_30, aggressive_commit_window]
# Subtest: POST /api/v1/narrative/choice with unknown storyId returns 404
ok 607 - POST /api/v1/narrative/choice with unknown storyId returns 404
  ---
  duration_ms: 1029.476913
  type: 'test'
  ...
# unknown format "uri" ignored in schema at path "\#/properties/share_url/anyOf/1"
# unknown format "uri" ignored in schema at path "\#/properties/share_url/anyOf/1"
# [jobs] caricato /app/data/core/jobs.yaml: 8 base + 4 expansion = 12 job
# [plugin-loader] 8 plugins loaded: narrative, meta, tutorial, jobs, forms, progression, mutations, lineage
# [auth] nessun provider configurato: gli endpoint non sono protetti
# [trait-effects] 500 trait attivi caricati da /app/data/core/traits/active_effects.yaml
# [fairness] cap_pt_max=1 caricato da /app/data/packs.yaml
# [vc-scoring] telemetry config caricato: 6 indici, 4 MBTI, 9 Ennea
# [ai-profiles] caricato /app/packs/evo_tactics_pack/data/balance/ai_profiles.yaml: 7 profile, utility_brain ON: [aggressive, aggressive_with_stickiness, aggressive_sticky_30, aggressive_commit_window]
# Subtest: POST /api/v1/narrative/save returns story state
ok 608 - POST /api/v1/narrative/save returns story state
  ---
  duration_ms: 1399.828782
  type: 'test'
  ...
# unknown format "uri" ignored in schema at path "\#/properties/share_url/anyOf/1"
# unknown format "uri" ignored in schema at path "\#/properties/share_url/anyOf/1"
# [jobs] caricato /app/data/core/jobs.yaml: 8 base + 4 expansion = 12 job
# [plugin-loader] 8 plugins loaded: narrative, meta, tutorial, jobs, forms, progression, mutations, lineage
# [auth] nessun provider configurato: gli endpoint non sono protetti
# [trait-effects] 500 trait attivi caricati da /app/data/core/traits/active_effects.yaml
# [fairness] cap_pt_max=1 caricato da /app/data/packs.yaml
# [vc-scoring] telemetry config caricato: 6 indici, 4 MBTI, 9 Ennea
# [ai-profiles] caricato /app/packs/evo_tactics_pack/data/balance/ai_profiles.yaml: 7 profile, utility_brain ON: [aggressive, aggressive_with_stickiness, aggressive_sticky_30, aggressive_commit_window]
# Subtest: POST /api/v1/narrative/start with sessionData binds external functions
ok 609 - POST /api/v1/narrative/start with sessionData binds external functions
  ---
  duration_ms: 1004.249744
  type: 'test'
  ...
# unknown format "uri" ignored in schema at path "\#/properties/share_url/anyOf/1"
# unknown format "uri" ignored in schema at path "\#/properties/share_url/anyOf/1"
# [jobs] caricato /app/data/core/jobs.yaml: 8 base + 4 expansion = 12 job
# [plugin-loader] 8 plugins loaded: narrative, meta, tutorial, jobs, forms, progression, mutations, lineage
# [auth] nessun provider configurato: gli endpoint non sono protetti
# [trait-effects] 500 trait attivi caricati da /app/data/core/traits/active_effects.yaml
# [fairness] cap_pt_max=1 caricato da /app/data/packs.yaml
# [vc-scoring] telemetry config caricato: 6 indici, 4 MBTI, 9 Ennea
# [ai-profiles] caricato /app/packs/evo_tactics_pack/data/balance/ai_profiles.yaml: 7 profile, utility_brain ON: [aggressive, aggressive_with_stickiness, aggressive_sticky_30, aggressive_commit_window]
# Subtest: narrative debrief story loads and runs
ok 610 - narrative debrief story loads and runs
  ---
  duration_ms: 702.973787
  type: 'test'
  ...
# Subtest: integration: tutorial briefing → combat round → debrief
ok 611 - integration: tutorial briefing → combat round → debrief
  ---
  duration_ms: 947.5481
  type: 'test'
  ...
# [prisma] client non disponibile, uso stub in memoria DATABASE_URL non configurato
# unknown format "uri" ignored in schema at path "\#/properties/share_url/anyOf/1"
# unknown format "uri" ignored in schema at path "\#/properties/share_url/anyOf/1"
# [jobs] caricato /app/data/core/jobs.yaml: 8 base + 4 expansion = 12 job
# [plugin-loader] 8 plugins loaded: narrative, meta, tutorial, jobs, forms, progression, mutations, lineage
# [auth] nessun provider configurato: gli endpoint non sono protetti
# [trait-effects] 500 trait attivi caricati da /app/data/core/traits/active_effects.yaml
# [fairness] cap_pt_max=1 caricato da /app/data/packs.yaml
# [vc-scoring] telemetry config caricato: 6 indici, 4 MBTI, 9 Ennea
# [ai-profiles] caricato /app/packs/evo_tactics_pack/data/balance/ai_profiles.yaml: 7 profile, utility_brain ON: [aggressive, aggressive_with_stickiness, aggressive_sticky_30, aggressive_commit_window]
# unknown format "uri" ignored in schema at path "\#/properties/share_url/anyOf/1"
# unknown format "uri" ignored in schema at path "\#/properties/share_url/anyOf/1"
# [jobs] caricato /app/data/core/jobs.yaml: 8 base + 4 expansion = 12 job
# [plugin-loader] 8 plugins loaded: narrative, meta, tutorial, jobs, forms, progression, mutations, lineage
# [auth] nessun provider configurato: gli endpoint non sono protetti
# [trait-effects] 500 trait attivi caricati da /app/data/core/traits/active_effects.yaml
# [fairness] cap_pt_max=1 caricato da /app/data/packs.yaml
# [vc-scoring] telemetry config caricato: 6 indici, 4 MBTI, 9 Ennea
# [ai-profiles] caricato /app/packs/evo_tactics_pack/data/balance/ai_profiles.yaml: 7 profile, utility_brain ON: [aggressive, aggressive_with_stickiness, aggressive_sticky_30, aggressive_commit_window]
# Subtest: POST /api/v1/narrative/briefing/drift — T_F > 0.65 → tech variant
ok 612 - POST /api/v1/narrative/briefing/drift — T_F > 0.65 → tech variant
  ---
  duration_ms: 2654.88915
  type: 'test'
  ...
# unknown format "uri" ignored in schema at path "\#/properties/share_url/anyOf/1"
# unknown format "uri" ignored in schema at path "\#/properties/share_url/anyOf/1"
# [jobs] caricato /app/data/core/jobs.yaml: 8 base + 4 expansion = 12 job
# [plugin-loader] 8 plugins loaded: narrative, meta, tutorial, jobs, forms, progression, mutations, lineage
# [auth] nessun provider configurato: gli endpoint non sono protetti
# [trait-effects] 500 trait attivi caricati da /app/data/core/traits/active_effects.yaml
# [fairness] cap_pt_max=1 caricato da /app/data/packs.yaml
# [vc-scoring] telemetry config caricato: 6 indici, 4 MBTI, 9 Ennea
# [ai-profiles] caricato /app/packs/evo_tactics_pack/data/balance/ai_profiles.yaml: 7 profile, utility_brain ON: [aggressive, aggressive_with_stickiness, aggressive_sticky_30, aggressive_commit_window]
# Subtest: POST /api/v1/narrative/briefing/drift — T_F < 0.35 → empatic variant
ok 613 - POST /api/v1/narrative/briefing/drift — T_F < 0.35 → empatic variant
  ---
  duration_ms: 1393.759225
  type: 'test'
  ...
# unknown format "uri" ignored in schema at path "\#/properties/share_url/anyOf/1"
# unknown format "uri" ignored in schema at path "\#/properties/share_url/anyOf/1"
# [jobs] caricato /app/data/core/jobs.yaml: 8 base + 4 expansion = 12 job
# [plugin-loader] 8 plugins loaded: narrative, meta, tutorial, jobs, forms, progression, mutations, lineage
# [auth] nessun provider configurato: gli endpoint non sono protetti
# [trait-effects] 500 trait attivi caricati da /app/data/core/traits/active_effects.yaml
# [fairness] cap_pt_max=1 caricato da /app/data/packs.yaml
# [vc-scoring] telemetry config caricato: 6 indici, 4 MBTI, 9 Ennea
# [ai-profiles] caricato /app/packs/evo_tactics_pack/data/balance/ai_profiles.yaml: 7 profile, utility_brain ON: [aggressive, aggressive_with_stickiness, aggressive_sticky_30, aggressive_commit_window]
# Subtest: POST /api/v1/narrative/briefing/drift — T_F mid-range → neutral variant
ok 614 - POST /api/v1/narrative/briefing/drift — T_F mid-range → neutral variant
  ---
  duration_ms: 1060.277365
  type: 'test'
  ...
# unknown format "uri" ignored in schema at path "\#/properties/share_url/anyOf/1"
# unknown format "uri" ignored in schema at path "\#/properties/share_url/anyOf/1"
# [jobs] caricato /app/data/core/jobs.yaml: 8 base + 4 expansion = 12 job
# [plugin-loader] 8 plugins loaded: narrative, meta, tutorial, jobs, forms, progression, mutations, lineage
# [auth] nessun provider configurato: gli endpoint non sono protetti
# [trait-effects] 500 trait attivi caricati da /app/data/core/traits/active_effects.yaml
# [fairness] cap_pt_max=1 caricato da /app/data/packs.yaml
# [vc-scoring] telemetry config caricato: 6 indici, 4 MBTI, 9 Ennea
# [ai-profiles] caricato /app/packs/evo_tactics_pack/data/balance/ai_profiles.yaml: 7 profile, utility_brain ON: [aggressive, aggressive_with_stickiness, aggressive_sticky_30, aggressive_commit_window]
# Subtest: POST /api/v1/narrative/briefing/drift — missing vc_snapshot → neutral fallback
ok 615 - POST /api/v1/narrative/briefing/drift — missing vc_snapshot → neutral fallback
  ---
  duration_ms: 983.904311
  type: 'test'
  ...
# unknown format "uri" ignored in schema at path "\#/properties/share_url/anyOf/1"
# unknown format "uri" ignored in schema at path "\#/properties/share_url/anyOf/1"
# [jobs] caricato /app/data/core/jobs.yaml: 8 base + 4 expansion = 12 job
# [plugin-loader] 8 plugins loaded: narrative, meta, tutorial, jobs, forms, progression, mutations, lineage
# [auth] nessun provider configurato: gli endpoint non sono protetti
# [trait-effects] 500 trait attivi caricati da /app/data/core/traits/active_effects.yaml
# [fairness] cap_pt_max=1 caricato da /app/data/packs.yaml
# [vc-scoring] telemetry config caricato: 6 indici, 4 MBTI, 9 Ennea
# [ai-profiles] caricato /app/packs/evo_tactics_pack/data/balance/ai_profiles.yaml: 7 profile, utility_brain ON: [aggressive, aggressive_with_stickiness, aggressive_sticky_30, aggressive_commit_window]
# Subtest: POST /api/v1/narrative/briefing/drift — missing scenario_id → 400
ok 616 - POST /api/v1/narrative/briefing/drift — missing scenario_id → 400
  ---
  duration_ms: 1098.949287
  type: 'test'
  ...
# unknown format "uri" ignored in schema at path "\#/properties/share_url/anyOf/1"
# unknown format "uri" ignored in schema at path "\#/properties/share_url/anyOf/1"
# [jobs] caricato /app/data/core/jobs.yaml: 8 base + 4 expansion = 12 job
# [plugin-loader] 8 plugins loaded: narrative, meta, tutorial, jobs, forms, progression, mutations, lineage
# [auth] nessun provider configurato: gli endpoint non sono protetti
# [trait-effects] 500 trait attivi caricati da /app/data/core/traits/active_effects.yaml
# [fairness] cap_pt_max=1 caricato da /app/data/packs.yaml
# [vc-scoring] telemetry config caricato: 6 indici, 4 MBTI, 9 Ennea
# [ai-profiles] caricato /app/packs/evo_tactics_pack/data/balance/ai_profiles.yaml: 7 profile, utility_brain ON: [aggressive, aggressive_with_stickiness, aggressive_sticky_30, aggressive_commit_window]
# Subtest: POST /api/v1/narrative/briefing/drift — unknown scenario → 404 (no fallback)
ok 617 - POST /api/v1/narrative/briefing/drift — unknown scenario → 404 (no fallback)
  ---
  duration_ms: 798.831342
  type: 'test'
  ...
# Subtest: POST /api/v1/narrative/briefing/drift — malformed vc_snapshot (array) → 400
ok 618 - POST /api/v1/narrative/briefing/drift — malformed vc_snapshot (array) → 400
  ---
  duration_ms: 881.784582
  type: 'test'
  ...
# Subtest: nestHub exports 5 canonical tab ids: squad / mating / mutations / lineage / codex
ok 619 - nestHub exports 5 canonical tab ids: squad / mating / mutations / lineage / codex
  ---
  duration_ms: 94.995828
  type: 'test'
  ...
# Subtest: filterSquadMembers returns only NPCs with recruited:true
ok 620 - filterSquadMembers returns only NPCs with recruited:true
  ---
  duration_ms: 0.521575
  type: 'test'
  ...
# Subtest: filterSquadMembers returns [] for non-array input
ok 621 - filterSquadMembers returns [] for non-array input
  ---
  duration_ms: 0.463369
  type: 'test'
  ...
# Subtest: filterMatingEligible: recruited + non-mated + cooldown<=0
ok 622 - filterMatingEligible: recruited + non-mated + cooldown<=0
  ---
  duration_ms: 0.963068
  type: 'test'
  ...
# Subtest: escapeHtml escapes &, <, >, "
ok 623 - escapeHtml escapes &, <, >, "
  ---
  duration_ms: 0.772618
  type: 'test'
  ...
# Subtest: switchTab guards against non-canonical tab ids (silent no-op)
ok 624 - switchTab guards against non-canonical tab ids (silent no-op)
  ---
  duration_ms: 0.939114
  type: 'test'
  ...
# [prisma] client non disponibile, uso stub in memoria DATABASE_URL non configurato
# unknown format "uri" ignored in schema at path "\#/properties/share_url/anyOf/1"
# unknown format "uri" ignored in schema at path "\#/properties/share_url/anyOf/1"
# [jobs] caricato /app/data/core/jobs.yaml: 8 base + 4 expansion = 12 job
# [plugin-loader] 8 plugins loaded: narrative, meta, tutorial, jobs, forms, progression, mutations, lineage
# [auth] nessun provider configurato: gli endpoint non sono protetti
# [trait-effects] 500 trait attivi caricati da /app/data/core/traits/active_effects.yaml
# [fairness] cap_pt_max=1 caricato da /app/data/packs.yaml
# [vc-scoring] telemetry config caricato: 6 indici, 4 MBTI, 9 Ennea
# [ai-profiles] caricato /app/packs/evo_tactics_pack/data/balance/ai_profiles.yaml: 7 profile, utility_brain ON: [aggressive, aggressive_with_stickiness, aggressive_sticky_30, aggressive_commit_window]
# unknown format "uri" ignored in schema at path "\#/properties/share_url/anyOf/1"
# unknown format "uri" ignored in schema at path "\#/properties/share_url/anyOf/1"
# [jobs] caricato /app/data/core/jobs.yaml: 8 base + 4 expansion = 12 job
# [plugin-loader] 8 plugins loaded: narrative, meta, tutorial, jobs, forms, progression, mutations, lineage
# [auth] nessun provider configurato: gli endpoint non sono protetti
# [trait-effects] 500 trait attivi caricati da /app/data/core/traits/active_effects.yaml
# [fairness] cap_pt_max=1 caricato da /app/data/packs.yaml
# [vc-scoring] telemetry config caricato: 6 indici, 4 MBTI, 9 Ennea
# [ai-profiles] caricato /app/packs/evo_tactics_pack/data/balance/ai_profiles.yaml: 7 profile, utility_brain ON: [aggressive, aggressive_with_stickiness, aggressive_sticky_30, aggressive_commit_window]
# Subtest: E2E: cross-encounter lineage chain preserved across 2 encounters
ok 625 - E2E: cross-encounter lineage chain preserved across 2 encounters
  ---
  duration_ms: 1680.410451
  type: 'test'
  ...
# [nebula-aggregator] telemetria Nebula non configurata: uso valori di fallback
# [nebula-aggregator] telemetria generatore Nebula non configurata: uso valori di fallback
# [nebula-aggregator] telemetria orchestrator non configurata: nessun evento disponibile
# unknown format "uri" ignored in schema at path "\#/properties/share_url/anyOf/1"
# unknown format "uri" ignored in schema at path "\#/properties/share_url/anyOf/1"
# [jobs] caricato /app/data/core/jobs.yaml: 8 base + 4 expansion = 12 job
# [plugin-loader] 8 plugins loaded: narrative, meta, tutorial, jobs, forms, progression, mutations, lineage
# [auth] nessun provider configurato: gli endpoint non sono protetti
# [trait-effects] 500 trait attivi caricati da /app/data/core/traits/active_effects.yaml
# [fairness] cap_pt_max=1 caricato da /app/data/packs.yaml
# [vc-scoring] telemetry config caricato: 6 indici, 4 MBTI, 9 Ennea
# [ai-profiles] caricato /app/packs/evo_tactics_pack/data/balance/ai_profiles.yaml: 7 profile, utility_brain ON: [aggressive, aggressive_with_stickiness, aggressive_sticky_30, aggressive_commit_window]
# Subtest: E2E: divergent chains — 2 separate lineage IDs
ok 626 - E2E: divergent chains — 2 separate lineage IDs
  ---
  duration_ms: 931.99535
  type: 'test'
  ...
# Subtest: E2E: trait_inherited propagation parentA + parentB union dedup max 6
ok 627 - E2E: trait_inherited propagation parentA + parentB union dedup max 6
  ---
  duration_ms: 776.350177
  type: 'test'
  ...
# [nebula-aggregator] telemetria Nebula non configurata: uso valori di fallback
# [nebula-aggregator] telemetria generatore Nebula non configurata: uso valori di fallback
# [nebula-aggregator] telemetria orchestrator non configurata: nessun evento disponibile
# [nebula-aggregator] telemetria Nebula non configurata: uso valori di fallback
# [nebula-aggregator] telemetria generatore Nebula non configurata: uso valori di fallback
# [nebula-aggregator] telemetria orchestrator non configurata: nessun evento disponibile
# [prisma] client non disponibile, uso stub in memoria DATABASE_URL non configurato
# unknown format "uri" ignored in schema at path "\#/properties/share_url/anyOf/1"
# unknown format "uri" ignored in schema at path "\#/properties/share_url/anyOf/1"
# [jobs] caricato /app/data/core/jobs.yaml: 8 base + 4 expansion = 12 job
# [plugin-loader] 8 plugins loaded: narrative, meta, tutorial, jobs, forms, progression, mutations, lineage
# [auth] nessun provider configurato: gli endpoint non sono protetti
# [trait-effects] 500 trait attivi caricati da /app/data/core/traits/active_effects.yaml
# [fairness] cap_pt_max=1 caricato da /app/data/packs.yaml
# [vc-scoring] telemetry config caricato: 6 indici, 4 MBTI, 9 Ennea
# [ai-profiles] caricato /app/packs/evo_tactics_pack/data/balance/ai_profiles.yaml: 7 profile, utility_brain ON: [aggressive, aggressive_with_stickiness, aggressive_sticky_30, aggressive_commit_window]
# unknown format "uri" ignored in schema at path "\#/properties/share_url/anyOf/1"
# unknown format "uri" ignored in schema at path "\#/properties/share_url/anyOf/1"
# [jobs] caricato /app/data/core/jobs.yaml: 8 base + 4 expansion = 12 job
# [plugin-loader] 8 plugins loaded: narrative, meta, tutorial, jobs, forms, progression, mutations, lineage
# [auth] nessun provider configurato: gli endpoint non sono protetti
# [trait-effects] 500 trait attivi caricati da /app/data/core/traits/active_effects.yaml
# [fairness] cap_pt_max=1 caricato da /app/data/packs.yaml
# [vc-scoring] telemetry config caricato: 6 indici, 4 MBTI, 9 Ennea
# [ai-profiles] caricato /app/packs/evo_tactics_pack/data/balance/ai_profiles.yaml: 7 profile, utility_brain ON: [aggressive, aggressive_with_stickiness, aggressive_sticky_30, aggressive_commit_window]
# Subtest: POST /api/v1/lineage/offspring-ritual creates offspring (201)
ok 628 - POST /api/v1/lineage/offspring-ritual creates offspring (201)
  ---
  duration_ms: 1585.6916
  type: 'test'
  ...
# [nebula-aggregator] telemetria Nebula non configurata: uso valori di fallback
# [nebula-aggregator] telemetria generatore Nebula non configurata: uso valori di fallback
# [nebula-aggregator] telemetria orchestrator non configurata: nessun evento disponibile
# unknown format "uri" ignored in schema at path "\#/properties/share_url/anyOf/1"
# unknown format "uri" ignored in schema at path "\#/properties/share_url/anyOf/1"
# [jobs] caricato /app/data/core/jobs.yaml: 8 base + 4 expansion = 12 job
# [plugin-loader] 8 plugins loaded: narrative, meta, tutorial, jobs, forms, progression, mutations, lineage
# [auth] nessun provider configurato: gli endpoint non sono protetti
# [trait-effects] 500 trait attivi caricati da /app/data/core/traits/active_effects.yaml
# [fairness] cap_pt_max=1 caricato da /app/data/packs.yaml
# [vc-scoring] telemetry config caricato: 6 indici, 4 MBTI, 9 Ennea
# [ai-profiles] caricato /app/packs/evo_tactics_pack/data/balance/ai_profiles.yaml: 7 profile, utility_brain ON: [aggressive, aggressive_with_stickiness, aggressive_sticky_30, aggressive_commit_window]
# Subtest: POST /offspring-ritual missing parent_a_id → 400
ok 629 - POST /offspring-ritual missing parent_a_id → 400
  ---
  duration_ms: 979.483135
  type: 'test'
  ...
# unknown format "uri" ignored in schema at path "\#/properties/share_url/anyOf/1"
# unknown format "uri" ignored in schema at path "\#/properties/share_url/anyOf/1"
# [jobs] caricato /app/data/core/jobs.yaml: 8 base + 4 expansion = 12 job
# [plugin-loader] 8 plugins loaded: narrative, meta, tutorial, jobs, forms, progression, mutations, lineage
# [auth] nessun provider configurato: gli endpoint non sono protetti
# [trait-effects] 500 trait attivi caricati da /app/data/core/traits/active_effects.yaml
# [fairness] cap_pt_max=1 caricato da /app/data/packs.yaml
# [vc-scoring] telemetry config caricato: 6 indici, 4 MBTI, 9 Ennea
# [ai-profiles] caricato /app/packs/evo_tactics_pack/data/balance/ai_profiles.yaml: 7 profile, utility_brain ON: [aggressive, aggressive_with_stickiness, aggressive_sticky_30, aggressive_commit_window]
# Subtest: POST /offspring-ritual same parent_a_id and parent_b_id → 400
ok 630 - POST /offspring-ritual same parent_a_id and parent_b_id → 400
  ---
  duration_ms: 839.806471
  type: 'test'
  ...
# [nebula-aggregator] telemetria Nebula non configurata: uso valori di fallback
# [nebula-aggregator] telemetria generatore Nebula non configurata: uso valori di fallback
# [nebula-aggregator] telemetria orchestrator non configurata: nessun evento disponibile
# unknown format "uri" ignored in schema at path "\#/properties/share_url/anyOf/1"
# unknown format "uri" ignored in schema at path "\#/properties/share_url/anyOf/1"
# [jobs] caricato /app/data/core/jobs.yaml: 8 base + 4 expansion = 12 job
# [plugin-loader] 8 plugins loaded: narrative, meta, tutorial, jobs, forms, progression, mutations, lineage
# [auth] nessun provider configurato: gli endpoint non sono protetti
# [trait-effects] 500 trait attivi caricati da /app/data/core/traits/active_effects.yaml
# [fairness] cap_pt_max=1 caricato da /app/data/packs.yaml
# [vc-scoring] telemetry config caricato: 6 indici, 4 MBTI, 9 Ennea
# [ai-profiles] caricato /app/packs/evo_tactics_pack/data/balance/ai_profiles.yaml: 7 profile, utility_brain ON: [aggressive, aggressive_with_stickiness, aggressive_sticky_30, aggressive_commit_window]
# Subtest: POST /offspring-ritual unknown mutation → 400
ok 631 - POST /offspring-ritual unknown mutation → 400
  ---
  duration_ms: 895.942724
  type: 'test'
  ...
# [nebula-aggregator] telemetria Nebula non configurata: uso valori di fallback
# [nebula-aggregator] telemetria generatore Nebula non configurata: uso valori di fallback
# [nebula-aggregator] telemetria orchestrator non configurata: nessun evento disponibile
# [nebula-aggregator] telemetria Nebula non configurata: uso valori di fallback
# [nebula-aggregator] telemetria generatore Nebula non configurata: uso valori di fallback
# [nebula-aggregator] telemetria orchestrator non configurata: nessun evento disponibile
# unknown format "uri" ignored in schema at path "\#/properties/share_url/anyOf/1"
# unknown format "uri" ignored in schema at path "\#/properties/share_url/anyOf/1"
# [jobs] caricato /app/data/core/jobs.yaml: 8 base + 4 expansion = 12 job
# [plugin-loader] 8 plugins loaded: narrative, meta, tutorial, jobs, forms, progression, mutations, lineage
# [auth] nessun provider configurato: gli endpoint non sono protetti
# [trait-effects] 500 trait attivi caricati da /app/data/core/traits/active_effects.yaml
# [fairness] cap_pt_max=1 caricato da /app/data/packs.yaml
# [vc-scoring] telemetry config caricato: 6 indici, 4 MBTI, 9 Ennea
# [ai-profiles] caricato /app/packs/evo_tactics_pack/data/balance/ai_profiles.yaml: 7 profile, utility_brain ON: [aggressive, aggressive_with_stickiness, aggressive_sticky_30, aggressive_commit_window]
# Subtest: POST /offspring-ritual mutations.length > 3 → 400
ok 632 - POST /offspring-ritual mutations.length > 3 → 400
  ---
  duration_ms: 1117.128765
  type: 'test'
  ...
# [nebula-aggregator] telemetria Nebula non configurata: uso valori di fallback
# [nebula-aggregator] telemetria generatore Nebula non configurata: uso valori di fallback
# [nebula-aggregator] telemetria orchestrator non configurata: nessun evento disponibile
# unknown format "uri" ignored in schema at path "\#/properties/share_url/anyOf/1"
# unknown format "uri" ignored in schema at path "\#/properties/share_url/anyOf/1"
# [jobs] caricato /app/data/core/jobs.yaml: 8 base + 4 expansion = 12 job
# [plugin-loader] 8 plugins loaded: narrative, meta, tutorial, jobs, forms, progression, mutations, lineage
# [auth] nessun provider configurato: gli endpoint non sono protetti
# [trait-effects] 500 trait attivi caricati da /app/data/core/traits/active_effects.yaml
# [fairness] cap_pt_max=1 caricato da /app/data/packs.yaml
# [vc-scoring] telemetry config caricato: 6 indici, 4 MBTI, 9 Ennea
# [ai-profiles] caricato /app/packs/evo_tactics_pack/data/balance/ai_profiles.yaml: 7 profile, utility_brain ON: [aggressive, aggressive_with_stickiness, aggressive_sticky_30, aggressive_commit_window]
# Subtest: GET /chain/:lineage_id returns offspring chain ordered born_at ASC
ok 633 - GET /chain/:lineage_id returns offspring chain ordered born_at ASC
  ---
  duration_ms: 1022.409695
  type: 'test'
  ...
# [nebula-aggregator] telemetria Nebula non configurata: uso valori di fallback
# [nebula-aggregator] telemetria generatore Nebula non configurata: uso valori di fallback
# [nebula-aggregator] telemetria orchestrator non configurata: nessun evento disponibile
# unknown format "uri" ignored in schema at path "\#/properties/share_url/anyOf/1"
# unknown format "uri" ignored in schema at path "\#/properties/share_url/anyOf/1"
# [jobs] caricato /app/data/core/jobs.yaml: 8 base + 4 expansion = 12 job
# [plugin-loader] 8 plugins loaded: narrative, meta, tutorial, jobs, forms, progression, mutations, lineage
# [auth] nessun provider configurato: gli endpoint non sono protetti
# [trait-effects] 500 trait attivi caricati da /app/data/core/traits/active_effects.yaml
# [fairness] cap_pt_max=1 caricato da /app/data/packs.yaml
# [vc-scoring] telemetry config caricato: 6 indici, 4 MBTI, 9 Ennea
# [ai-profiles] caricato /app/packs/evo_tactics_pack/data/balance/ai_profiles.yaml: 7 profile, utility_brain ON: [aggressive, aggressive_with_stickiness, aggressive_sticky_30, aggressive_commit_window]
# Subtest: GET /chain/:lineage_id unknown returns 404
ok 634 - GET /chain/:lineage_id unknown returns 404
  ---
  duration_ms: 990.078243
  type: 'test'
  ...
# [nebula-aggregator] telemetria Nebula non configurata: uso valori di fallback
# [nebula-aggregator] telemetria generatore Nebula non configurata: uso valori di fallback
# [nebula-aggregator] telemetria orchestrator non configurata: nessun evento disponibile
# Subtest: GET /mutations/canonical returns 6-canonical list
ok 635 - GET /mutations/canonical returns 6-canonical list
  ---
  duration_ms: 1092.109247
  type: 'test'
  ...
# [nebula-aggregator] telemetria Nebula non configurata: uso valori di fallback
# [nebula-aggregator] telemetria generatore Nebula non configurata: uso valori di fallback
# [nebula-aggregator] telemetria orchestrator non configurata: nessun evento disponibile
# Subtest: loadPacks parses data/packs.yaml with pi_shop + forms + job_bias
ok 636 - loadPacks parses data/packs.yaml with pi_shop + forms + job_bias
  ---
  duration_ms: 21.04426
  type: 'test'
  ...
# Subtest: seededRng produces deterministic sequence
ok 637 - seededRng produces deterministic sequence
  ---
  duration_ms: 0.310247
  type: 'test'
  ...
# Subtest: rollGeneralD20 returns entry matching d20 range
ok 638 - rollGeneralD20 returns entry matching d20 range
  ---
  duration_ms: 0.479689
  type: 'test'
  ...
# Subtest: rollFormD12 returns INTJ branch with combo from bias_d12
ok 639 - rollFormD12 returns INTJ branch with combo from bias_d12
  ---
  duration_ms: 0.470382
  type: 'test'
  ...
# Subtest: rollFormD12 returns null for unknown form
ok 640 - rollFormD12 returns null for unknown form
  ---
  duration_ms: 0.241382
  type: 'test'
  ...
# Subtest: computeComboCost sums pi_shop.costs, ignoring PE rewards
ok 641 - computeComboCost sums pi_shop.costs, ignoring PE rewards
  ---
  duration_ms: 0.276881
  type: 'test'
  ...
# Subtest: computeComboCost handles colon-prefixed tokens (trait_T1:pianificatore)
ok 642 - computeComboCost handles colon-prefixed tokens (trait_T1:pianificatore)
  ---
  duration_ms: 0.167351
  type: 'test'
  ...
# Subtest: rollPack deterministic on same seed
ok 643 - rollPack deterministic on same seed
  ---
  duration_ms: 1.46288
  type: 'test'
  ...
# Subtest: rollPack returns BIAS_FORMA resolution when d20 in 16-17 range
ok 644 - rollPack returns BIAS_FORMA resolution when d20 in 16-17 range
  ---
  duration_ms: 1.081639
  type: 'test'
  ...
# Subtest: rollPack returns SCELTA flag when d20=20
ok 645 - rollPack returns SCELTA flag when d20=20
  ---
  duration_ms: 0.969736
  type: 'test'
  ...
# Subtest: rollPack returns error when BIAS_FORMA hit but no formId supplied
ok 646 - rollPack returns error when BIAS_FORMA hit but no formId supplied
  ---
  duration_ms: 0.412401
  type: 'test'
  ...
# [prisma] client non disponibile, uso stub in memoria DATABASE_URL non configurato
# unknown format "uri" ignored in schema at path "\#/properties/share_url/anyOf/1"
# unknown format "uri" ignored in schema at path "\#/properties/share_url/anyOf/1"
# [jobs] caricato /app/data/core/jobs.yaml: 8 base + 4 expansion = 12 job
# [plugin-loader] 8 plugins loaded: narrative, meta, tutorial, jobs, forms, progression, mutations, lineage
# [auth] nessun provider configurato: gli endpoint non sono protetti
# [trait-effects] 500 trait attivi caricati da /app/data/core/traits/active_effects.yaml
# [fairness] cap_pt_max=1 caricato da /app/data/packs.yaml
# [vc-scoring] telemetry config caricato: 6 indici, 4 MBTI, 9 Ennea
# [ai-profiles] caricato /app/packs/evo_tactics_pack/data/balance/ai_profiles.yaml: 7 profile, utility_brain ON: [aggressive, aggressive_with_stickiness, aggressive_sticky_30, aggressive_commit_window]
# unknown format "uri" ignored in schema at path "\#/properties/share_url/anyOf/1"
# unknown format "uri" ignored in schema at path "\#/properties/share_url/anyOf/1"
# [jobs] caricato /app/data/core/jobs.yaml: 8 base + 4 expansion = 12 job
# [plugin-loader] 8 plugins loaded: narrative, meta, tutorial, jobs, forms, progression, mutations, lineage
# [auth] nessun provider configurato: gli endpoint non sono protetti
# [trait-effects] 500 trait attivi caricati da /app/data/core/traits/active_effects.yaml
# [fairness] cap_pt_max=1 caricato da /app/data/packs.yaml
# [vc-scoring] telemetry config caricato: 6 indici, 4 MBTI, 9 Ennea
# [ai-profiles] caricato /app/packs/evo_tactics_pack/data/balance/ai_profiles.yaml: 7 profile, utility_brain ON: [aggressive, aggressive_with_stickiness, aggressive_sticky_30, aggressive_commit_window]
# Subtest: GET /api/party/config returns party config
ok 647 - GET /api/party/config returns party config
  ---
  duration_ms: 2675.672753
  type: 'test'
  ...
# unknown format "uri" ignored in schema at path "\#/properties/share_url/anyOf/1"
# unknown format "uri" ignored in schema at path "\#/properties/share_url/anyOf/1"
# [jobs] caricato /app/data/core/jobs.yaml: 8 base + 4 expansion = 12 job
# [plugin-loader] 8 plugins loaded: narrative, meta, tutorial, jobs, forms, progression, mutations, lineage
# [auth] nessun provider configurato: gli endpoint non sono protetti
# [trait-effects] 500 trait attivi caricati da /app/data/core/traits/active_effects.yaml
# [fairness] cap_pt_max=1 caricato da /app/data/packs.yaml
# [vc-scoring] telemetry config caricato: 6 indici, 4 MBTI, 9 Ennea
# [ai-profiles] caricato /app/packs/evo_tactics_pack/data/balance/ai_profiles.yaml: 7 profile, utility_brain ON: [aggressive, aggressive_with_stickiness, aggressive_sticky_30, aggressive_commit_window]
# Subtest: GET /api/party/modulations returns 11 presets
ok 648 - GET /api/party/modulations returns 11 presets
  ---
  duration_ms: 1231.675684
  type: 'test'
  ...
# [nebula-aggregator] telemetria Nebula non configurata: uso valori di fallback
# [nebula-aggregator] telemetria generatore Nebula non configurata: uso valori di fallback
# [nebula-aggregator] telemetria orchestrator non configurata: nessun evento disponibile
# [nebula-aggregator] telemetria Nebula non configurata: uso valori di fallback
# [nebula-aggregator] telemetria generatore Nebula non configurata: uso valori di fallback
# [nebula-aggregator] telemetria orchestrator non configurata: nessun evento disponibile
# unknown format "uri" ignored in schema at path "\#/properties/share_url/anyOf/1"
# unknown format "uri" ignored in schema at path "\#/properties/share_url/anyOf/1"
# [jobs] caricato /app/data/core/jobs.yaml: 8 base + 4 expansion = 12 job
# [plugin-loader] 8 plugins loaded: narrative, meta, tutorial, jobs, forms, progression, mutations, lineage
# [auth] nessun provider configurato: gli endpoint non sono protetti
# [trait-effects] 500 trait attivi caricati da /app/data/core/traits/active_effects.yaml
# [fairness] cap_pt_max=1 caricato da /app/data/packs.yaml
# [vc-scoring] telemetry config caricato: 6 indici, 4 MBTI, 9 Ennea
# [ai-profiles] caricato /app/packs/evo_tactics_pack/data/balance/ai_profiles.yaml: 7 profile, utility_brain ON: [aggressive, aggressive_with_stickiness, aggressive_sticky_30, aggressive_commit_window]
# Subtest: GET /api/party/modulations/:id returns preset + grid_size
ok 649 - GET /api/party/modulations/:id returns preset + grid_size
  ---
  duration_ms: 1283.862462
  type: 'test'
  ...
# [nebula-aggregator] telemetria Nebula non configurata: uso valori di fallback
# [nebula-aggregator] telemetria generatore Nebula non configurata: uso valori di fallback
# [nebula-aggregator] telemetria orchestrator non configurata: nessun evento disponibile
# unknown format "uri" ignored in schema at path "\#/properties/share_url/anyOf/1"
# unknown format "uri" ignored in schema at path "\#/properties/share_url/anyOf/1"
# [jobs] caricato /app/data/core/jobs.yaml: 8 base + 4 expansion = 12 job
# [plugin-loader] 8 plugins loaded: narrative, meta, tutorial, jobs, forms, progression, mutations, lineage
# [auth] nessun provider configurato: gli endpoint non sono protetti
# [trait-effects] 500 trait attivi caricati da /app/data/core/traits/active_effects.yaml
# [fairness] cap_pt_max=1 caricato da /app/data/packs.yaml
# [vc-scoring] telemetry config caricato: 6 indici, 4 MBTI, 9 Ennea
# [ai-profiles] caricato /app/packs/evo_tactics_pack/data/balance/ai_profiles.yaml: 7 profile, utility_brain ON: [aggressive, aggressive_with_stickiness, aggressive_sticky_30, aggressive_commit_window]
# Subtest: GET /api/party/modulations/:id 404 on unknown
ok 650 - GET /api/party/modulations/:id 404 on unknown
  ---
  duration_ms: 1084.15763
  type: 'test'
  ...
# [nebula-aggregator] telemetria Nebula non configurata: uso valori di fallback
# [nebula-aggregator] telemetria generatore Nebula non configurata: uso valori di fallback
# [nebula-aggregator] telemetria orchestrator non configurata: nessun evento disponibile
# unknown format "uri" ignored in schema at path "\#/properties/share_url/anyOf/1"
# unknown format "uri" ignored in schema at path "\#/properties/share_url/anyOf/1"
# [jobs] caricato /app/data/core/jobs.yaml: 8 base + 4 expansion = 12 job
# [plugin-loader] 8 plugins loaded: narrative, meta, tutorial, jobs, forms, progression, mutations, lineage
# [auth] nessun provider configurato: gli endpoint non sono protetti
# [trait-effects] 500 trait attivi caricati da /app/data/core/traits/active_effects.yaml
# [fairness] cap_pt_max=1 caricato da /app/data/packs.yaml
# [vc-scoring] telemetry config caricato: 6 indici, 4 MBTI, 9 Ennea
# [ai-profiles] caricato /app/packs/evo_tactics_pack/data/balance/ai_profiles.yaml: 7 profile, utility_brain ON: [aggressive, aggressive_with_stickiness, aggressive_sticky_30, aggressive_commit_window]
# Subtest: GET /api/party/grid-size?deployed=N maps to scaling tiers
ok 651 - GET /api/party/grid-size?deployed=N maps to scaling tiers
  ---
  duration_ms: 1227.864298
  type: 'test'
  ...
# [nebula-aggregator] telemetria Nebula non configurata: uso valori di fallback
# [nebula-aggregator] telemetria generatore Nebula non configurata: uso valori di fallback
# [nebula-aggregator] telemetria orchestrator non configurata: nessun evento disponibile
# unknown format "uri" ignored in schema at path "\#/properties/share_url/anyOf/1"
# unknown format "uri" ignored in schema at path "\#/properties/share_url/anyOf/1"
# [jobs] caricato /app/data/core/jobs.yaml: 8 base + 4 expansion = 12 job
# [plugin-loader] 8 plugins loaded: narrative, meta, tutorial, jobs, forms, progression, mutations, lineage
# [auth] nessun provider configurato: gli endpoint non sono protetti
# [trait-effects] 500 trait attivi caricati da /app/data/core/traits/active_effects.yaml
# [fairness] cap_pt_max=1 caricato da /app/data/packs.yaml
# [vc-scoring] telemetry config caricato: 6 indici, 4 MBTI, 9 Ennea
# [ai-profiles] caricato /app/packs/evo_tactics_pack/data/balance/ai_profiles.yaml: 7 profile, utility_brain ON: [aggressive, aggressive_with_stickiness, aggressive_sticky_30, aggressive_commit_window]
# Subtest: POST /api/session/start with modulation scales grid
ok 652 - POST /api/session/start with modulation scales grid
  ---
  duration_ms: 1109.596418
  type: 'test'
  ...
# [nebula-aggregator] telemetria Nebula non configurata: uso valori di fallback
# [nebula-aggregator] telemetria generatore Nebula non configurata: uso valori di fallback
# [nebula-aggregator] telemetria orchestrator non configurata: nessun evento disponibile
# Subtest: POST /api/session/start without modulation defaults grid to player count
ok 653 - POST /api/session/start without modulation defaults grid to player count
  ---
  duration_ms: 873.601741
  type: 'test'
  ...
# [nebula-aggregator] telemetria Nebula non configurata: uso valori di fallback
# [nebula-aggregator] telemetria generatore Nebula non configurata: uso valori di fallback
# [nebula-aggregator] telemetria orchestrator non configurata: nessun evento disponibile
# Subtest: Phase B3 — _mergeJobBias helper
    # Subtest: returns base reward when cfg has no job_archetype_bias
    ok 1 - returns base reward when cfg has no job_archetype_bias
      ---
      duration_ms: 24.754142
      type: 'test'
      ...
    # Subtest: returns base when unit has no job_id
    ok 2 - returns base when unit has no job_id
      ---
      duration_ms: 0.347647
      type: 'test'
      ...
    # Subtest: returns base when job_id unrecognized
    ok 3 - returns base when job_id unrecognized
      ---
      duration_ms: 0.201398
      type: 'test'
      ...
    # Subtest: merges override on top of base (override wins per-key)
    ok 4 - merges override on top of base (override wins per-key)
      ---
      duration_ms: 0.223014
      type: 'test'
      ...
    # Subtest: tier without override returns base (e.g. veteran/captain not in bias)
    ok 5 - tier without override returns base (e.g. veteran/captain not in bias)
      ---
      duration_ms: 0.271811
      type: 'test'
      ...
    1..5
ok 654 - Phase B3 — _mergeJobBias helper
  ---
  duration_ms: 27.211708
  type: 'suite'
  ...
# Subtest: Phase B3 — applyPromotion consumes job_archetype_bias
    # Subtest: guerriero elite: hp_bonus=18 (override), atk=4
    ok 1 - guerriero elite: hp_bonus=18 (override), atk=4
      ---
      duration_ms: 0.601397
      type: 'test'
      ...
    # Subtest: esploratore elite: initiative=5 (override) + defense=1 (override)
    ok 2 - esploratore elite: initiative=5 (override) + defense=1 (override)
      ---
      duration_ms: 0.378876
      type: 'test'
      ...
    # Subtest: tessitore elite: ability_id_override applied
    ok 3 - tessitore elite: ability_id_override applied
      ---
      duration_ms: 0.391992
      type: 'test'
      ...
    # Subtest: custode elite: hp:20 + def:4 (override stack)
    ok 4 - custode elite: hp:20 + def:4 (override stack)
      ---
      duration_ms: 25.819158
      type: 'test'
      ...
    # Subtest: guerriero master: hp:30 + atk:5 (override) + crit:5 (base preserved)
    ok 5 - guerriero master: hp:30 + atk:5 (override) + crit:5 (base preserved)
      ---
      duration_ms: 0.522072
      type: 'test'
      ...
    # Subtest: esploratore master: crit:8 override
    ok 6 - esploratore master: crit:8 override
      ---
      duration_ms: 0.187062
      type: 'test'
      ...
    # Subtest: unknown job_id (mascalzone) gets base reward (graceful)
    ok 7 - unknown job_id (mascalzone) gets base reward (graceful)
      ---
      duration_ms: 0.140594
      type: 'test'
      ...
    1..7
ok 655 - Phase B3 — applyPromotion consumes job_archetype_bias
  ---
  duration_ms: 28.568572
  type: 'suite'
  ...
# Subtest: Phase B3 — evaluatePromotion surfaces Job-biased reward preview
    # Subtest: guerriero next_tier=elite preview shows override reward
    ok 1 - guerriero next_tier=elite preview shows override reward
      ---
      duration_ms: 0.700059
      type: 'test'
      ...
    # Subtest: unknown job preview shows base reward
    ok 2 - unknown job preview shows base reward
      ---
      duration_ms: 0.156081
      type: 'test'
      ...
    # Subtest: null reward when no rewards block defined
    ok 3 - null reward when no rewards block defined
      ---
      duration_ms: 25.061233
      type: 'test'
      ...
    1..3
ok 656 - Phase B3 — evaluatePromotion surfaces Job-biased reward preview
  ---
  duration_ms: 26.139856
  type: 'suite'
  ...
# Subtest: Phase B3 — _resolveSentienceTiers helper
    # Subtest: maps species_id → sentience_index from injected session catalog
    ok 1 - maps species_id → sentience_index from injected session catalog
      ---
      duration_ms: 18.209599
      type: 'test'
      ...
    # Subtest: unit with unknown species → T1 default fallback
    ok 2 - unit with unknown species → T1 default fallback
      ---
      duration_ms: 0.381631
      type: 'test'
      ...
    # Subtest: unit without species_id → T1 default fallback
    ok 3 - unit without species_id → T1 default fallback
      ---
      duration_ms: 0.332421
      type: 'test'
      ...
    # Subtest: unit.species (legacy field) also accepted
    ok 4 - unit.species (legacy field) also accepted
      ---
      duration_ms: 0.462183
      type: 'test'
      ...
    # Subtest: empty units array → empty result
    ok 5 - empty units array → empty result
      ---
      duration_ms: 15.36367
      type: 'test'
      ...
    # Subtest: null units → empty result
    ok 6 - null units → empty result
      ---
      duration_ms: 0.358896
      type: 'test'
      ...
    # Subtest: falls back to disk-loaded catalog when no session injection
    ok 7 - falls back to disk-loaded catalog when no session injection
      ---
      duration_ms: 2.718925
      type: 'test'
      ...
    1..7
ok 657 - Phase B3 — _resolveSentienceTiers helper
  ---
  duration_ms: 39.365061
  type: 'suite'
  ...
# Subtest: Phase B3 — buildVcSnapshot surfaces sentience per actor
    # Subtest: per_actor[uid].sentience populated for all units
    ok 1 - per_actor[uid].sentience populated for all units
      ---
      duration_ms: 12.649367
      type: 'test'
      ...
    # Subtest: per_actor preserves all 4 psicologico layers
    ok 2 - per_actor preserves all 4 psicologico layers
      ---
      duration_ms: 4.620465
      type: 'test'
      ...
    # Subtest: sentience layer additive — backward-compat existing consumers
    ok 3 - sentience layer additive — backward-compat existing consumers
      ---
      duration_ms: 0.452072
      type: 'test'
      ...
    1..3
ok 658 - Phase B3 — buildVcSnapshot surfaces sentience per actor
  ---
  duration_ms: 18.214254
  type: 'suite'
  ...
# Subtest: Phase B4 — _mergeJobThreshold helper
    # Subtest: returns base when no job_threshold_override in cfg
    ok 1 - returns base when no job_threshold_override in cfg
      ---
      duration_ms: 1.452463
      type: 'test'
      ...
    # Subtest: returns base when unit has no job_id
    ok 2 - returns base when unit has no job_id
      ---
      duration_ms: 0.235268
      type: 'test'
      ...
    # Subtest: returns base when job_id unrecognized
    ok 3 - returns base when job_id unrecognized
      ---
      duration_ms: 0.269372
      type: 'test'
      ...
    # Subtest: returns base when tier override absent (e.g. veteran/captain)
    ok 4 - returns base when tier override absent (e.g. veteran/captain)
      ---
      duration_ms: 3.722362
      type: 'test'
      ...
    # Subtest: null value DELETES base gate
    ok 5 - null value DELETES base gate
      ---
      duration_ms: 0.441514
      type: 'test'
      ...
    # Subtest: numeric override ADDS new gate metric (damage_taken_min)
    ok 6 - numeric override ADDS new gate metric (damage_taken_min)
      ---
      duration_ms: 0.180569
      type: 'test'
      ...
    1..6
ok 659 - Phase B4 — _mergeJobThreshold helper
  ---
  duration_ms: 16.865968
  type: 'suite'
  ...
# Subtest: Phase B4 — computeUnitMetrics damage_taken accumulator
    # Subtest: damage_taken aggregates from attack events targeting unit
    ok 1 - damage_taken aggregates from attack events targeting unit
      ---
      duration_ms: 0.665108
      type: 'test'
      ...
    # Subtest: damage_taken does NOT include self-attack (defensive)
    ok 2 - damage_taken does NOT include self-attack (defensive)
      ---
      duration_ms: 0.403618
      type: 'test'
      ...
    # Subtest: damage_taken zero when no incoming attacks
    ok 3 - damage_taken zero when no incoming attacks
      ---
      duration_ms: 0.342315
      type: 'test'
      ...
    1..3
ok 660 - Phase B4 — computeUnitMetrics damage_taken accumulator
  ---
  duration_ms: 1.974836
  type: 'suite'
  ...
# Subtest: Phase B4 — evaluatePromotion custode alt-path
    # Subtest: custode elite eligible via damage_taken_min (no assists needed)
    ok 1 - custode elite eligible via damage_taken_min (no assists needed)
      ---
      duration_ms: 20.97388
      type: 'test'
      ...
    # Subtest: custode elite BLOCKED when damage_taken below threshold
    ok 2 - custode elite BLOCKED when damage_taken below threshold
      ---
      duration_ms: 0.341865
      type: 'test'
      ...
    # Subtest: custode threshold preview excludes assists_min (deleted by override)
    ok 3 - custode threshold preview excludes assists_min (deleted by override)
      ---
      duration_ms: 0.263788
      type: 'test'
      ...
    # Subtest: guerriero unaffected by custode override (different job)
    ok 4 - guerriero unaffected by custode override (different job)
      ---
      duration_ms: 0.14652
      type: 'test'
      ...
    1..4
ok 661 - Phase B4 — evaluatePromotion custode alt-path
  ---
  duration_ms: 21.957748
  type: 'suite'
  ...
# Subtest: Phase B4 — custode master alt-path
    # Subtest: custode master requires damage_taken ≥ 75
    ok 1 - custode master requires damage_taken ≥ 75
      ---
      duration_ms: 0.229168
      type: 'test'
      ...
    1..1
ok 662 - Phase B4 — custode master alt-path
  ---
  duration_ms: 0.326274
  type: 'suite'
  ...
# [jwtAuth] AUTH_SECRET missing or too short (<16 chars); using dev fallback. NOT FOR PRODUCTION.
# {"component":"lobby-service","event":"create","ts":1778984775561,"code":"BCTG","host_id":"p_afd45452a03a","host_name":"Host","max_players":8,"campaign_id":null}
# {"component":"lobby-service","event":"join","ts":1778984775563,"code":"BCTG","player_id":"p_6133a4cd7f78","player_name":"P1","player_count":2}
# {"component":"lobby-service","event":"create","ts":1778984775839,"code":"BNGP","host_id":"p_3d6d3a3ff3a5","host_name":"Host","max_players":8,"campaign_id":null}
# {"component":"lobby-service","event":"join","ts":1778984775840,"code":"BNGP","player_id":"p_ee24e39a163d","player_name":"P1","player_count":2}
# {"component":"lobby-service","event":"join","ts":1778984775843,"code":"BNGP","player_id":"p_d896587b50f5","player_name":"P2","player_count":3}
# Subtest: B5-1: non-host phase msg rejected with error not_host
ok 663 - B5-1: non-host phase msg rejected with error not_host
  ---
  duration_ms: 320.31256
  type: 'test'
  ...
# {"component":"lobby-service","event":"create","ts":1778984775894,"code":"NHGN","host_id":"p_eebb725d1759","host_name":"Host","max_players":8,"campaign_id":null}
# {"component":"lobby-service","event":"join","ts":1778984775900,"code":"NHGN","player_id":"p_cc0d1efe4b93","player_name":"P1","player_count":2}
# Subtest: B5-2: host phase=character_creation broadcasts phase_change to ALL peers
ok 664 - B5-2: host phase=character_creation broadcasts phase_change to ALL peers
  ---
  duration_ms: 62.017784
  type: 'test'
  ...
# {"component":"lobby-service","event":"create","ts":1778984776032,"code":"FPHM","host_id":"p_6c406ddffa45","host_name":"Host","max_players":8,"campaign_id":null}
# {"component":"lobby-service","event":"join","ts":1778984776037,"code":"FPHM","player_id":"p_f2a8602a72e8","player_name":"P1","player_count":2}
# Subtest: B5-3: empty phase rejected with phase_invalid (host msg)
ok 665 - B5-3: empty phase rejected with phase_invalid (host msg)
  ---
  duration_ms: 134.061844
  type: 'test'
  ...
# {"component":"lobby-service","event":"create","ts":1778984776071,"code":"KPKF","host_id":"p_b78fbb2ea6c9","host_name":"Host","max_players":8,"campaign_id":null}
# {"component":"lobby-service","event":"join","ts":1778984776075,"code":"KPKF","player_id":"p_4c8f3dfd979a","player_name":"P1","player_count":2}
# Subtest: B5-4: non-whitelisted phase rejected with phase_invalid
ok 666 - B5-4: non-whitelisted phase rejected with phase_invalid
  ---
  duration_ms: 42.535794
  type: 'test'
  ...
# {"component":"lobby-service","event":"create","ts":1778984776128,"code":"WLTT","host_id":"p_c3f81297be7c","host_name":"Host","max_players":8,"campaign_id":null}
# {"component":"lobby-service","event":"join","ts":1778984776132,"code":"WLTT","player_id":"p_fc6c60b1151e","player_name":"P1","player_count":2}
# Subtest: B5-5: stateVersion monotonic across multiple phase transitions
ok 667 - B5-5: stateVersion monotonic across multiple phase transitions
  ---
  duration_ms: 45.41275
  type: 'test'
  ...
# Subtest: B5-6: B7 fix — character_creation phase auto-bootstraps coopOrchestrator
ok 668 - B5-6: B7 fix — character_creation phase auto-bootstraps coopOrchestrator
  ---
  duration_ms: 85.387242
  type: 'test'
  ...
# Subtest: predictCombat 8p: no NaN / Infinity in any prediction field
ok 669 - predictCombat 8p: no NaN / Infinity in any prediction field
  ---
  duration_ms: 12.650763
  type: 'test'
  ...
# Subtest: predictCombat 8p: hit% bands sane (mod 2-3 vs DC 14, expect 40-60%)
ok 670 - predictCombat 8p: hit% bands sane (mod 2-3 vs DC 14, expect 40-60%)
  ---
  duration_ms: 0.488738
  type: 'test'
  ...
# Subtest: predictCombat 8p aggregate: 8 attackers reduce boss HP 40 in finite turns
ok 671 - predictCombat 8p aggregate: 8 attackers reduce boss HP 40 in finite turns
  ---
  duration_ms: 0.431637
  type: 'test'
  ...
# Subtest: predictCombat 8p edge: boss mod 0 vs 8p high accuracy → ~95-100% hit
ok 672 - predictCombat 8p edge: boss mod 0 vs 8p high accuracy → ~95-100% hit
  ---
  duration_ms: 0.221925
  type: 'test'
  ...
# Subtest: predictCombat 8p edge: boss high DC vs 8p low mod → ~5-25% hit
ok 673 - predictCombat 8p edge: boss high DC vs 8p low mod → ~5-25% hit
  ---
  duration_ms: 0.28686
  type: 'test'
  ...
# Subtest: predictCombat 8p: evasion_bonus_bonus raises effective DC, lowers hit%
ok 674 - predictCombat 8p: evasion_bonus_bonus raises effective DC, lowers hit%
  ---
  duration_ms: 0.253114
  type: 'test'
  ...
# Subtest: predictCombat 8p: defense_mod_bonus + evasion_bonus_bonus stack additively on dc
ok 675 - predictCombat 8p: defense_mod_bonus + evasion_bonus_bonus stack additively on dc
  ---
  duration_ms: 17.237713
  type: 'test'
  ...
# Subtest: predictCombat 8p: attack_mod_bonus raises actor effective mod
ok 676 - predictCombat 8p: attack_mod_bonus raises actor effective mod
  ---
  duration_ms: 0.240134
  type: 'test'
  ...
# Subtest: predictCombat 8p: asymmetric boss→player vs player→boss
ok 677 - predictCombat 8p: asymmetric boss→player vs player→boss
  ---
  duration_ms: 0.566516
  type: 'test'
  ...
# Subtest: predictCombat 8p reverse: 8 enemies vs 1 tank — aggregate sane
ok 678 - predictCombat 8p reverse: 8 enemies vs 1 tank — aggregate sane
  ---
  duration_ms: 0.733492
  type: 'test'
  ...
# Subtest: predictCombat 8p: deterministic — same input → same output
ok 679 - predictCombat 8p: deterministic — same input → same output
  ---
  duration_ms: 15.222806
  type: 'test'
  ...
# [prisma] client non disponibile, uso stub in memoria DATABASE_URL non configurato
# unknown format "uri" ignored in schema at path "\#/properties/share_url/anyOf/1"
# unknown format "uri" ignored in schema at path "\#/properties/share_url/anyOf/1"
# [jobs] caricato /app/data/core/jobs.yaml: 8 base + 4 expansion = 12 job
# [plugin-loader] 8 plugins loaded: narrative, meta, tutorial, jobs, forms, progression, mutations, lineage
# [auth] nessun provider configurato: gli endpoint non sono protetti
# [trait-effects] 500 trait attivi caricati da /app/data/core/traits/active_effects.yaml
# [fairness] cap_pt_max=1 caricato da /app/data/packs.yaml
# [vc-scoring] telemetry config caricato: 6 indici, 4 MBTI, 9 Ennea
# [ai-profiles] caricato /app/packs/evo_tactics_pack/data/balance/ai_profiles.yaml: 7 profile, utility_brain ON: [aggressive, aggressive_with_stickiness, aggressive_sticky_30, aggressive_commit_window]
# Subtest: predictCombat: returns expected shape
ok 680 - predictCombat: returns expected shape
  ---
  duration_ms: 17.426218
  type: 'test'
  ...
# Subtest: predictCombat: hit% is correct for mod 3 vs DC 12
ok 681 - predictCombat: hit% is correct for mod 3 vs DC 12
  ---
  duration_ms: 0.445759
  type: 'test'
  ...
# Subtest: predictCombat: crit always 5% (nat 20)
ok 682 - predictCombat: crit always 5% (nat 20)
  ---
  duration_ms: 0.195163
  type: 'test'
  ...
# Subtest: predictCombat: fumble always 5% (nat 1)
ok 683 - predictCombat: fumble always 5% (nat 1)
  ---
  duration_ms: 0.16878
  type: 'test'
  ...
# Subtest: predictCombat: mod 0 vs DC 10 → 55% hit (rolls 10-20)
ok 684 - predictCombat: mod 0 vs DC 10 → 55% hit (rolls 10-20)
  ---
  duration_ms: 0.314015
  type: 'test'
  ...
# Subtest: predictCombat: avg_pt > 0 when hits occur
ok 685 - predictCombat: avg_pt > 0 when hits occur
  ---
  duration_ms: 0.239705
  type: 'test'
  ...
# Subtest: predictCombat: DC fallback when target has no dc
ok 686 - predictCombat: DC fallback when target has no dc
  ---
  duration_ms: 0.242726
  type: 'test'
  ...
# unknown format "uri" ignored in schema at path "\#/properties/share_url/anyOf/1"
# unknown format "uri" ignored in schema at path "\#/properties/share_url/anyOf/1"
# [jobs] caricato /app/data/core/jobs.yaml: 8 base + 4 expansion = 12 job
# [plugin-loader] 8 plugins loaded: narrative, meta, tutorial, jobs, forms, progression, mutations, lineage
# [auth] nessun provider configurato: gli endpoint non sono protetti
# [trait-effects] 500 trait attivi caricati da /app/data/core/traits/active_effects.yaml
# [fairness] cap_pt_max=1 caricato da /app/data/packs.yaml
# [vc-scoring] telemetry config caricato: 6 indici, 4 MBTI, 9 Ennea
# [ai-profiles] caricato /app/packs/evo_tactics_pack/data/balance/ai_profiles.yaml: 7 profile, utility_brain ON: [aggressive, aggressive_with_stickiness, aggressive_sticky_30, aggressive_commit_window]
# Subtest: POST /api/session/predict returns prediction for valid session
ok 687 - POST /api/session/predict returns prediction for valid session
  ---
  duration_ms: 2311.959276
  type: 'test'
  ...
# Subtest: POST /api/session/predict returns 400 for missing actor
ok 688 - POST /api/session/predict returns 400 for missing actor
  ---
  duration_ms: 1145.578212
  type: 'test'
  ...
# Subtest: combat schema accepts pt_spend with type spinta
ok 689 - combat schema accepts pt_spend with type spinta
  ---
  duration_ms: 106.314462
  type: 'test'
  ...
# Subtest: applyProgressionToUnits: no progression state → skip
ok 690 - applyProgressionToUnits: no progression state → skip
  ---
  duration_ms: 196.269545
  type: 'test'
  ...
# Subtest: applyProgressionToUnits: stat_bonus AP applied additively
ok 691 - applyProgressionToUnits: stat_bonus AP applied additively
  ---
  duration_ms: 1.327469
  type: 'test'
  ...
# Subtest: applyProgressionToUnits: idempotent (double call no-op)
ok 692 - applyProgressionToUnits: idempotent (double call no-op)
  ---
  duration_ms: 0.563228
  type: 'test'
  ...
# Subtest: applyProgressionToUnits: attaches _perk_passives + _perk_ability_mods
ok 693 - applyProgressionToUnits: attaches _perk_passives + _perk_ability_mods
  ---
  duration_ms: 0.634082
  type: 'test'
  ...
# Subtest: applyProgressionToUnits: sistema units skipped
ok 694 - applyProgressionToUnits: sistema units skipped
  ---
  duration_ms: 0.321613
  type: 'test'
  ...
# Subtest: computePerkDamageBonus: flank_bonus fires when ally adjacent to target
ok 695 - computePerkDamageBonus: flank_bonus fires when ally adjacent to target
  ---
  duration_ms: 0.602907
  type: 'test'
  ...
# Subtest: computePerkDamageBonus: flank_bonus skips when no ally adjacent
ok 696 - computePerkDamageBonus: flank_bonus skips when no ally adjacent
  ---
  duration_ms: 0.322131
  type: 'test'
  ...
# Subtest: computePerkDamageBonus: first_strike_bonus only on first strike
ok 697 - computePerkDamageBonus: first_strike_bonus only on first strike
  ---
  duration_ms: 0.262964
  type: 'test'
  ...
# Subtest: computePerkDamageBonus: execution_bonus fires when target < threshold HP
ok 698 - computePerkDamageBonus: execution_bonus fires when target < threshold HP
  ---
  duration_ms: 0.558276
  type: 'test'
  ...
# Subtest: computePerkDamageBonus: isolated_target_bonus when target alone
ok 699 - computePerkDamageBonus: isolated_target_bonus when target alone
  ---
  duration_ms: 0.660435
  type: 'test'
  ...
# Subtest: computePerkDamageBonus: long_range_bonus when distance >= min_distance
ok 700 - computePerkDamageBonus: long_range_bonus when distance >= min_distance
  ---
  duration_ms: 0.338989
  type: 'test'
  ...
# Subtest: computePerkDamageBonus: zero passives returns 0 bonus
ok 701 - computePerkDamageBonus: zero passives returns 0 bonus
  ---
  duration_ms: 0.144164
  type: 'test'
  ...
# Subtest: grantXpToSurvivors: grants XP to alive players, skips dead + sistema
ok 702 - grantXpToSurvivors: grants XP to alive players, skips dead + sistema
  ---
  duration_ms: 0.525092
  type: 'test'
  ...
# Subtest: grantXpToSurvivors: auto-seed when unit not in store
ok 703 - grantXpToSurvivors: auto-seed when unit not in store
  ---
  duration_ms: 0.32013
  type: 'test'
  ...
# Subtest: grantXpToSurvivors: zero amount → no-op
ok 704 - grantXpToSurvivors: zero amount → no-op
  ---
  duration_ms: 0.17649
  type: 'test'
  ...
# Subtest: grantXpToSurvivors: campaignId scopes grant
ok 705 - grantXpToSurvivors: campaignId scopes grant
  ---
  duration_ms: 0.394947
  type: 'test'
  ...
# Subtest: no perk build exceeds stat-specific cap (non-degenerate build guard)
ok 706 - no perk build exceeds stat-specific cap (non-degenerate build guard)
  ---
  duration_ms: 185.485661
  type: 'test'
  ...
# Subtest: aggregate |sum| of all stat bonuses in any build ≤ 20
ok 707 - aggregate |sum| of all stat bonuses in any build ≤ 20
  ---
  duration_ms: 39.227821
  type: 'test'
  ...
# Subtest: every perk has valid effect schema (stat_bonus | ability_mod | passive)
ok 708 - every perk has valid effect schema (stat_bonus | ability_mod | passive)
  ---
  duration_ms: 5.705358
  type: 'test'
  ...
# Subtest: passive tags coverage: 5 runtime-wired tags exist somewhere in perks.yaml
ok 709 - passive tags coverage: 5 runtime-wired tags exist somewhere in perks.yaml
  ---
  duration_ms: 0.645625
  type: 'test'
  ...
# Subtest: computeLevel maps XP to correct level
ok 710 - computeLevel maps XP to correct level
  ---
  duration_ms: 10.783639
  type: 'test'
  ...
# Subtest: ProgressionEngine seed + applyXp chains into level up
ok 711 - ProgressionEngine seed + applyXp chains into level up
  ---
  duration_ms: 142.043161
  type: 'test'
  ...
# Subtest: applyXp caps at max_level
ok 712 - applyXp caps at max_level
  ---
  duration_ms: 8.577394
  type: 'test'
  ...
# Subtest: pendingLevelUps lists unpicked levels only
ok 713 - pendingLevelUps lists unpicked levels only
  ---
  duration_ms: 0.775949
  type: 'test'
  ...
# Subtest: pickPerk rejects invalid choice + duplicate + below-level
ok 714 - pickPerk rejects invalid choice + duplicate + below-level
  ---
  duration_ms: 0.745878
  type: 'test'
  ...
# Subtest: pickPerk records id + choice + appends
ok 715 - pickPerk records id + choice + appends
  ---
  duration_ms: 0.287153
  type: 'test'
  ...
# Subtest: effectiveStats sums stat_bonus additively
ok 716 - effectiveStats sums stat_bonus additively
  ---
  duration_ms: 8.018815
  type: 'test'
  ...
# Subtest: listPassives returns tag + payload + source
ok 717 - listPassives returns tag + payload + source
  ---
  duration_ms: 0.333945
  type: 'test'
  ...
# Subtest: listAbilityMods returns delta per ability
ok 718 - listAbilityMods returns delta per ability
  ---
  duration_ms: 0.822845
  type: 'test'
  ...
# Subtest: getPerkPair returns a+b for each job×level
ok 719 - getPerkPair returns a+b for each job×level
  ---
  duration_ms: 0.746466
  type: 'test'
  ...
# Subtest: snapshot exposes jobs + thresholds
ok 720 - snapshot exposes jobs + thresholds
  ---
  duration_ms: 0.326604
  type: 'test'
  ...
# Subtest: all 7 jobs have perks for levels 2-7 (14 perks each, 98 total)
ok 721 - all 7 jobs have perks for levels 2-7 (14 perks each, 98 total)
  ---
  duration_ms: 0.350614
  type: 'test'
  ...
# Subtest: all perk ids are globally unique
ok 722 - all perk ids are globally unique
  ---
  duration_ms: 0.388672
  type: 'test'
  ...
# Subtest: getHybridConfig: returns top-level defaults
ok 723 - getHybridConfig: returns top-level defaults
  ---
  duration_ms: 0.260237
  type: 'test'
  ...
# Subtest: getHybridConfig: per-level override beats default
ok 724 - getHybridConfig: per-level override beats default
  ---
  duration_ms: 0.188988
  type: 'test'
  ...
# Subtest: getHybridConfig: missing hybrid_path falls back to hardcoded defaults
ok 725 - getHybridConfig: missing hybrid_path falls back to hardcoded defaults
  ---
  duration_ms: 0.121406
  type: 'test'
  ...
# Subtest: scaleEffect: stat_bonus amounts scaled and rounded
ok 726 - scaleEffect: stat_bonus amounts scaled and rounded
  ---
  duration_ms: 0.237836
  type: 'test'
  ...
# Subtest: scaleEffect: ability_mod delta scaled (no rounding for floats)
ok 727 - scaleEffect: ability_mod delta scaled (no rounding for floats)
  ---
  duration_ms: 0.166253
  type: 'test'
  ...
# Subtest: scaleEffect: passive payload pass-through (no scaling)
ok 728 - scaleEffect: passive payload pass-through (no scaling)
  ---
  duration_ms: 0.205164
  type: 'test'
  ...
# Subtest: scaleEffect: factor=1 returns same object reference
ok 729 - scaleEffect: factor=1 returns same object reference
  ---
  duration_ms: 0.132793
  type: 'test'
  ...
# Subtest: pickPerk hybrid: requires available_pi >= cost_pi
ok 730 - pickPerk hybrid: requires available_pi >= cost_pi
  ---
  duration_ms: 3.183504
  type: 'test'
  ...
# Subtest: pickPerk hybrid: happy path emits combined record
ok 731 - pickPerk hybrid: happy path emits combined record
  ---
  duration_ms: 0.230166
  type: 'test'
  ...
# Subtest: pickPerk hybrid: rejected if level already picked (any choice)
ok 732 - pickPerk hybrid: rejected if level already picked (any choice)
  ---
  duration_ms: 0.365457
  type: 'test'
  ...
# Subtest: pickPerk normal: accepts a or b but rejects unknown
ok 733 - pickPerk normal: accepts a or b but rejects unknown
  ---
  duration_ms: 0.297933
  type: 'test'
  ...
# Subtest: effectiveStats with hybrid pick: scales stat_bonus by partial_factor
ok 734 - effectiveStats with hybrid pick: scales stat_bonus by partial_factor
  ---
  duration_ms: 0.395259
  type: 'test'
  ...
# Subtest: effectiveStats hybrid vs single: hybrid yields half-each-stacked = full single
ok 735 - effectiveStats hybrid vs single: hybrid yields half-each-stacked = full single
  ---
  duration_ms: 0.442592
  type: 'test'
  ...
# Subtest: listPassives with hybrid: emits both perk passives
ok 736 - listPassives with hybrid: emits both perk passives
  ---
  duration_ms: 0.266743
  type: 'test'
  ...
# Subtest: GET /registry exposes thresholds + jobs
ok 737 - GET /registry exposes thresholds + jobs
  ---
  duration_ms: 141.581471
  type: 'test'
  ...
# Subtest: GET /jobs/:jobId/perks 200 + 404 for unknown
ok 738 - GET /jobs/:jobId/perks 200 + 404 for unknown
  ---
  duration_ms: 36.538063
  type: 'test'
  ...
# Subtest: POST /seed creates unit progression
ok 739 - POST /seed creates unit progression
  ---
  duration_ms: 28.965758
  type: 'test'
  ...
# Subtest: POST /seed: unknown job = 400
ok 740 - POST /seed: unknown job = 400
  ---
  duration_ms: 11.300993
  type: 'test'
  ...
# Subtest: POST /xp grants + levels up + returns pending
ok 741 - POST /xp grants + levels up + returns pending
  ---
  duration_ms: 25.264782
  type: 'test'
  ...
# Subtest: POST /pick validates + persists
ok 742 - POST /pick validates + persists
  ---
  duration_ms: 40.60191
  type: 'test'
  ...
# Subtest: POST /pick: invalid choice = 400
ok 743 - POST /pick: invalid choice = 400
  ---
  duration_ms: 30.06836
  type: 'test'
  ...
# Subtest: GET /:unitId/effective returns stats + passives + mods
ok 744 - GET /:unitId/effective returns stats + passives + mods
  ---
  duration_ms: 24.174812
  type: 'test'
  ...
# Subtest: GET /:unitId 404 when not seeded
ok 745 - GET /:unitId 404 when not seeded
  ---
  duration_ms: 5.19555
  type: 'test'
  ...
# Subtest: DELETE /campaign/:id clears scope only
ok 746 - DELETE /campaign/:id clears scope only
  ---
  duration_ms: 19.511091
  type: 'test'
  ...
# Subtest: campaign scope isolation: same unit_id in different campaigns
ok 747 - campaign scope isolation: same unit_id in different campaigns
  ---
  duration_ms: 47.177968
  type: 'test'
  ...
# Subtest: POST /pick choice=hybrid: happy path returns 200 + pi_cost + dual perk_ids
ok 748 - POST /pick choice=hybrid: happy path returns 200 + pi_cost + dual perk_ids
  ---
  duration_ms: 42.868284
  type: 'test'
  ...
# Subtest: POST /pick choice=hybrid: insufficient PI returns 402
ok 749 - POST /pick choice=hybrid: insufficient PI returns 402
  ---
  duration_ms: 13.68347
  type: 'test'
  ...
# Subtest: POST /pick choice=invalid: returns 400 listing all 3 valid choices
ok 750 - POST /pick choice=invalid: returns 400 listing all 3 valid choices
  ---
  duration_ms: 20.538981
  type: 'test'
  ...
# Subtest: POST /pick: hybrid then attempting same level again → 409
ok 751 - POST /pick: hybrid then attempting same level again → 409
  ---
  duration_ms: 28.147334
  type: 'test'
  ...
# Subtest: POST /pick: GET /effective after hybrid scales bonuses correctly
ok 752 - POST /pick: GET /effective after hybrid scales bonuses correctly
  ---
  duration_ms: 33.204533
  type: 'test'
  ...
# Subtest: OD-025-B2 — JS FALLBACK_CONFIG v0.2.0 shape
    # Subtest: version bumped to 0.2.0-fallback
    ok 1 - version bumped to 0.2.0-fallback
      ---
      duration_ms: 5.970278
      type: 'test'
      ...
    # Subtest: tier_ladder is 5-tier base→master
    ok 2 - tier_ladder is 5-tier base→master
      ---
      duration_ms: 1.089389
      type: 'test'
      ...
    # Subtest: thresholds include elite + master tier
    ok 3 - thresholds include elite + master tier
      ---
      duration_ms: 0.205402
      type: 'test'
      ...
    # Subtest: elite reward has defense_mod_bonus (NEW stat)
    ok 4 - elite reward has defense_mod_bonus (NEW stat)
      ---
      duration_ms: 0.220229
      type: 'test'
      ...
    # Subtest: master reward has crit_chance_bonus + defense_mod_bonus
    ok 5 - master reward has crit_chance_bonus + defense_mod_bonus
      ---
      duration_ms: 0.5552
      type: 'test'
      ...
    1..5
ok 753 - OD-025-B2 — JS FALLBACK_CONFIG v0.2.0 shape
  ---
  duration_ms: 9.402839
  type: 'suite'
  ...
# Subtest: OD-025-B2 — cross-stack parity vs Godot v2 promotions.json
    # Subtest: Godot v2 promotions.json version matches JS fallback major.minor
    ok 1 - Godot v2 promotions.json version matches JS fallback major.minor
      ---
      duration_ms: 0.426003
      type: 'test'
      ...
    # Subtest: tier_ladder identical Godot v2 ↔ JS fallback
    ok 2 - tier_ladder identical Godot v2 ↔ JS fallback
      ---
      duration_ms: 0.434605
      type: 'test'
      ...
    # Subtest: thresholds identical Godot v2 ↔ JS fallback
    ok 3 - thresholds identical Godot v2 ↔ JS fallback
      ---
      duration_ms: 0.563977
      type: 'test'
      ...
    # Subtest: rewards identical Godot v2 ↔ JS fallback
    ok 4 - rewards identical Godot v2 ↔ JS fallback
      ---
      duration_ms: 0.542339
      type: 'test'
      ...
    1..4
ok 754 - OD-025-B2 — cross-stack parity vs Godot v2 promotions.json
  ---
  duration_ms: 2.500629
  type: 'suite'
  ...
# Subtest: OD-025-B2 — apply_promotion respects new reward stats
    # Subtest: elite promotion applies defense_mod_bonus = 2
    ok 1 - elite promotion applies defense_mod_bonus = 2
      ---
      duration_ms: 0.603813
      type: 'test'
      ...
    # Subtest: master promotion applies crit_chance_bonus = 5
    ok 2 - master promotion applies crit_chance_bonus = 5
      ---
      duration_ms: 1.439385
      type: 'test'
      ...
    # Subtest: skip-tier rejected (captain → master direct)
    ok 3 - skip-tier rejected (captain → master direct)
      ---
      duration_ms: 0.203075
      type: 'test'
      ...
    1..3
ok 755 - OD-025-B2 — apply_promotion respects new reward stats
  ---
  duration_ms: 2.447388
  type: 'suite'
  ...
# [prisma] client non disponibile, uso stub in memoria DATABASE_URL non configurato
# unknown format "uri" ignored in schema at path "\#/properties/share_url/anyOf/1"
# unknown format "uri" ignored in schema at path "\#/properties/share_url/anyOf/1"
# [jobs] caricato /app/data/core/jobs.yaml: 8 base + 4 expansion = 12 job
# [plugin-loader] 8 plugins loaded: narrative, meta, tutorial, jobs, forms, progression, mutations, lineage
# [auth] nessun provider configurato: gli endpoint non sono protetti
# [trait-effects] 500 trait attivi caricati da /app/data/core/traits/active_effects.yaml
# [fairness] cap_pt_max=1 caricato da /app/data/packs.yaml
# [vc-scoring] telemetry config caricato: 6 indici, 4 MBTI, 9 Ennea
# [ai-profiles] caricato /app/packs/evo_tactics_pack/data/balance/ai_profiles.yaml: 7 profile, utility_brain ON: [aggressive, aggressive_with_stickiness, aggressive_sticky_30, aggressive_commit_window]
# unknown format "uri" ignored in schema at path "\#/properties/share_url/anyOf/1"
# unknown format "uri" ignored in schema at path "\#/properties/share_url/anyOf/1"
# [jobs] caricato /app/data/core/jobs.yaml: 8 base + 4 expansion = 12 job
# [plugin-loader] 8 plugins loaded: narrative, meta, tutorial, jobs, forms, progression, mutations, lineage
# [auth] nessun provider configurato: gli endpoint non sono protetti
# [trait-effects] 500 trait attivi caricati da /app/data/core/traits/active_effects.yaml
# [fairness] cap_pt_max=1 caricato da /app/data/packs.yaml
# [vc-scoring] telemetry config caricato: 6 indici, 4 MBTI, 9 Ennea
# [ai-profiles] caricato /app/packs/evo_tactics_pack/data/balance/ai_profiles.yaml: 7 profile, utility_brain ON: [aggressive, aggressive_with_stickiness, aggressive_sticky_30, aggressive_commit_window]
# Subtest: GET /:id/promotion-eligibility returns array with player units at base tier
ok 756 - GET /:id/promotion-eligibility returns array with player units at base tier
  ---
  duration_ms: 2478.040743
  type: 'test'
  ...
# unknown format "uri" ignored in schema at path "\#/properties/share_url/anyOf/1"
# unknown format "uri" ignored in schema at path "\#/properties/share_url/anyOf/1"
# [jobs] caricato /app/data/core/jobs.yaml: 8 base + 4 expansion = 12 job
# [plugin-loader] 8 plugins loaded: narrative, meta, tutorial, jobs, forms, progression, mutations, lineage
# [auth] nessun provider configurato: gli endpoint non sono protetti
# [trait-effects] 500 trait attivi caricati da /app/data/core/traits/active_effects.yaml
# [fairness] cap_pt_max=1 caricato da /app/data/packs.yaml
# [vc-scoring] telemetry config caricato: 6 indici, 4 MBTI, 9 Ennea
# [ai-profiles] caricato /app/packs/evo_tactics_pack/data/balance/ai_profiles.yaml: 7 profile, utility_brain ON: [aggressive, aggressive_with_stickiness, aggressive_sticky_30, aggressive_commit_window]
# Subtest: POST /:id/promote rejects when missing fields
ok 757 - POST /:id/promote rejects when missing fields
  ---
  duration_ms: 1173.892628
  type: 'test'
  ...
# unknown format "uri" ignored in schema at path "\#/properties/share_url/anyOf/1"
# unknown format "uri" ignored in schema at path "\#/properties/share_url/anyOf/1"
# [jobs] caricato /app/data/core/jobs.yaml: 8 base + 4 expansion = 12 job
# [plugin-loader] 8 plugins loaded: narrative, meta, tutorial, jobs, forms, progression, mutations, lineage
# [auth] nessun provider configurato: gli endpoint non sono protetti
# [trait-effects] 500 trait attivi caricati da /app/data/core/traits/active_effects.yaml
# [fairness] cap_pt_max=1 caricato da /app/data/packs.yaml
# [vc-scoring] telemetry config caricato: 6 indici, 4 MBTI, 9 Ennea
# [ai-profiles] caricato /app/packs/evo_tactics_pack/data/balance/ai_profiles.yaml: 7 profile, utility_brain ON: [aggressive, aggressive_with_stickiness, aggressive_sticky_30, aggressive_commit_window]
# Subtest: POST /:id/promote rejects unknown unit with 404
ok 758 - POST /:id/promote rejects unknown unit with 404
  ---
  duration_ms: 1088.589135
  type: 'test'
  ...
# unknown format "uri" ignored in schema at path "\#/properties/share_url/anyOf/1"
# unknown format "uri" ignored in schema at path "\#/properties/share_url/anyOf/1"
# [jobs] caricato /app/data/core/jobs.yaml: 8 base + 4 expansion = 12 job
# [plugin-loader] 8 plugins loaded: narrative, meta, tutorial, jobs, forms, progression, mutations, lineage
# [auth] nessun provider configurato: gli endpoint non sono protetti
# [trait-effects] 500 trait attivi caricati da /app/data/core/traits/active_effects.yaml
# [fairness] cap_pt_max=1 caricato da /app/data/packs.yaml
# [vc-scoring] telemetry config caricato: 6 indici, 4 MBTI, 9 Ennea
# [ai-profiles] caricato /app/packs/evo_tactics_pack/data/balance/ai_profiles.yaml: 7 profile, utility_brain ON: [aggressive, aggressive_with_stickiness, aggressive_sticky_30, aggressive_commit_window]
# Subtest: POST /:id/promote rejects when not eligible (no kills accumulated)
ok 759 - POST /:id/promote rejects when not eligible (no kills accumulated)
  ---
  duration_ms: 991.69196
  type: 'test'
  ...
# Subtest: POST /:id/promote returns 404 unknown session
ok 760 - POST /:id/promote returns 404 unknown session
  ---
  duration_ms: 845.713079
  type: 'test'
  ...
# Subtest: promotionEngine file exists with non-trivial implementation
ok 761 - promotionEngine file exists with non-trivial implementation
  ---
  duration_ms: 5.666515
  type: 'test'
  ...
# Subtest: promotionEngine exports canonical 7-function surface
ok 762 - promotionEngine exports canonical 7-function surface
  ---
  duration_ms: 64.65195
  type: 'test'
  ...
# Subtest: evaluatePromotion + applyPromotion happy path (FALLBACK_CONFIG)
ok 763 - evaluatePromotion + applyPromotion happy path (FALLBACK_CONFIG)
  ---
  duration_ms: 28.92905
  type: 'test'
  ...
# Subtest: session.js routes wire promotion endpoints (NOT orphan)
ok 764 - session.js routes wire promotion endpoints (NOT orphan)
  ---
  duration_ms: 6.472064
  type: 'test'
  ...
# Subtest: FALLBACK_CONFIG has canonical 5-tier ladder (post OD-025-B2)
ok 765 - FALLBACK_CONFIG has canonical 5-tier ladder (post OD-025-B2)
  ---
  duration_ms: 1.189877
  type: 'test'
  ...
