// Vitest Snapshot v1, https://vitest.dev/guide/snapshot.html

exports[`Generation flow orchestrato > renderizza il blueprint orchestrato 1`] = `
"<section data-v-73eb6eb5="" class="species-panel">
  <header data-v-73eb6eb5="" class="species-panel__header">
    <h2 data-v-73eb6eb5="" class="species-panel__title">Predatore Snapshot / Scheletro Idro-Regolante</h2>
    <p data-v-73eb6eb5="" class="species-panel__summary">Artigli a Sette Vie, Coda a Frusta Cinetica, Scheletro Idro-Regolante</p>
  </header>
  <article data-v-73eb6eb5="" class="species-panel__description">
    <p data-v-73eb6eb5="">Sintesi genetica focalizzata su Artigli a Sette Vie e Coda a Frusta Cinetica con impronta morfologica defensive, locomotor, omeostatico, prehensile, structural; comportamento climber. Ottimizzata per biomi: caverna_risonante.</p>
  </article>
  <section data-v-73eb6eb5="" class="species-panel__traits">
    <h3 data-v-73eb6eb5="">Tratti fondamentali</h3>
    <ul data-v-73eb6eb5="" class="species-panel__trait-list">
      <li data-v-73eb6eb5="">artigli_sette_vie</li>
      <li data-v-73eb6eb5="">coda_frusta_cinetica</li>
      <li data-v-73eb6eb5="">scheletro_idro_regolante</li>
    </ul>
  </section>
  <section data-v-73eb6eb5="" class="species-panel__traits">
    <h3 data-v-73eb6eb5="">Tratti derivati</h3>
    <ul data-v-73eb6eb5="" class="species-panel__trait-list species-panel__trait-list--derived">
      <li data-v-73eb6eb5="">artigli_sette_vie</li>
      <li data-v-73eb6eb5="">sacche_galleggianti_ascensoriali</li>
      <li data-v-73eb6eb5="">struttura_elastica_amorfa</li>
    </ul>
  </section>
  <section data-v-73eb6eb5="" class="species-panel__adaptations">
    <h3 data-v-73eb6eb5="">Adattamenti</h3>
    <ul data-v-73eb6eb5="">
      <li data-v-73eb6eb5="">Dita lunghe e segmentate con punte a uncino multiplo.</li>
      <li data-v-73eb6eb5="">Precauzione: Angoli di presa limitati se la superficie è perfettamente liscia.</li>
      <li data-v-73eb6eb5="">Muscolatura della coda densa con tendini e fibre che agiscono come molle.</li>
      <li data-v-73eb6eb5="">Precauzione: Richiede un periodo di inattività o movimento preparatorio per massimizzare il danno.</li>
      <li data-v-73eb6eb5="">Struttura ossea porosa capace di scambio rapido di fluidi.</li>
      <li data-v-73eb6eb5="">Precauzione: Vulnerabilità a veleni o malattie che attaccano direttamente il sistema circolatorio.</li>
    </ul>
  </section>
  <section data-v-73eb6eb5="" class="species-panel__behavior">
    <h3 data-v-73eb6eb5="">Comportamento</h3>
    <p data-v-73eb6eb5="">climber</p>
  </section>
  <section data-v-73eb6eb5="" class="species-panel__statistics">
    <h3 data-v-73eb6eb5="">Statistiche</h3>
    <dl data-v-73eb6eb5="">
      <div data-v-73eb6eb5="" class="species-panel__stat">
        <dt data-v-73eb6eb5="">Minaccia</dt>
        <dd data-v-73eb6eb5="">T1</dd>
      </div>
      <div data-v-73eb6eb5="" class="species-panel__stat">
        <dt data-v-73eb6eb5="">Rarità</dt>
        <dd data-v-73eb6eb5="">R1</dd>
      </div>
      <div data-v-73eb6eb5="" class="species-panel__stat">
        <dt data-v-73eb6eb5="">Energia</dt>
        <dd data-v-73eb6eb5="">medio</dd>
      </div>
      <div data-v-73eb6eb5="" class="species-panel__stat">
        <dt data-v-73eb6eb5="">Sinergia</dt>
        <dd data-v-73eb6eb5="">17%</dd>
      </div>
    </dl>
  </section>
</section>"
`;
